Archive member included to satisfy reference by file (symbol)

/usr/lib/gcc/arm-none-eabi/10.3.1/thumb/v7e-m+fp/hard/libgcc.a(unwind-arm.o)
                              build/main.o (__aeabi_unwind_cpp_pr0)
/usr/lib/gcc/arm-none-eabi/10.3.1/thumb/v7e-m+fp/hard/libgcc.a(libunwind.o)
                              /usr/lib/gcc/arm-none-eabi/10.3.1/thumb/v7e-m+fp/hard/libgcc.a(unwind-arm.o) (restore_core_regs)
/usr/lib/gcc/arm-none-eabi/10.3.1/thumb/v7e-m+fp/hard/libgcc.a(pr-support.o)
                              /usr/lib/gcc/arm-none-eabi/10.3.1/thumb/v7e-m+fp/hard/libgcc.a(unwind-arm.o) (__gnu_unwind_execute)
/usr/lib/gcc/arm-none-eabi/10.3.1/../../../arm-none-eabi/lib/thumb/v7e-m+fp/hard/librdimon_nano.a(rdimon-syscalls.o)
                              /usr/lib/gcc/arm-none-eabi/10.3.1/../../../arm-none-eabi/lib/thumb/v7e-m+fp/hard/rdimon-crt0.o (initialise_monitor_handles)
/usr/lib/gcc/arm-none-eabi/10.3.1/../../../arm-none-eabi/lib/thumb/v7e-m+fp/hard/libstdc++_nano.a(del_ops.o)
                              build/app.o (operator delete(void*, unsigned int))
/usr/lib/gcc/arm-none-eabi/10.3.1/../../../arm-none-eabi/lib/thumb/v7e-m+fp/hard/libstdc++_nano.a(eh_arm.o)
                              build/app.o (__cxa_end_cleanup)
/usr/lib/gcc/arm-none-eabi/10.3.1/../../../arm-none-eabi/lib/thumb/v7e-m+fp/hard/libstdc++_nano.a(eh_exception.o)
                              /usr/lib/gcc/arm-none-eabi/10.3.1/../../../arm-none-eabi/lib/thumb/v7e-m+fp/hard/libstdc++_nano.a(eh_arm.o) (typeinfo for __cxxabiv1::__forced_unwind)
/usr/lib/gcc/arm-none-eabi/10.3.1/../../../arm-none-eabi/lib/thumb/v7e-m+fp/hard/libstdc++_nano.a(eh_globals.o)
                              /usr/lib/gcc/arm-none-eabi/10.3.1/../../../arm-none-eabi/lib/thumb/v7e-m+fp/hard/libstdc++_nano.a(eh_arm.o) (__cxa_get_globals)
/usr/lib/gcc/arm-none-eabi/10.3.1/../../../arm-none-eabi/lib/thumb/v7e-m+fp/hard/libstdc++_nano.a(eh_personality.o)
                              build/app.o (__gxx_personality_v0)
/usr/lib/gcc/arm-none-eabi/10.3.1/../../../arm-none-eabi/lib/thumb/v7e-m+fp/hard/libstdc++_nano.a(eh_terminate.o)
                              /usr/lib/gcc/arm-none-eabi/10.3.1/../../../arm-none-eabi/lib/thumb/v7e-m+fp/hard/libstdc++_nano.a(eh_arm.o) (std::terminate())
/usr/lib/gcc/arm-none-eabi/10.3.1/../../../arm-none-eabi/lib/thumb/v7e-m+fp/hard/libstdc++_nano.a(eh_unex_handler.o)
                              /usr/lib/gcc/arm-none-eabi/10.3.1/../../../arm-none-eabi/lib/thumb/v7e-m+fp/hard/libstdc++_nano.a(eh_terminate.o) (__cxxabiv1::__unexpected_handler)
/usr/lib/gcc/arm-none-eabi/10.3.1/../../../arm-none-eabi/lib/thumb/v7e-m+fp/hard/libstdc++_nano.a(new_op.o)
                              build/app.o (operator new(unsigned int))
/usr/lib/gcc/arm-none-eabi/10.3.1/../../../arm-none-eabi/lib/thumb/v7e-m+fp/hard/libstdc++_nano.a(pure.o)
                              /usr/lib/gcc/arm-none-eabi/10.3.1/../../../arm-none-eabi/lib/thumb/v7e-m+fp/hard/libstdc++_nano.a(eh_exception.o) (__cxa_pure_virtual)
/usr/lib/gcc/arm-none-eabi/10.3.1/../../../arm-none-eabi/lib/thumb/v7e-m+fp/hard/libstdc++_nano.a(si_class_type_info.o)
                              /usr/lib/gcc/arm-none-eabi/10.3.1/../../../arm-none-eabi/lib/thumb/v7e-m+fp/hard/libstdc++_nano.a(eh_exception.o) (vtable for __cxxabiv1::__si_class_type_info)
/usr/lib/gcc/arm-none-eabi/10.3.1/../../../arm-none-eabi/lib/thumb/v7e-m+fp/hard/libstdc++_nano.a(tinfo.o)
                              /usr/lib/gcc/arm-none-eabi/10.3.1/../../../arm-none-eabi/lib/thumb/v7e-m+fp/hard/libstdc++_nano.a(si_class_type_info.o) (std::type_info::__is_pointer_p() const)
/usr/lib/gcc/arm-none-eabi/10.3.1/../../../arm-none-eabi/lib/thumb/v7e-m+fp/hard/libstdc++_nano.a(functexcept.o)
                              build/app.o (std::__throw_bad_alloc())
/usr/lib/gcc/arm-none-eabi/10.3.1/../../../arm-none-eabi/lib/thumb/v7e-m+fp/hard/libstdc++_nano.a(snprintf_lite.o)
                              /usr/lib/gcc/arm-none-eabi/10.3.1/../../../arm-none-eabi/lib/thumb/v7e-m+fp/hard/libstdc++_nano.a(functexcept.o) (__gnu_cxx::__snprintf_lite(char*, unsigned int, char const*, std::__va_list))
/usr/lib/gcc/arm-none-eabi/10.3.1/../../../arm-none-eabi/lib/thumb/v7e-m+fp/hard/libstdc++_nano.a(string-inst.o)
                              build/app.o (std::__cxx11::basic_string<char, std::char_traits<char>, std::allocator<char> >::_M_create(unsigned int&, unsigned int))
/usr/lib/gcc/arm-none-eabi/10.3.1/../../../arm-none-eabi/lib/thumb/v7e-m+fp/hard/libstdc++_nano.a(class_type_info.o)
                              /usr/lib/gcc/arm-none-eabi/10.3.1/../../../arm-none-eabi/lib/thumb/v7e-m+fp/hard/libstdc++_nano.a(si_class_type_info.o) (__cxxabiv1::__class_type_info::__do_upcast(__cxxabiv1::__class_type_info const*, void**) const)
/usr/lib/gcc/arm-none-eabi/10.3.1/../../../arm-none-eabi/lib/thumb/v7e-m+fp/hard/libstdc++_nano.a(del_op.o)
[...]
Memory Configuration

Name             Origin             Length             Attributes
RAM              0x0000000020000000 0x0000000000003000 xrw
CCMRAM           0x0000000010000000 0x0000000000001000 xrw
FLASH            0x0000000008000000 0x0000000000010000 xr
*default*        0x0000000000000000 0xffffffffffffffff

Linker script and memory map

LOAD /usr/lib/gcc/arm-none-eabi/10.3.1/thumb/v7e-m+fp/hard/crti.o
LOAD /usr/lib/gcc/arm-none-eabi/10.3.1/thumb/v7e-m+fp/hard/crtbegin.o
LOAD /usr/lib/gcc/arm-none-eabi/10.3.1/../../../arm-none-eabi/lib/thumb/v7e-m+fp/hard/rdimon-crt0.o
LOAD build/gpio.o
LOAD build/usart.o
LOAD build/stm32f3xx_it.o
LOAD build/stm32f3xx_hal_msp.o
LOAD build/stm32f3xx_hal.o
LOAD build/stm32f3xx_hal_rcc.o
LOAD build/stm32f3xx_hal_rcc_ex.o
LOAD build/stm32f3xx_hal_gpio.o
LOAD build/stm32f3xx_hal_dma.o
LOAD build/stm32f3xx_hal_cortex.o
LOAD build/stm32f3xx_hal_pwr.o
LOAD build/stm32f3xx_hal_pwr_ex.o
LOAD build/stm32f3xx_hal_flash.o
LOAD build/stm32f3xx_hal_flash_ex.o
LOAD build/stm32f3xx_hal_i2c.o
LOAD build/stm32f3xx_hal_i2c_ex.o
LOAD build/stm32f3xx_hal_exti.o
LOAD build/stm32f3xx_hal_uart.o
LOAD build/stm32f3xx_hal_uart_ex.o
LOAD build/system_stm32f3xx.o
LOAD build/sysmem.o
LOAD build/main.o
LOAD build/app.o
LOAD build/readWioE5.o
LOAD build/serial_printf.o
LOAD build/startup_stm32f303x8.o
LOAD /usr/lib/gcc/arm-none-eabi/10.3.1/../../../arm-none-eabi/lib/thumb/v7e-m+fp/hard/libnosys.a
LOAD /usr/lib/gcc/arm-none-eabi/10.3.1/thumb/v7e-m+fp/hard/libgcc.a
LOAD /usr/lib/gcc/arm-none-eabi/10.3.1/../../../arm-none-eabi/lib/thumb/v7e-m+fp/hard/librdimon_nano.a
LOAD /usr/lib/gcc/arm-none-eabi/10.3.1/../../../arm-none-eabi/lib/thumb/v7e-m+fp/hard/libstdc++_nano.a
LOAD /usr/lib/gcc/arm-none-eabi/10.3.1/../../../arm-none-eabi/lib/thumb/v7e-m+fp/hard/libstdc++_nano.a
LOAD /usr/lib/gcc/arm-none-eabi/10.3.1/../../../arm-none-eabi/lib/thumb/v7e-m+fp/hard/libm.a
LOAD /usr/lib/gcc/arm-none-eabi/10.3.1/../../../arm-none-eabi/lib/thumb/v7e-m+fp/hard/libc_nano.a
START GROUP
LOAD /usr/lib/gcc/arm-none-eabi/10.3.1/thumb/v7e-m+fp/hard/libgcc.a
LOAD /usr/lib/gcc/arm-none-eabi/10.3.1/../../../arm-none-eabi/lib/thumb/v7e-m+fp/hard/libc_nano.a
END GROUP
START GROUP
LOAD /usr/lib/gcc/arm-none-eabi/10.3.1/thumb/v7e-m+fp/hard/libgcc.a
LOAD /usr/lib/gcc/arm-none-eabi/10.3.1/../../../arm-none-eabi/lib/thumb/v7e-m+fp/hard/libc_nano.a
LOAD /usr/lib/gcc/arm-none-eabi/10.3.1/../../../arm-none-eabi/lib/thumb/v7e-m+fp/hard/librdimon_nano.a
END GROUP
START GROUP
LOAD /usr/lib/gcc/arm-none-eabi/10.3.1/thumb/v7e-m+fp/hard/libgcc.a
LOAD /usr/lib/gcc/arm-none-eabi/10.3.1/../../../arm-none-eabi/lib/thumb/v7e-m+fp/hard/libc_nano.a
LOAD /usr/lib/gcc/arm-none-eabi/10.3.1/../../../arm-none-eabi/lib/thumb/v7e-m+fp/hard/librdimon_nano.a
END GROUP
LOAD /usr/lib/gcc/arm-none-eabi/10.3.1/thumb/v7e-m+fp/hard/crtend.o
LOAD /usr/lib/gcc/arm-none-eabi/10.3.1/thumb/v7e-m+fp/hard/crtn.o
                0x0000000020003000                _estack = (ORIGIN (RAM) + LENGTH (RAM))
                0x0000000000000200                _Min_Heap_Size = 0x200
                0x0000000000000400                _Min_Stack_Size = 0x400

.isr_vector     0x0000000008000000      0x188
                0x0000000008000000                . = ALIGN (0x4)
 *(.isr_vector)
 .isr_vector    0x0000000008000000      0x188 build/startup_stm32f303x8.o
                0x0000000008000000                g_pfnVectors
                0x0000000008000188                . = ALIGN (0x4)

.text           0x00000000080001c0     0x9580
                0x00000000080001c0                . = ALIGN (0x4)
 *(.text)
 .text          0x00000000080001c0       0x88 /usr/lib/gcc/arm-none-eabi/10.3.1/thumb/v7e-m+fp/hard/crtbegin.o
 .text          0x0000000008000248      0x9d8 /usr/lib/gcc/arm-none-eabi/10.3.1/thumb/v7e-m+fp/hard/libgcc.a(unwind-arm.o)
                0x00000000080004f0                _Unwind_GetCFA
                0x00000000080004f4                __gnu_Unwind_RaiseException
                0x000000000800055c                __gnu_Unwind_ForcedUnwind
                0x000000000800056c                __gnu_Unwind_Resume
                0x00000000080005b0                __gnu_Unwind_Resume_or_Rethrow
                0x00000000080005c0                _Unwind_Complete
                0x00000000080005c4                _Unwind_DeleteException
                0x00000000080005d0                _Unwind_VRS_Get
                0x000000000800061c                _Unwind_VRS_Set
                0x0000000008000664                __gnu_Unwind_Backtrace
                0x0000000008000990                __aeabi_unwind_cpp_pr0
                0x0000000008000994                __aeabi_unwind_cpp_pr1
                0x0000000008000998                __aeabi_unwind_cpp_pr2
                0x000000000800099c                _Unwind_VRS_Pop
 .text          0x0000000008000c20      0x1ac /usr/lib/gcc/arm-none-eabi/10.3.1/thumb/v7e-m+fp/hard/libgcc.a(libunwind.o)
                0x0000000008000c20                __restore_core_regs
                0x0000000008000c20                restore_core_regs
                0x0000000008000c38                __gnu_Unwind_Restore_VFP
                0x0000000008000c40                __gnu_Unwind_Save_VFP
                0x0000000008000c48                __gnu_Unwind_Restore_VFP_D
                0x0000000008000c50                __gnu_Unwind_Save_VFP_D
                0x0000000008000c58                __gnu_Unwind_Restore_VFP_D_16_to_31
                0x0000000008000c60                __gnu_Unwind_Save_VFP_D_16_to_31
                0x0000000008000c68                __gnu_Unwind_Restore_WMMXD
                0x0000000008000cac                __gnu_Unwind_Save_WMMXD
                0x0000000008000cf0                __gnu_Unwind_Restore_WMMXC
                0x0000000008000d04                __gnu_Unwind_Save_WMMXC
                0x0000000008000d18                ___Unwind_RaiseException
                0x0000000008000d18                _Unwind_RaiseException
                0x0000000008000d3c                ___Unwind_Resume
                0x0000000008000d3c                _Unwind_Resume
                0x0000000008000d60                _Unwind_Resume_or_Rethrow
                0x0000000008000d60                ___Unwind_Resume_or_Rethrow
                0x0000000008000d84                ___Unwind_ForcedUnwind
                0x0000000008000d84                _Unwind_ForcedUnwind
                0x0000000008000da8                _Unwind_Backtrace
                0x0000000008000da8                ___Unwind_Backtrace
 .text          0x0000000008000dcc      0x350 /usr/lib/gcc/arm-none-eabi/10.3.1/thumb/v7e-m+fp/hard/libgcc.a(pr-support.o)
                0x0000000008000e24                __gnu_unwind_execute
                0x00000000080010d0                __gnu_unwind_frame
                0x00000000080010fc                _Unwind_GetRegionStart
                0x0000000008001108                _Unwind_GetLanguageSpecificData
 .text          0x000000000800111c      0xa08 /usr/lib/gcc/arm-none-eabi/10.3.1/../../../arm-none-eabi/lib/thumb/v7e-m+fp/hard/librdimon_nano.a(rdimon-syscalls.o)
                0x000000000800111c                _swiread
                0x0000000008001158                _read
                0x00000000080011e8                _swilseek
                0x00000000080012cc                _lseek
                0x00000000080012d0                _swiwrite
                0x000000000800130c                _write
                0x00000000080013c8                _swiclose
                0x0000000008001400                _close
                0x0000000008001498                _getpid
                0x00000000080014ec                _swistat
                0x000000000800156c                _fstat
                0x0000000008001588                _stat
                0x00000000080015c4                _swiopen
                0x0000000008001690                _open
                0x00000000080016a4                _get_semihosting_exts
                0x00000000080017b4                _has_ext_exit_extended
                0x00000000080017f4                _has_ext_stdout_stderr
                0x0000000008001834                initialise_monitor_handles
                0x0000000008001960                _link
                0x0000000008001970                _unlink
                0x00000000080019b0                _gettimeofday
                0x00000000080019d8                _clock
                0x00000000080019ec                _times
                0x0000000008001a0c                _isatty
                0x0000000008001a74                _system
                0x0000000008001ad0                _rename
 .text          0x0000000008001b24       0x10 /usr/lib/gcc/arm-none-eabi/10.3.1/../../../arm-none-eabi/lib/thumb/v7e-m+fp/hard/libc_nano.a(lib_a-abort.o)
                0x0000000008001b24                abort
 .text          0x0000000008001b34        0xc /usr/lib/gcc/arm-none-eabi/10.3.1/../../../arm-none-eabi/lib/thumb/v7e-m+fp/hard/libc_nano.a(lib_a-errno.o)
                0x0000000008001b34                __errno
 .text          0x0000000008001b40      0x238 /usr/lib/gcc/arm-none-eabi/10.3.1/../../../arm-none-eabi/lib/thumb/v7e-m+fp/hard/libc_nano.a(lib_a-findfp.o)
                0x0000000008001b44                _cleanup_r
                0x0000000008001b54                __sfmoreglue
                0x0000000008001b84                __sfp
                0x0000000008001d24                _cleanup
                0x0000000008001d38                __sinit
                0x0000000008001d40                __sfp_lock_acquire
                0x0000000008001d44                __sfp_lock_release
                0x0000000008001d48                __sinit_lock_acquire
                0x0000000008001d4c                __sinit_lock_release
                0x0000000008001d50                __fp_lock_all
                0x0000000008001d64                __fp_unlock_all
 .text          0x0000000008001d78       0x88 /usr/lib/gcc/arm-none-eabi/10.3.1/../../../arm-none-eabi/lib/thumb/v7e-m+fp/hard/libc_nano.a(lib_a-fwalk.o)
                0x0000000008001d78                _fwalk
                0x0000000008001db8                _fwalk_reent
 .text          0x0000000008001e00       0x48 /usr/lib/gcc/arm-none-eabi/10.3.1/../../../arm-none-eabi/lib/thumb/v7e-m+fp/hard/libc_nano.a(lib_a-init.o)
                0x0000000008001e00                __libc_init_array
 .text          0x0000000008001e48       0x20 /usr/lib/gcc/arm-none-eabi/10.3.1/../../../arm-none-eabi/lib/thumb/v7e-m+fp/hard/libc_nano.a(lib_a-malloc.o)
                0x0000000008001e48                malloc
                0x0000000008001e58                free
 *fill*         0x0000000008001e68        0x8 
 .text          0x0000000008001e70       0xa0 /usr/lib/gcc/arm-none-eabi/10.3.1/../../../arm-none-eabi/lib/thumb/v7e-m+fp/hard/libc_nano.a(lib_a-memchr.o)
                0x0000000008001e70                memchr
 .text          0x0000000008001f10      0x134 /usr/lib/gcc/arm-none-eabi/10.3.1/../../../arm-none-eabi/lib/thumb/v7e-m+fp/hard/libc_nano.a(lib_a-memcpy.o)
                0x0000000008001f10                memcpy
 .text          0x0000000008002044       0xf8 /usr/lib/gcc/arm-none-eabi/10.3.1/../../../arm-none-eabi/lib/thumb/v7e-m+fp/hard/libc_nano.a(lib_a-memmove.o)
                0x0000000008002044                memmove
 .text          0x000000000800213c       0xa4 /usr/lib/gcc/arm-none-eabi/10.3.1/../../../arm-none-eabi/lib/thumb/v7e-m+fp/hard/libc_nano.a(lib_a-memset.o)
                0x000000000800213c                memset
 .text          0x00000000080021e0       0xc4 /usr/lib/gcc/arm-none-eabi/10.3.1/../../../arm-none-eabi/lib/thumb/v7e-m+fp/hard/libc_nano.a(lib_a-nano-freer.o)
                0x00000000080021e0                _free_r
 .text          0x00000000080022a4       0xb4 /usr/lib/gcc/arm-none-eabi/10.3.1/../../../arm-none-eabi/lib/thumb/v7e-m+fp/hard/libc_nano.a(lib_a-nano-mallocr.o)
                0x00000000080022a4                _malloc_r
 .text          0x0000000008002358      0x6cc /usr/lib/gcc/arm-none-eabi/10.3.1/../../../arm-none-eabi/lib/thumb/v7e-m+fp/hard/libc_nano.a(lib_a-nano-vfprintf_float.o)
                0x0000000008002358                __cvt
                0x0000000008002454                __exponent
                0x00000000080024f0                _printf_float
 .text          0x0000000008002a24      0x3dc /usr/lib/gcc/arm-none-eabi/10.3.1/../../../arm-none-eabi/lib/thumb/v7e-m+fp/hard/libc_nano.a(lib_a-nano-vfprintf_i.o)
                0x0000000008002a24                _printf_common
                0x0000000008002b50                _printf_i
 .text          0x0000000008002e00       0x24 /usr/lib/gcc/arm-none-eabi/10.3.1/../../../arm-none-eabi/lib/thumb/v7e-m+fp/hard/libc_nano.a(lib_a-sbrkr.o)
                0x0000000008002e00                _sbrk_r
 .text          0x0000000008002e24      0x268 /usr/lib/gcc/arm-none-eabi/10.3.1/../../../arm-none-eabi/lib/thumb/v7e-m+fp/hard/libc_nano.a(lib_a-signal.o)
                0x0000000008002e24                _init_signal_r
                0x0000000008002e50                _signal_r
                0x0000000008002e98                _raise_r
                0x0000000008002eec                __sigtramp_r
                0x0000000008002f4c                raise
                0x0000000008002fa4                signal
                0x0000000008002ff4                _init_signal
                0x0000000008003028                __sigtramp
 .text          0x000000000800308c       0x30 /usr/lib/gcc/arm-none-eabi/10.3.1/../../../arm-none-eabi/lib/thumb/v7e-m+fp/hard/libc_nano.a(lib_a-signalr.o)
                0x000000000800308c                _kill_r
                0x00000000080030b8                _getpid_r
 .text          0x00000000080030bc      0x108 /usr/lib/gcc/arm-none-eabi/10.3.1/../../../arm-none-eabi/lib/thumb/v7e-m+fp/hard/libc_nano.a(lib_a-snprintf.o)
                0x00000000080030bc                _sniprintf_r
                0x00000000080030bc                _snprintf_r
                0x000000000800313c                snprintf
                0x000000000800313c                sniprintf
 .text          0x00000000080031c4       0x90 /usr/lib/gcc/arm-none-eabi/10.3.1/../../../arm-none-eabi/lib/thumb/v7e-m+fp/hard/libc_nano.a(lib_a-stdio.o)
                0x00000000080031c4                __sread
                0x00000000080031e8                __seofread
                0x00000000080031ec                __swrite
                0x000000000800322c                __sseek
                0x000000000800324c                __sclose
 *fill*         0x0000000008003254        0xc 
 .text          0x0000000008003260      0x2dc /usr/lib/gcc/arm-none-eabi/10.3.1/../../../arm-none-eabi/lib/thumb/v7e-m+fp/hard/libc_nano.a(lib_a-strcmp.o)
                0x0000000008003268                strcmp
 *fill*         0x000000000800353c        0x4 
 .text          0x0000000008003540       0xdc /usr/lib/gcc/arm-none-eabi/10.3.1/../../../arm-none-eabi/lib/thumb/v7e-m+fp/hard/libc_nano.a(lib_a-strlen.o)
                0x0000000008003540                strlen
 .text          0x000000000800361c       0x2c /usr/lib/gcc/arm-none-eabi/10.3.1/../../../arm-none-eabi/lib/thumb/v7e-m+fp/hard/libc_nano.a(lib_a-writer.o)
                0x000000000800361c                _write_r
 .text          0x0000000008003648       0x24 /usr/lib/gcc/arm-none-eabi/10.3.1/../../../arm-none-eabi/lib/thumb/v7e-m+fp/hard/libc_nano.a(lib_a-closer.o)
                0x0000000008003648                _close_r
 *fill*         0x000000000800366c        0x4 
 .text          0x0000000008003670     0x10a4 /usr/lib/gcc/arm-none-eabi/10.3.1/../../../arm-none-eabi/lib/thumb/v7e-m+fp/hard/libc_nano.a(lib_a-dtoa.o)
                0x0000000008003798                _dtoa_r
 .text          0x0000000008004714      0x1e8 /usr/lib/gcc/arm-none-eabi/10.3.1/../../../arm-none-eabi/lib/thumb/v7e-m+fp/hard/libc_nano.a(lib_a-fflush.o)
                0x0000000008004714                __sflush_r
                0x0000000008004828                _fflush_r
                0x000000000800487c                fflush
 .text          0x00000000080048fc       0x14 /usr/lib/gcc/arm-none-eabi/10.3.1/../../../arm-none-eabi/lib/thumb/v7e-m+fp/hard/libc_nano.a(lib_a-localeconv.o)
                0x00000000080048fc                __localeconv_l
                0x0000000008004900                _localeconv_r
                0x0000000008004908                localeconv
 .text          0x0000000008004910       0x2c /usr/lib/gcc/arm-none-eabi/10.3.1/../../../arm-none-eabi/lib/thumb/v7e-m+fp/hard/libc_nano.a(lib_a-lseekr.o)
                0x0000000008004910                _lseek_r
 .text          0x000000000800493c        0x8 /usr/lib/gcc/arm-none-eabi/10.3.1/../../../arm-none-eabi/lib/thumb/v7e-m+fp/hard/libc_nano.a(lib_a-mlock.o)
                0x000000000800493c                __malloc_lock
                0x0000000008004940                __malloc_unlock
 .text          0x0000000008004944      0xaec /usr/lib/gcc/arm-none-eabi/10.3.1/../../../arm-none-eabi/lib/thumb/v7e-m+fp/hard/libc_nano.a(lib_a-mprec.o)
                0x0000000008004944                _Balloc
                0x00000000080049c4                _Bfree
                0x0000000008004a0c                __multadd
                0x0000000008004ab0                __s2b
                0x0000000008004b64                __hi0bits
                0x0000000008004ba4                __lo0bits
                0x0000000008004c04                __i2b
                0x0000000008004c30                __multiply
                0x0000000008004d8c                __pow5mult
                0x0000000008004e6c                __lshift
                0x0000000008004f54                __mcmp
                0x0000000008004f98                __mdiff
                0x00000000080050e4                __ulp
                0x0000000008005144                __b2d
                0x0000000008005204                __d2b
                0x00000000080052d4                __ratio
                0x0000000008005330                _mprec_log10
                0x0000000008005370                __copybits
                0x00000000080053cc                __any_on
 .text          0x0000000008005430       0x1c /usr/lib/gcc/arm-none-eabi/10.3.1/../../../arm-none-eabi/lib/thumb/v7e-m+fp/hard/libc_nano.a(lib_a-nano-callocr.o)
                0x0000000008005430                _calloc_r
 .text          0x000000000800544c      0x3f0 /usr/lib/gcc/arm-none-eabi/10.3.1/../../../arm-none-eabi/lib/thumb/v7e-m+fp/hard/libc_nano.a(lib_a-nano-svfprintf.o)
                0x000000000800544c                __ssputs_r
                0x0000000008005510                __ssprint_r
                0x0000000008005608                _svfprintf_r
                0x0000000008005608                _svfiprintf_r
 .text          0x000000000800583c       0x2c /usr/lib/gcc/arm-none-eabi/10.3.1/../../../arm-none-eabi/lib/thumb/v7e-m+fp/hard/libc_nano.a(lib_a-readr.o)
                0x000000000800583c                _read_r
 .text          0x0000000008005868       0x4c /usr/lib/gcc/arm-none-eabi/10.3.1/../../../arm-none-eabi/lib/thumb/v7e-m+fp/hard/libc_nano.a(lib_a-assert.o)
                0x0000000008005868                __assert_func
                0x00000000080058a8                __assert
 .text          0x00000000080058b4       0x44 /usr/lib/gcc/arm-none-eabi/10.3.1/../../../arm-none-eabi/lib/thumb/v7e-m+fp/hard/libc_nano.a(lib_a-fprintf.o)
                0x00000000080058b4                _fprintf_r
                0x00000000080058b4                _fiprintf_r
                0x00000000080058d0                fprintf
                0x00000000080058d0                fiprintf
 .text          0x00000000080058f8       0x40 /usr/lib/gcc/arm-none-eabi/10.3.1/../../../arm-none-eabi/lib/thumb/v7e-m+fp/hard/libc_nano.a(lib_a-mbtowc_r.o)
                0x00000000080058f8                _mbtowc_r
                0x000000000800590c                __ascii_mbtowc
 .text          0x0000000008005938       0x50 /usr/lib/gcc/arm-none-eabi/10.3.1/../../../arm-none-eabi/lib/thumb/v7e-m+fp/hard/libc_nano.a(lib_a-nano-reallocr.o)
                0x0000000008005938                _realloc_r
 .text          0x0000000008005988      0x328 /usr/lib/gcc/arm-none-eabi/10.3.1/../../../arm-none-eabi/lib/thumb/v7e-m+fp/hard/libc_nano.a(lib_a-nano-vfprintf.o)
                0x00000000080059c4                __sfputs_r
                0x00000000080059f4                __sprint_r
                0x0000000008005a10                _vfiprintf_r
                0x0000000008005a10                _vfprintf_r
                0x0000000008005c94                vfiprintf
                0x0000000008005c94                vfprintf
 .text          0x0000000008005cb0       0xc8 /usr/lib/gcc/arm-none-eabi/10.3.1/../../../arm-none-eabi/lib/thumb/v7e-m+fp/hard/libc_nano.a(lib_a-wbuf.o)
                0x0000000008005cb0                __swbuf_r
                0x0000000008005d60                __swbuf
 .text          0x0000000008005d78       0x30 /usr/lib/gcc/arm-none-eabi/10.3.1/../../../arm-none-eabi/lib/thumb/v7e-m+fp/hard/libc_nano.a(lib_a-wctomb_r.o)
                0x0000000008005d78                _wctomb_r
                0x0000000008005d8c                __ascii_wctomb
 .text          0x0000000008005da8      0x104 /usr/lib/gcc/arm-none-eabi/10.3.1/../../../arm-none-eabi/lib/thumb/v7e-m+fp/hard/libc_nano.a(lib_a-wsetup.o)
                0x0000000008005da8                __swsetup_r
 .text          0x0000000008005eac      0x2f0 /usr/lib/gcc/arm-none-eabi/10.3.1/../../../arm-none-eabi/lib/thumb/v7e-m+fp/hard/libc_nano.a(lib_a-fvwrite.o)
                0x0000000008005eac                __sfvwrite_r
 .text          0x000000000800619c      0x11c /usr/lib/gcc/arm-none-eabi/10.3.1/../../../arm-none-eabi/lib/thumb/v7e-m+fp/hard/libc_nano.a(lib_a-makebuf.o)
                0x000000000800619c                __smakebuf_r
                0x000000000800625c                __swhatbuf_r
 .text          0x00000000080062b8       0x14 /usr/lib/gcc/arm-none-eabi/10.3.1/../../../arm-none-eabi/lib/thumb/v7e-m+fp/hard/libc_nano.a(lib_a-nano-msizer.o)
                0x00000000080062b8                _malloc_usable_size_r
 .text          0x00000000080062cc       0x2c /usr/lib/gcc/arm-none-eabi/10.3.1/../../../arm-none-eabi/lib/thumb/v7e-m+fp/hard/libc_nano.a(lib_a-fstatr.o)
                0x00000000080062cc                _fstat_r
 .text          0x00000000080062f8       0x24 /usr/lib/gcc/arm-none-eabi/10.3.1/../../../arm-none-eabi/lib/thumb/v7e-m+fp/hard/libc_nano.a(lib_a-isattyr.o)
                0x00000000080062f8                _isatty_r
 .text          0x000000000800631c      0x378 /usr/lib/gcc/arm-none-eabi/10.3.1/thumb/v7e-m+fp/hard/libgcc.a(_arm_addsubdf3.o)
                0x000000000800631c                __aeabi_drsub
                0x0000000008006324                __aeabi_dsub
                0x0000000008006324                __subdf3
                0x0000000008006328                __adddf3
                0x0000000008006328                __aeabi_dadd
                0x00000000080065a0                __aeabi_ui2d
                0x00000000080065a0                __floatunsidf
                0x00000000080065c0                __floatsidf
                0x00000000080065c0                __aeabi_i2d
                0x00000000080065e4                __extendsfdf2
                0x00000000080065e4                __aeabi_f2d
                0x0000000008006628                __aeabi_ul2d
                0x0000000008006628                __floatundidf
                0x0000000008006638                __floatdidf
                0x0000000008006638                __aeabi_l2d
 .text          0x0000000008006694      0x424 /usr/lib/gcc/arm-none-eabi/10.3.1/thumb/v7e-m+fp/hard/libgcc.a(_arm_muldivdf3.o)
                0x0000000008006694                __aeabi_dmul
                0x0000000008006694                __muldf3
                0x00000000080068e8                __aeabi_ddiv
                0x00000000080068e8                __divdf3
 .text          0x0000000008006ab8      0x110 /usr/lib/gcc/arm-none-eabi/10.3.1/thumb/v7e-m+fp/hard/libgcc.a(_arm_cmpdf2.o)
                0x0000000008006ab8                __gtdf2
                0x0000000008006ab8                __gedf2
                0x0000000008006ac0                __ltdf2
                0x0000000008006ac0                __ledf2
                0x0000000008006ac8                __cmpdf2
                0x0000000008006ac8                __eqdf2
                0x0000000008006ac8                __nedf2
                0x0000000008006b44                __aeabi_cdrcmple
                0x0000000008006b54                __aeabi_cdcmple
                0x0000000008006b54                __aeabi_cdcmpeq
                0x0000000008006b64                __aeabi_dcmpeq
                0x0000000008006b78                __aeabi_dcmplt
                0x0000000008006b8c                __aeabi_dcmple
                0x0000000008006ba0                __aeabi_dcmpge
                0x0000000008006bb4                __aeabi_dcmpgt
 .text          0x0000000008006bc8       0x2c /usr/lib/gcc/arm-none-eabi/10.3.1/thumb/v7e-m+fp/hard/libgcc.a(_arm_unorddf2.o)
                0x0000000008006bc8                __aeabi_dcmpun
                0x0000000008006bc8                __unorddf2
 .text          0x0000000008006bf4       0x50 /usr/lib/gcc/arm-none-eabi/10.3.1/thumb/v7e-m+fp/hard/libgcc.a(_arm_fixdfsi.o)
                0x0000000008006bf4                __fixdfsi
                0x0000000008006bf4                __aeabi_d2iz
 .text          0x0000000008006c44       0x14 /usr/lib/gcc/arm-none-eabi/10.3.1/../../../arm-none-eabi/lib/thumb/v7e-m+fp/hard/librdimon_nano.a(rdimon-_exit.o)
                0x0000000008006c44                _exit
 .text          0x0000000008006c58       0x4c /usr/lib/gcc/arm-none-eabi/10.3.1/../../../arm-none-eabi/lib/thumb/v7e-m+fp/hard/librdimon_nano.a(rdimon-_kill.o)
                0x0000000008006c58                _kill_shared
                0x0000000008006c88                _kill
 *(.text*)
 .text.MX_GPIO_Init
                0x0000000008006ca4       0xac build/gpio.o
                0x0000000008006ca4                MX_GPIO_Init
 .text.MX_USART1_UART_Init
                0x0000000008006d50       0x38 build/usart.o
                0x0000000008006d50                MX_USART1_UART_Init
 .text.MX_USART2_UART_Init
                0x0000000008006d88       0x38 build/usart.o
                0x0000000008006d88                MX_USART2_UART_Init
 .text.HAL_UART_MspInit
                0x0000000008006dc0       0xc8 build/usart.o
                0x0000000008006dc0                HAL_UART_MspInit
 .text.NMI_Handler
                0x0000000008006e88        0x2 build/stm32f3xx_it.o
                0x0000000008006e88                NMI_Handler
 .text.HardFault_Handler
                0x0000000008006e8a        0x2 build/stm32f3xx_it.o
                0x0000000008006e8a                HardFault_Handler
 .text.MemManage_Handler
                0x0000000008006e8c        0x2 build/stm32f3xx_it.o
                0x0000000008006e8c                MemManage_Handler
 .text.BusFault_Handler
                0x0000000008006e8e        0x2 build/stm32f3xx_it.o
                0x0000000008006e8e                BusFault_Handler
 .text.UsageFault_Handler
                0x0000000008006e90        0x2 build/stm32f3xx_it.o
                0x0000000008006e90                UsageFault_Handler
 .text.SVC_Handler
                0x0000000008006e92        0x2 build/stm32f3xx_it.o
                0x0000000008006e92                SVC_Handler
 .text.DebugMon_Handler
                0x0000000008006e94        0x2 build/stm32f3xx_it.o
                0x0000000008006e94                DebugMon_Handler
 .text.PendSV_Handler
                0x0000000008006e96        0x2 build/stm32f3xx_it.o
                0x0000000008006e96                PendSV_Handler
 .text.SysTick_Handler
                0x0000000008006e98        0x8 build/stm32f3xx_it.o
                0x0000000008006e98                SysTick_Handler
 .text.USART2_IRQHandler
                0x0000000008006ea0       0x10 build/stm32f3xx_it.o
                0x0000000008006ea0                USART2_IRQHandler
 .text.HAL_MspInit
                0x0000000008006eb0       0x30 build/stm32f3xx_hal_msp.o
                0x0000000008006eb0                HAL_MspInit
 .text.HAL_InitTick
                0x0000000008006ee0       0x4c build/stm32f3xx_hal.o
                0x0000000008006ee0                HAL_InitTick
 .text.HAL_Init
                0x0000000008006f2c       0x24 build/stm32f3xx_hal.o
                0x0000000008006f2c                HAL_Init
 .text.HAL_IncTick
                0x0000000008006f50       0x18 build/stm32f3xx_hal.o
                0x0000000008006f50                HAL_IncTick
 .text.HAL_GetTick
                0x0000000008006f68        0xc build/stm32f3xx_hal.o
                0x0000000008006f68                HAL_GetTick
 .text.HAL_Delay
                0x0000000008006f74       0x28 build/stm32f3xx_hal.o
                0x0000000008006f74                HAL_Delay
 .text.HAL_RCC_OscConfig
                0x0000000008006f9c      0x634 build/stm32f3xx_hal_rcc.o
                0x0000000008006f9c                HAL_RCC_OscConfig
 .text.HAL_RCC_GetSysClockFreq
                0x00000000080075d0       0x54 build/stm32f3xx_hal_rcc.o
                0x00000000080075d0                HAL_RCC_GetSysClockFreq
 .text.HAL_RCC_ClockConfig
                0x0000000008007624      0x1a8 build/stm32f3xx_hal_rcc.o
                0x0000000008007624                HAL_RCC_ClockConfig
 .text.HAL_RCC_GetHCLKFreq
                0x00000000080077cc        0xc build/stm32f3xx_hal_rcc.o
                0x00000000080077cc                HAL_RCC_GetHCLKFreq
 .text.HAL_RCC_GetPCLK1Freq
                0x00000000080077d8       0x2c build/stm32f3xx_hal_rcc.o
                0x00000000080077d8                HAL_RCC_GetPCLK1Freq
 .text.HAL_RCC_GetPCLK2Freq
                0x0000000008007804       0x2c build/stm32f3xx_hal_rcc.o
                0x0000000008007804                HAL_RCC_GetPCLK2Freq
 .text.HAL_RCCEx_PeriphCLKConfig
                0x0000000008007830      0x18c build/stm32f3xx_hal_rcc_ex.o
                0x0000000008007830                HAL_RCCEx_PeriphCLKConfig
 .text.HAL_GPIO_Init
                0x00000000080079bc      0x1bc build/stm32f3xx_hal_gpio.o
                0x00000000080079bc                HAL_GPIO_Init
 .text.HAL_GPIO_WritePin
                0x0000000008007b78        0xa build/stm32f3xx_hal_gpio.o
                0x0000000008007b78                HAL_GPIO_WritePin
 .text.HAL_GPIO_TogglePin
                0x0000000008007b82       0x12 build/stm32f3xx_hal_gpio.o
                0x0000000008007b82                HAL_GPIO_TogglePin
 .text.HAL_DMA_Abort
                0x0000000008007b94       0x4a build/stm32f3xx_hal_dma.o
                0x0000000008007b94                HAL_DMA_Abort
 .text.HAL_DMA_Abort_IT
                0x0000000008007bde       0x4a build/stm32f3xx_hal_dma.o
                0x0000000008007bde                HAL_DMA_Abort_IT
 .text.HAL_NVIC_SetPriorityGrouping
                0x0000000008007c28       0x24 build/stm32f3xx_hal_cortex.o
                0x0000000008007c28                HAL_NVIC_SetPriorityGrouping
 .text.HAL_NVIC_SetPriority
                0x0000000008007c4c       0x70 build/stm32f3xx_hal_cortex.o
                0x0000000008007c4c                HAL_NVIC_SetPriority
 .text.HAL_NVIC_EnableIRQ
                0x0000000008007cbc       0x1c build/stm32f3xx_hal_cortex.o
                0x0000000008007cbc                HAL_NVIC_EnableIRQ
 .text.HAL_SYSTICK_Config
                0x0000000008007cd8       0x28 build/stm32f3xx_hal_cortex.o
                0x0000000008007cd8                HAL_SYSTICK_Config
 .text.UART_EndRxTransfer
                0x0000000008007d00       0x52 build/stm32f3xx_hal_uart.o
 .text.HAL_UART_TxCpltCallback
                0x0000000008007d52        0x2 build/stm32f3xx_hal_uart.o
                0x0000000008007d52                HAL_UART_TxCpltCallback
 .text.UART_EndTransmit_IT
                0x0000000008007d54       0x22 build/stm32f3xx_hal_uart.o
 .text.HAL_UART_ErrorCallback
                0x0000000008007d76        0x2 build/stm32f3xx_hal_uart.o
                0x0000000008007d76                HAL_UART_ErrorCallback
 .text.UART_DMAAbortOnError
                0x0000000008007d78       0x14 build/stm32f3xx_hal_uart.o
 .text.HAL_UARTEx_RxEventCallback
                0x0000000008007d8c        0x2 build/stm32f3xx_hal_uart.o
                0x0000000008007d8c                HAL_UARTEx_RxEventCallback
 *fill*         0x0000000008007d8e        0x2 
 .text.HAL_UART_IRQHandler
                0x0000000008007d90      0x2ec build/stm32f3xx_hal_uart.o
                0x0000000008007d90                HAL_UART_IRQHandler
 .text.UART_RxISR_8BIT
                0x000000000800807c       0xd0 build/stm32f3xx_hal_uart.o
 .text.UART_RxISR_16BIT
                0x000000000800814c       0xce build/stm32f3xx_hal_uart.o
 *fill*         0x000000000800821a        0x2 
 .text.UART_SetConfig
                0x000000000800821c      0x164 build/stm32f3xx_hal_uart.o
                0x000000000800821c                UART_SetConfig
 .text.UART_AdvFeatureConfig
                0x0000000008008380       0xca build/stm32f3xx_hal_uart.o
                0x0000000008008380                UART_AdvFeatureConfig
 .text.UART_WaitOnFlagUntilTimeout
                0x000000000800844a       0xa2 build/stm32f3xx_hal_uart.o
                0x000000000800844a                UART_WaitOnFlagUntilTimeout
 .text.HAL_UART_Transmit
                0x00000000080084ec       0xc8 build/stm32f3xx_hal_uart.o
                0x00000000080084ec                HAL_UART_Transmit
 .text.UART_CheckIdleState
                0x00000000080085b4       0xc6 build/stm32f3xx_hal_uart.o
                0x00000000080085b4                UART_CheckIdleState
 .text.HAL_UART_Init
                0x000000000800867a       0x62 build/stm32f3xx_hal_uart.o
                0x000000000800867a                HAL_UART_Init
 .text.UART_Start_Receive_IT
                0x00000000080086dc       0xd4 build/stm32f3xx_hal_uart.o
                0x00000000080086dc                UART_Start_Receive_IT
 .text.HAL_UART_Receive_IT
                0x00000000080087b0       0x40 build/stm32f3xx_hal_uart.o
                0x00000000080087b0                HAL_UART_Receive_IT
 .text.HAL_UARTEx_WakeupCallback
                0x00000000080087f0        0x2 build/stm32f3xx_hal_uart_ex.o
                0x00000000080087f0                HAL_UARTEx_WakeupCallback
 *fill*         0x00000000080087f2        0x2 
 .text.SystemInit
                0x00000000080087f4       0x14 build/system_stm32f3xx.o
                0x00000000080087f4                SystemInit
 .text._sbrk    0x0000000008008808       0x48 build/sysmem.o
                0x0000000008008808                _sbrk
 .text._Z41__static_initialization_and_destruction_0ii
                0x0000000008008850       0x28 build/main.o
 .text.Error_Handler
                0x0000000008008878        0x4 build/main.o
                0x0000000008008878                Error_Handler
 .text._Z18SystemClock_Configv
                0x000000000800887c       0x80 build/main.o
                0x000000000800887c                SystemClock_Config()
 .text.main     0x00000000080088fc       0x38 build/main.o
                0x00000000080088fc                main
 .text._GLOBAL__sub_I_app
                0x0000000008008934        0xe build/main.o
 .text._ZN3AppC2Ev
                0x0000000008008942        0xa build/app.o
                0x0000000008008942                App::App()
                0x0000000008008942                App::App()
 .text._ZN3App5setupEv
                0x000000000800894c        0x2 build/app.o
                0x000000000800894c                App::setup()
 .text._ZN3App9led_blinkEv
                0x000000000800894e       0x26 build/app.o
                0x000000000800894e                App::led_blink()
 .text._ZNSt7__cxx1112basic_stringIcSt11char_traitsIcESaIcEE12_M_constructIPKcEEvT_S8_St20forward_iterator_tag
                0x0000000008008974       0x58 build/app.o
                0x0000000008008974                void std::__cxx11::basic_string<char, std::char_traits<char>, std::allocator<char> >::_M_construct<char const*>(char const*, char const*, std::forward_iterator_tag)
 .text._ZNSt12_Vector_baseIcSaIcEED2Ev
                0x00000000080089cc       0x14 build/app.o
                0x00000000080089cc                std::_Vector_base<char, std::allocator<char> >::~_Vector_base()
                0x00000000080089cc                std::_Vector_base<char, std::allocator<char> >::~_Vector_base()
 .text._Z13serial_printfIJEEvRKNSt7__cxx1112basic_stringIcSt11char_traitsIcESaIcEEEDpT_
                0x00000000080089e0       0x94 build/app.o
                0x00000000080089e0                void serial_printf<>(std::__cxx11::basic_string<char, std::char_traits<char>, std::allocator<char> > const&)
 .text._ZN3App4loopEv
                0x0000000008008a74       0x4c build/app.o
                0x0000000008008a74                App::loop()
 .text.HAL_UART_RxCpltCallback
                0x0000000008008ac0       0x2c build/readWioE5.o
                0x0000000008008ac0                HAL_UART_RxCpltCallback
 .text._ZN9ReadWioE5C2Ev
                0x0000000008008aec       0x1c build/readWioE5.o
                0x0000000008008aec                ReadWioE5::ReadWioE5()
                0x0000000008008aec                ReadWioE5::ReadWioE5()
 .text._ZN9ReadWioE55setupEv
                0x0000000008008b08       0x44 build/readWioE5.o
                0x0000000008008b08                ReadWioE5::setup()
 .text._Z13serial_printfIJhEEvRKNSt7__cxx1112basic_stringIcSt11char_traitsIcESaIcEEEDpT_
                0x0000000008008b4c       0xa0 build/readWioE5.o
                0x0000000008008b4c                void serial_printf<unsigned char>(std::__cxx11::basic_string<char, std::char_traits<char>, std::allocator<char> > const&, unsigned char)
 .text._ZN9ReadWioE54loopEv
                0x0000000008008bec       0x64 build/readWioE5.o
                0x0000000008008bec                ReadWioE5::loop()
 .text.Reset_Handler
                0x0000000008008c50       0x50 build/startup_stm32f303x8.o
                0x0000000008008c50                Reset_Handler
 .text.Default_Handler
                0x0000000008008ca0        0x2 build/startup_stm32f303x8.o
                0x0000000008008ca0                RTC_Alarm_IRQHandler
                0x0000000008008ca0                TIM1_CC_IRQHandler
                0x0000000008008ca0                PVD_IRQHandler
                0x0000000008008ca0                TAMP_STAMP_IRQHandler
                0x0000000008008ca0                EXTI3_IRQHandler
                0x0000000008008ca0                EXTI0_IRQHandler
                0x0000000008008ca0                FPU_IRQHandler
                0x0000000008008ca0                CAN_TX_IRQHandler
                0x0000000008008ca0                TIM1_UP_TIM16_IRQHandler
                0x0000000008008ca0                ADC1_2_IRQHandler
                0x0000000008008ca0                SPI1_IRQHandler
                0x0000000008008ca0                CAN_SCE_IRQHandler
                0x0000000008008ca0                DMA1_Channel4_IRQHandler
                0x0000000008008ca0                USART3_IRQHandler
                0x0000000008008ca0                DMA1_Channel7_IRQHandler
                0x0000000008008ca0                TIM7_DAC2_IRQHandler
                0x0000000008008ca0                CAN_RX1_IRQHandler
                0x0000000008008ca0                I2C1_EV_IRQHandler
                0x0000000008008ca0                DMA1_Channel6_IRQHandler
                0x0000000008008ca0                TIM3_IRQHandler
                0x0000000008008ca0                RCC_IRQHandler
                0x0000000008008ca0                DMA1_Channel1_IRQHandler
                0x0000000008008ca0                Default_Handler
                0x0000000008008ca0                EXTI15_10_IRQHandler
                0x0000000008008ca0                COMP2_IRQHandler
                0x0000000008008ca0                TIM6_DAC1_IRQHandler
                0x0000000008008ca0                EXTI9_5_IRQHandler
                0x0000000008008ca0                RTC_WKUP_IRQHandler
                0x0000000008008ca0                DMA1_Channel5_IRQHandler
                0x0000000008008ca0                EXTI4_IRQHandler
                0x0000000008008ca0                TIM1_TRG_COM_TIM17_IRQHandler
                0x0000000008008ca0                DMA1_Channel3_IRQHandler
                0x0000000008008ca0                WWDG_IRQHandler
                0x0000000008008ca0                TIM2_IRQHandler
                0x0000000008008ca0                EXTI1_IRQHandler
                0x0000000008008ca0                COMP4_6_IRQHandler
                0x0000000008008ca0                DMA1_Channel2_IRQHandler
                0x0000000008008ca0                FLASH_IRQHandler
                0x0000000008008ca0                USART1_IRQHandler
                0x0000000008008ca0                CAN_RX0_IRQHandler
                0x0000000008008ca0                I2C1_ER_IRQHandler
                0x0000000008008ca0                EXTI2_TSC_IRQHandler
                0x0000000008008ca0                TIM1_BRK_TIM15_IRQHandler
 .text.unlikely
                0x0000000008008ca2        0xc /usr/lib/gcc/arm-none-eabi/10.3.1/thumb/v7e-m+fp/hard/libgcc.a(pr-support.o)
                0x0000000008008ca2                _Unwind_GetDataRelBase
                0x0000000008008ca8                _Unwind_GetTextRelBase
 .text._ZdlPvj  0x0000000008008cae        0x4 /usr/lib/gcc/arm-none-eabi/10.3.1/../../../arm-none-eabi/lib/thumb/v7e-m+fp/hard/libstdc++_nano.a(del_ops.o)
                0x0000000008008cae                operator delete(void*, unsigned int)
 .text.__cxa_end_cleanup
                0x0000000008008cb2        0xc /usr/lib/gcc/arm-none-eabi/10.3.1/../../../arm-none-eabi/lib/thumb/v7e-m+fp/hard/libstdc++_nano.a(eh_arm.o)
                0x0000000008008cb2                __cxa_end_cleanup
 .text._ZN10__cxxabiv1L24__is_gxx_exception_classEPc
                0x0000000008008cbe       0x3a /usr/lib/gcc/arm-none-eabi/10.3.1/../../../arm-none-eabi/lib/thumb/v7e-m+fp/hard/libstdc++_nano.a(eh_arm.o)
 .text.__cxa_type_match
                0x0000000008008cf8       0xbc /usr/lib/gcc/arm-none-eabi/10.3.1/../../../arm-none-eabi/lib/thumb/v7e-m+fp/hard/libstdc++_nano.a(eh_arm.o)
                0x0000000008008cf8                __cxa_type_match
 .text.__cxa_begin_cleanup
                0x0000000008008db4       0x3a /usr/lib/gcc/arm-none-eabi/10.3.1/../../../arm-none-eabi/lib/thumb/v7e-m+fp/hard/libstdc++_nano.a(eh_arm.o)
                0x0000000008008db4                __cxa_begin_cleanup
 .text.__gnu_end_cleanup
                0x0000000008008dee       0x32 /usr/lib/gcc/arm-none-eabi/10.3.1/../../../arm-none-eabi/lib/thumb/v7e-m+fp/hard/libstdc++_nano.a(eh_arm.o)
                0x0000000008008dee                __gnu_end_cleanup
 .text.__cxa_get_globals
                0x0000000008008e20        0x8 /usr/lib/gcc/arm-none-eabi/10.3.1/../../../arm-none-eabi/lib/thumb/v7e-m+fp/hard/libstdc++_nano.a(eh_globals.o)
                0x0000000008008e20                __cxa_get_globals
 .text._ZL12read_uleb128PKhPm
                0x0000000008008e28       0x1e /usr/lib/gcc/arm-none-eabi/10.3.1/../../../arm-none-eabi/lib/thumb/v7e-m+fp/hard/libstdc++_nano.a(eh_personality.o)
 .text._ZL12read_sleb128PKhPl
                0x0000000008008e46       0x30 /usr/lib/gcc/arm-none-eabi/10.3.1/../../../arm-none-eabi/lib/thumb/v7e-m+fp/hard/libstdc++_nano.a(eh_personality.o)
 .text._ZL28read_encoded_value_with_basehjPKhPj
                0x0000000008008e76       0x8c /usr/lib/gcc/arm-none-eabi/10.3.1/../../../arm-none-eabi/lib/thumb/v7e-m+fp/hard/libstdc++_nano.a(eh_personality.o)
 .text._ZL21base_of_encoded_valuehP15_Unwind_Context
                0x0000000008008f02       0x48 /usr/lib/gcc/arm-none-eabi/10.3.1/../../../arm-none-eabi/lib/thumb/v7e-m+fp/hard/libstdc++_nano.a(eh_personality.o)
 .text._ZL18read_encoded_valueP15_Unwind_ContexthPKhPj
                0x0000000008008f4a       0x22 /usr/lib/gcc/arm-none-eabi/10.3.1/../../../arm-none-eabi/lib/thumb/v7e-m+fp/hard/libstdc++_nano.a(eh_personality.o)
 .text._ZL17parse_lsda_headerP15_Unwind_ContextPKhP16lsda_header_info
                0x0000000008008f6c       0x62 /usr/lib/gcc/arm-none-eabi/10.3.1/../../../arm-none-eabi/lib/thumb/v7e-m+fp/hard/libstdc++_nano.a(eh_personality.o)
 .text._Unwind_GetGR
                0x0000000008008fce       0x18 /usr/lib/gcc/arm-none-eabi/10.3.1/../../../arm-none-eabi/lib/thumb/v7e-m+fp/hard/libstdc++_nano.a(eh_personality.o)
 *fill*         0x0000000008008fe6        0x2 
 .text.__gxx_personality_v0
                0x0000000008008fe8      0x338 /usr/lib/gcc/arm-none-eabi/10.3.1/../../../arm-none-eabi/lib/thumb/v7e-m+fp/hard/libstdc++_nano.a(eh_personality.o)
                0x0000000008008fe8                __gxx_personality_v0
 .text._ZN10__cxxabiv111__terminateEPFvvE
                0x0000000008009320        0x8 /usr/lib/gcc/arm-none-eabi/10.3.1/../../../arm-none-eabi/lib/thumb/v7e-m+fp/hard/libstdc++_nano.a(eh_terminate.o)
                0x0000000008009320                __cxxabiv1::__terminate(void (*)())
 .text._ZSt13get_terminatev
                0x0000000008009328       0x10 /usr/lib/gcc/arm-none-eabi/10.3.1/../../../arm-none-eabi/lib/thumb/v7e-m+fp/hard/libstdc++_nano.a(eh_terminate.o)
                0x0000000008009328                std::get_terminate()
 .text._ZSt9terminatev
                0x0000000008009338        0xa /usr/lib/gcc/arm-none-eabi/10.3.1/../../../arm-none-eabi/lib/thumb/v7e-m+fp/hard/libstdc++_nano.a(eh_terminate.o)
                0x0000000008009338                std::terminate()
 .text._ZN10__cxxabiv112__unexpectedEPFvvE
                0x0000000008009342        0x8 /usr/lib/gcc/arm-none-eabi/10.3.1/../../../arm-none-eabi/lib/thumb/v7e-m+fp/hard/libstdc++_nano.a(eh_terminate.o)
                0x0000000008009342                __cxxabiv1::__unexpected(void (*)())
 *fill*         0x000000000800934a        0x2 
 .text._ZSt14get_unexpectedv
                0x000000000800934c       0x10 /usr/lib/gcc/arm-none-eabi/10.3.1/../../../arm-none-eabi/lib/thumb/v7e-m+fp/hard/libstdc++_nano.a(eh_terminate.o)
                0x000000000800934c                std::get_unexpected()
 .text._ZSt10unexpectedv
                0x000000000800935c        0xa /usr/lib/gcc/arm-none-eabi/10.3.1/../../../arm-none-eabi/lib/thumb/v7e-m+fp/hard/libstdc++_nano.a(eh_terminate.o)
                0x000000000800935c                std::unexpected()
 .text._Znwj    0x0000000008009366       0x22 /usr/lib/gcc/arm-none-eabi/10.3.1/../../../arm-none-eabi/lib/thumb/v7e-m+fp/hard/libstdc++_nano.a(new_op.o)
                0x0000000008009366                operator new(unsigned int)
 .text._ZN10__cxxabiv120__si_class_type_infoD2Ev
                0x0000000008009388       0x14 /usr/lib/gcc/arm-none-eabi/10.3.1/../../../arm-none-eabi/lib/thumb/v7e-m+fp/hard/libstdc++_nano.a(si_class_type_info.o)
                0x0000000008009388                __cxxabiv1::__si_class_type_info::~__si_class_type_info()
                0x0000000008009388                __cxxabiv1::__si_class_type_info::~__si_class_type_info()
 .text._ZN10__cxxabiv120__si_class_type_infoD0Ev
                0x000000000800939c       0x14 /usr/lib/gcc/arm-none-eabi/10.3.1/../../../arm-none-eabi/lib/thumb/v7e-m+fp/hard/libstdc++_nano.a(si_class_type_info.o)
                0x000000000800939c                __cxxabiv1::__si_class_type_info::~__si_class_type_info()
 .text._ZNK10__cxxabiv120__si_class_type_info20__do_find_public_srcEiPKvPKNS_17__class_type_infoES2_
                0x00000000080093b0       0x38 /usr/lib/gcc/arm-none-eabi/10.3.1/../../../arm-none-eabi/lib/thumb/v7e-m+fp/hard/libstdc++_nano.a(si_class_type_info.o)
                0x00000000080093b0                __cxxabiv1::__si_class_type_info::__do_find_public_src(int, void const*, __cxxabiv1::__class_type_info const*, void const*) const
 .text._ZNK10__cxxabiv120__si_class_type_info12__do_dyncastEiNS_17__class_type_info10__sub_kindEPKS1_PKvS4_S6_RNS1_16__dyncast_resultE
                0x00000000080093e8       0x74 /usr/lib/gcc/arm-none-eabi/10.3.1/../../../arm-none-eabi/lib/thumb/v7e-m+fp/hard/libstdc++_nano.a(si_class_type_info.o)
                0x00000000080093e8                __cxxabiv1::__si_class_type_info::__do_dyncast(int, __cxxabiv1::__class_type_info::__sub_kind, __cxxabiv1::__class_type_info const*, void const*, __cxxabiv1::__class_type_info const*, void const*, __cxxabiv1::__class_type_info::__dyncast_result&) const
 .text._ZNK10__cxxabiv120__si_class_type_info11__do_upcastEPKNS_17__class_type_infoEPKvRNS1_15__upcast_resultE
                0x000000000800945c       0x2a /usr/lib/gcc/arm-none-eabi/10.3.1/../../../arm-none-eabi/lib/thumb/v7e-m+fp/hard/libstdc++_nano.a(si_class_type_info.o)
                0x000000000800945c                __cxxabiv1::__si_class_type_info::__do_upcast(__cxxabiv1::__class_type_info const*, void const*, __cxxabiv1::__class_type_info::__upcast_result&) const
 .text._ZNSt9type_infoD2Ev
                0x0000000008009486        0x2 /usr/lib/gcc/arm-none-eabi/10.3.1/../../../arm-none-eabi/lib/thumb/v7e-m+fp/hard/libstdc++_nano.a(tinfo.o)
                0x0000000008009486                std::type_info::~type_info()
                0x0000000008009486                std::type_info::~type_info()
 .text._ZNKSt9type_info14__is_pointer_pEv
                0x0000000008009488        0x4 /usr/lib/gcc/arm-none-eabi/10.3.1/../../../arm-none-eabi/lib/thumb/v7e-m+fp/hard/libstdc++_nano.a(tinfo.o)
                0x0000000008009488                std::type_info::__is_function_p() const
                0x0000000008009488                std::type_info::__is_pointer_p() const
 .text._ZNKSt9type_infoeqERKS_
                0x000000000800948c       0x2c /usr/lib/gcc/arm-none-eabi/10.3.1/../../../arm-none-eabi/lib/thumb/v7e-m+fp/hard/libstdc++_nano.a(tinfo.o)
                0x000000000800948c                std::type_info::operator==(std::type_info const&) const
 .text.unlikely._ZSt17__throw_bad_allocv
                0x00000000080094b8        0x6 /usr/lib/gcc/arm-none-eabi/10.3.1/../../../arm-none-eabi/lib/thumb/v7e-m+fp/hard/libstdc++_nano.a(functexcept.o)
                0x00000000080094b8                std::__throw_bad_alloc()
 .text.unlikely._ZSt19__throw_logic_errorPKc
                0x00000000080094be        0x6 /usr/lib/gcc/arm-none-eabi/10.3.1/../../../arm-none-eabi/lib/thumb/v7e-m+fp/hard/libstdc++_nano.a(functexcept.o)
                0x00000000080094be                std::__throw_logic_error(char const*)
 .text.unlikely._ZSt20__throw_length_errorPKc
                0x00000000080094c4        0x6 /usr/lib/gcc/arm-none-eabi/10.3.1/../../../arm-none-eabi/lib/thumb/v7e-m+fp/hard/libstdc++_nano.a(functexcept.o)
                0x00000000080094c4                std::__throw_length_error(char const*)
 *fill*         0x00000000080094ca        0x2 
 .text._ZNSt7__cxx1112basic_stringIcSt11char_traitsIcESaIcEE9_M_createERjj
                0x00000000080094cc       0x44 /usr/lib/gcc/arm-none-eabi/10.3.1/../../../arm-none-eabi/lib/thumb/v7e-m+fp/hard/libstdc++_nano.a(string-inst.o)
                0x00000000080094cc                std::__cxx11::basic_string<char, std::char_traits<char>, std::allocator<char> >::_M_create(unsigned int&, unsigned int)
 .text._ZNSt7__cxx1112basic_stringIcSt11char_traitsIcESaIcEE10_M_disposeEv
                0x0000000008009510       0x10 /usr/lib/gcc/arm-none-eabi/10.3.1/../../../arm-none-eabi/lib/thumb/v7e-m+fp/hard/libstdc++_nano.a(string-inst.o)
                0x0000000008009510                std::__cxx11::basic_string<char, std::char_traits<char>, std::allocator<char> >::_M_dispose()
 .text._ZNK10__cxxabiv117__class_type_info11__do_upcastEPKS0_PPv
                0x0000000008009520       0x32 /usr/lib/gcc/arm-none-eabi/10.3.1/../../../arm-none-eabi/lib/thumb/v7e-m+fp/hard/libstdc++_nano.a(class_type_info.o)
                0x0000000008009520                __cxxabiv1::__class_type_info::__do_upcast(__cxxabiv1::__class_type_info const*, void**) const
 .text._ZNK10__cxxabiv117__class_type_info20__do_find_public_srcEiPKvPKS0_S2_
                0x0000000008009552        0xc /usr/lib/gcc/arm-none-eabi/10.3.1/../../../arm-none-eabi/lib/thumb/v7e-m+fp/hard/libstdc++_nano.a(class_type_info.o)
                0x0000000008009552                __cxxabiv1::__class_type_info::__do_find_public_src(int, void const*, __cxxabiv1::__class_type_info const*, void const*) const
 *fill*         0x000000000800955e        0x2 
 .text._ZN10__cxxabiv117__class_type_infoD2Ev
                0x0000000008009560       0x14 /usr/lib/gcc/arm-none-eabi/10.3.1/../../../arm-none-eabi/lib/thumb/v7e-m+fp/hard/libstdc++_nano.a(class_type_info.o)
                0x0000000008009560                __cxxabiv1::__class_type_info::~__class_type_info()
                0x0000000008009560                __cxxabiv1::__class_type_info::~__class_type_info()
 .text._ZN10__cxxabiv117__class_type_infoD0Ev
                0x0000000008009574       0x14 /usr/lib/gcc/arm-none-eabi/10.3.1/../../../arm-none-eabi/lib/thumb/v7e-m+fp/hard/libstdc++_nano.a(class_type_info.o)
                0x0000000008009574                __cxxabiv1::__class_type_info::~__class_type_info()
 .text._ZNK10__cxxabiv117__class_type_info12__do_dyncastEiNS0_10__sub_kindEPKS0_PKvS3_S5_RNS0_16__dyncast_resultE
                0x0000000008009588       0x3e /usr/lib/gcc/arm-none-eabi/10.3.1/../../../arm-none-eabi/lib/thumb/v7e-m+fp/hard/libstdc++_nano.a(class_type_info.o)
                0x0000000008009588                __cxxabiv1::__class_type_info::__do_dyncast(int, __cxxabiv1::__class_type_info::__sub_kind, __cxxabiv1::__class_type_info const*, void const*, __cxxabiv1::__class_type_info const*, void const*, __cxxabiv1::__class_type_info::__dyncast_result&) const
 .text._ZNK10__cxxabiv117__class_type_info11__do_upcastEPKS0_PKvRNS0_15__upcast_resultE
                0x00000000080095c6       0x18 /usr/lib/gcc/arm-none-eabi/10.3.1/../../../arm-none-eabi/lib/thumb/v7e-m+fp/hard/libstdc++_nano.a(class_type_info.o)
                0x00000000080095c6                __cxxabiv1::__class_type_info::__do_upcast(__cxxabiv1::__class_type_info const*, void const*, __cxxabiv1::__class_type_info::__upcast_result&) const
 .text._ZNK10__cxxabiv117__class_type_info10__do_catchEPKSt9type_infoPPvj
                0x00000000080095de       0x2a /usr/lib/gcc/arm-none-eabi/10.3.1/../../../arm-none-eabi/lib/thumb/v7e-m+fp/hard/libstdc++_nano.a(class_type_info.o)
                0x00000000080095de                __cxxabiv1::__class_type_info::__do_catch(std::type_info const*, void**, unsigned int) const
 .text._ZdlPv   0x0000000008009608        0x4 /usr/lib/gcc/arm-none-eabi/10.3.1/../../../arm-none-eabi/lib/thumb/v7e-m+fp/hard/libstdc++_nano.a(del_op.o)
                0x0000000008009608                operator delete(void*)
 .text._ZN10__cxxabiv1L24__is_gxx_exception_classEPc
                0x000000000800960c       0x3a /usr/lib/gcc/arm-none-eabi/10.3.1/../../../arm-none-eabi/lib/thumb/v7e-m+fp/hard/libstdc++_nano.a(eh_call.o)
 .text.__cxa_call_terminate
                0x0000000008009646       0x1e /usr/lib/gcc/arm-none-eabi/10.3.1/../../../arm-none-eabi/lib/thumb/v7e-m+fp/hard/libstdc++_nano.a(eh_call.o)
                0x0000000008009646                __cxa_call_terminate
 .text.__cxa_call_unexpected
                0x0000000008009664       0x28 /usr/lib/gcc/arm-none-eabi/10.3.1/../../../arm-none-eabi/lib/thumb/v7e-m+fp/hard/libstdc++_nano.a(eh_call.o)
                0x0000000008009664                __cxa_call_unexpected
 .text._ZN10__cxxabiv1L24__is_gxx_exception_classEPc
                0x000000000800968c       0x3a /usr/lib/gcc/arm-none-eabi/10.3.1/../../../arm-none-eabi/lib/thumb/v7e-m+fp/hard/libstdc++_nano.a(eh_catch.o)
 .text.__cxa_begin_catch
                0x00000000080096c6       0x52 /usr/lib/gcc/arm-none-eabi/10.3.1/../../../arm-none-eabi/lib/thumb/v7e-m+fp/hard/libstdc++_nano.a(eh_catch.o)
                0x00000000080096c6                __cxa_begin_catch
 .text._ZSt15get_new_handlerv
                0x0000000008009718       0x10 /usr/lib/gcc/arm-none-eabi/10.3.1/../../../arm-none-eabi/lib/thumb/v7e-m+fp/hard/libstdc++_nano.a(new_handler.o)
                0x0000000008009718                std::get_new_handler()
 *(.glue_7)
 .glue_7        0x0000000008009728        0x0 linker stubs
 *(.glue_7t)
 .glue_7t       0x0000000008009728        0x0 linker stubs
 *(.eh_frame)
 .eh_frame      0x0000000008009728        0x0 /usr/lib/gcc/arm-none-eabi/10.3.1/thumb/v7e-m+fp/hard/crtbegin.o
 *(.init)
 .init          0x0000000008009728        0x4 /usr/lib/gcc/arm-none-eabi/10.3.1/thumb/v7e-m+fp/hard/crti.o
                0x0000000008009728                _init
 .init          0x000000000800972c        0x8 /usr/lib/gcc/arm-none-eabi/10.3.1/thumb/v7e-m+fp/hard/crtn.o
 *(.fini)
 .fini          0x0000000008009734        0x4 /usr/lib/gcc/arm-none-eabi/10.3.1/thumb/v7e-m+fp/hard/crti.o
                0x0000000008009734                _fini
 .fini          0x0000000008009738        0x8 /usr/lib/gcc/arm-none-eabi/10.3.1/thumb/v7e-m+fp/hard/crtn.o
                0x0000000008009740                . = ALIGN (0x4)
                0x0000000008009740                _etext = .

.vfp11_veneer   0x0000000008009740        0x0
 .vfp11_veneer  0x0000000008009740        0x0 linker stubs

.v4_bx          0x0000000008009740        0x0
 .v4_bx         0x0000000008009740        0x0 linker stubs

.iplt           0x0000000008009740        0x0
 .iplt          0x0000000008009740        0x0 /usr/lib/gcc/arm-none-eabi/10.3.1/thumb/v7e-m+fp/hard/crtbegin.o

.rodata         0x0000000008009740      0x5fc
                0x0000000008009740                . = ALIGN (0x4)
 *(.rodata)
 .rodata        0x0000000008009740       0x60 /usr/lib/gcc/arm-none-eabi/10.3.1/../../../arm-none-eabi/lib/thumb/v7e-m+fp/hard/libc_nano.a(lib_a-findfp.o)
                0x0000000008009740                __sf_fake_stderr
                0x0000000008009760                __sf_fake_stdout
                0x0000000008009780                __sf_fake_stdin
 .rodata        0x00000000080097a0        0x4 /usr/lib/gcc/arm-none-eabi/10.3.1/../../../arm-none-eabi/lib/thumb/v7e-m+fp/hard/libc_nano.a(lib_a-impure.o)
                0x00000000080097a0                _global_impure_ptr
 *fill*         0x00000000080097a4        0x4 
 .rodata        0x00000000080097a8      0x128 /usr/lib/gcc/arm-none-eabi/10.3.1/../../../arm-none-eabi/lib/thumb/v7e-m+fp/hard/libc_nano.a(lib_a-mprec.o)
                0x00000000080097b8                __mprec_tens
                0x0000000008009880                __mprec_tinytens
                0x00000000080098a8                __mprec_bigtens
 .rodata        0x00000000080098d0      0x101 /usr/lib/gcc/arm-none-eabi/10.3.1/../../../arm-none-eabi/lib/thumb/v7e-m+fp/hard/libc_nano.a(lib_a-ctype_.o)
                0x00000000080098d0                _ctype_
 *(.rodata*)
 *fill*         0x00000000080099d1        0x3 
 .rodata.aPLLMULFactorTable
                0x00000000080099d4       0x10 build/stm32f3xx_hal_rcc.o
 .rodata.aPredivFactorTable
                0x00000000080099e4       0x10 build/stm32f3xx_hal_rcc.o
 .rodata.AHBPrescTable
                0x00000000080099f4       0x10 build/system_stm32f3xx.o
                0x00000000080099f4                AHBPrescTable
 .rodata.APBPrescTable
                0x0000000008009a04        0x8 build/system_stm32f3xx.o
                0x0000000008009a04                APBPrescTable
 .rodata._ZNSt7__cxx1112basic_stringIcSt11char_traitsIcESaIcEE12_M_constructIPKcEEvT_S8_St20forward_iterator_tag.str1.4
                0x0000000008009a0c       0x2a build/app.o
 *fill*         0x0000000008009a36        0x2 
 .rodata._Z13serial_printfIJEEvRKNSt7__cxx1112basic_stringIcSt11char_traitsIcESaIcEEEDpT_.str1.4
                0x0000000008009a38       0x31 build/app.o
 *fill*         0x0000000008009a69        0x3 
 .rodata._ZN3App4loopEv.str1.4
                0x0000000008009a6c        0x5 build/app.o
 .rodata._Z13serial_printfIJEEvRKNSt7__cxx1112basic_stringIcSt11char_traitsIcESaIcEEEDpT_.str1.4
                0x0000000008009a71       0x31 build/readWioE5.o
 *fill*         0x0000000008009a71        0x3 
 .rodata._ZN9ReadWioE55setupEv.str1.4
                0x0000000008009a74       0x1b build/readWioE5.o
 *fill*         0x0000000008009a8f        0x1 
 .rodata._ZN9ReadWioE54loopEv.str1.4
                0x0000000008009a90        0xb build/readWioE5.o
 *fill*         0x0000000008009a9b        0x1 
 .rodata.str1.4
                0x0000000008009a9c       0x1c /usr/lib/gcc/arm-none-eabi/10.3.1/../../../arm-none-eabi/lib/thumb/v7e-m+fp/hard/librdimon_nano.a(rdimon-syscalls.o)
 .rodata._ZTIN10__cxxabiv115__forced_unwindE
                0x0000000008009ab8        0x8 /usr/lib/gcc/arm-none-eabi/10.3.1/../../../arm-none-eabi/lib/thumb/v7e-m+fp/hard/libstdc++_nano.a(eh_exception.o)
                0x0000000008009ab8                typeinfo for __cxxabiv1::__forced_unwind
 .rodata._ZTIN10__cxxabiv119__foreign_exceptionE
                0x0000000008009ac0        0x8 /usr/lib/gcc/arm-none-eabi/10.3.1/../../../arm-none-eabi/lib/thumb/v7e-m+fp/hard/libstdc++_nano.a(eh_exception.o)
                0x0000000008009ac0                typeinfo for __cxxabiv1::__foreign_exception
 .rodata._ZTSN10__cxxabiv115__forced_unwindE
                0x0000000008009ac8       0x20 /usr/lib/gcc/arm-none-eabi/10.3.1/../../../arm-none-eabi/lib/thumb/v7e-m+fp/hard/libstdc++_nano.a(eh_exception.o)
                0x0000000008009ac8                typeinfo name for __cxxabiv1::__forced_unwind
 .rodata._ZTSN10__cxxabiv119__foreign_exceptionE
                0x0000000008009ae8       0x24 /usr/lib/gcc/arm-none-eabi/10.3.1/../../../arm-none-eabi/lib/thumb/v7e-m+fp/hard/libstdc++_nano.a(eh_exception.o)
                0x0000000008009ae8                typeinfo name for __cxxabiv1::__foreign_exception
 .rodata._ZTIN10__cxxabiv120__si_class_type_infoE
                0x0000000008009b0c        0xc /usr/lib/gcc/arm-none-eabi/10.3.1/../../../arm-none-eabi/lib/thumb/v7e-m+fp/hard/libstdc++_nano.a(si_class_type_info.o)
                0x0000000008009b0c                typeinfo for __cxxabiv1::__si_class_type_info
 .rodata._ZTSN10__cxxabiv120__si_class_type_infoE
                0x0000000008009b18       0x25 /usr/lib/gcc/arm-none-eabi/10.3.1/../../../arm-none-eabi/lib/thumb/v7e-m+fp/hard/libstdc++_nano.a(si_class_type_info.o)
                0x0000000008009b18                typeinfo name for __cxxabiv1::__si_class_type_info
 *fill*         0x0000000008009b3d        0x3 
 .rodata._ZTVN10__cxxabiv120__si_class_type_infoE
                0x0000000008009b40       0x2c /usr/lib/gcc/arm-none-eabi/10.3.1/../../../arm-none-eabi/lib/thumb/v7e-m+fp/hard/libstdc++_nano.a(si_class_type_info.o)
                0x0000000008009b40                vtable for __cxxabiv1::__si_class_type_info
 .rodata._ZTISt9type_info
                0x0000000008009b6c        0x8 /usr/lib/gcc/arm-none-eabi/10.3.1/../../../arm-none-eabi/lib/thumb/v7e-m+fp/hard/libstdc++_nano.a(tinfo.o)
                0x0000000008009b6c                typeinfo for std::type_info
 .rodata._ZTSSt9type_info
                0x0000000008009b74        0xd /usr/lib/gcc/arm-none-eabi/10.3.1/../../../arm-none-eabi/lib/thumb/v7e-m+fp/hard/libstdc++_nano.a(tinfo.o)
                0x0000000008009b74                typeinfo name for std::type_info
 .rodata._ZNSt7__cxx1112basic_stringIcSt11char_traitsIcESaIcEE9_M_createERjj.str1.1
                0x0000000008009b81       0x18 /usr/lib/gcc/arm-none-eabi/10.3.1/../../../arm-none-eabi/lib/thumb/v7e-m+fp/hard/libstdc++_nano.a(string-inst.o)
 *fill*         0x0000000008009b99        0x3 
 .rodata._ZTIN10__cxxabiv117__class_type_infoE
                0x0000000008009b9c        0xc /usr/lib/gcc/arm-none-eabi/10.3.1/../../../arm-none-eabi/lib/thumb/v7e-m+fp/hard/libstdc++_nano.a(class_type_info.o)
                0x0000000008009b9c                typeinfo for __cxxabiv1::__class_type_info
 .rodata._ZTSN10__cxxabiv117__class_type_infoE
                0x0000000008009ba8       0x22 /usr/lib/gcc/arm-none-eabi/10.3.1/../../../arm-none-eabi/lib/thumb/v7e-m+fp/hard/libstdc++_nano.a(class_type_info.o)
                0x0000000008009ba8                typeinfo name for __cxxabiv1::__class_type_info
 *fill*         0x0000000008009bca        0x2 
 .rodata._ZTVN10__cxxabiv117__class_type_infoE
                0x0000000008009bcc       0x2c /usr/lib/gcc/arm-none-eabi/10.3.1/../../../arm-none-eabi/lib/thumb/v7e-m+fp/hard/libstdc++_nano.a(class_type_info.o)
                0x0000000008009bcc                vtable for __cxxabiv1::__class_type_info
 .rodata.str1.4
                0x0000000008009bf8       0x12 /usr/lib/gcc/arm-none-eabi/10.3.1/../../../arm-none-eabi/lib/thumb/v7e-m+fp/hard/libc_nano.a(lib_a-nano-vfprintf_float.o)
 *fill*         0x0000000008009c0a        0x2 
 .rodata.str1.4
                0x0000000008009c0c       0x25 /usr/lib/gcc/arm-none-eabi/10.3.1/../../../arm-none-eabi/lib/thumb/v7e-m+fp/hard/libc_nano.a(lib_a-nano-vfprintf_i.o)
 *fill*         0x0000000008009c31        0x3 
 .rodata.str1.4
                0x0000000008009c34       0x6d /usr/lib/gcc/arm-none-eabi/10.3.1/../../../arm-none-eabi/lib/thumb/v7e-m+fp/hard/libc_nano.a(lib_a-dtoa.o)
                                         0x71 (size before relaxing)
 *fill*         0x0000000008009ca1        0x3 
 .rodata.str1.4
                0x0000000008009ca4       0x33 /usr/lib/gcc/arm-none-eabi/10.3.1/../../../arm-none-eabi/lib/thumb/v7e-m+fp/hard/libc_nano.a(lib_a-mprec.o)
                                         0x5d (size before relaxing)
 *fill*         0x0000000008009cd7        0x1 
 .rodata.str1.4
                0x0000000008009cd8       0x13 /usr/lib/gcc/arm-none-eabi/10.3.1/../../../arm-none-eabi/lib/thumb/v7e-m+fp/hard/libc_nano.a(lib_a-nano-svfprintf.o)
 *fill*         0x0000000008009ceb        0x1 
 .rodata.str1.4
                0x0000000008009cec       0x3f /usr/lib/gcc/arm-none-eabi/10.3.1/../../../arm-none-eabi/lib/thumb/v7e-m+fp/hard/libc_nano.a(lib_a-assert.o)
                                         0x43 (size before relaxing)
 *fill*         0x0000000008009d2b        0x1 
 .rodata.str1.4
                0x0000000008009d2c        0xe /usr/lib/gcc/arm-none-eabi/10.3.1/../../../arm-none-eabi/lib/thumb/v7e-m+fp/hard/libc_nano.a(lib_a-locale.o)
                                         0x12 (size before relaxing)
 .rodata.str1.4
                0x0000000008009d3a       0x13 /usr/lib/gcc/arm-none-eabi/10.3.1/../../../arm-none-eabi/lib/thumb/v7e-m+fp/hard/libc_nano.a(lib_a-nano-vfprintf.o)
                0x0000000008009d50                . = ALIGN (0x4)
 *fill*         0x0000000008009d3a        0x2 

.ARM.extab      0x0000000008009d3c       0xb0
                0x0000000008009d3c                . = ALIGN (0x4)
 *(.ARM.extab* .gnu.linkonce.armextab.*)
 .ARM.extab.text.main
                0x0000000008009d3c        0xc build/main.o
 .ARM.extab.text._ZNSt7__cxx1112basic_stringIcSt11char_traitsIcESaIcEE12_M_constructIPKcEEvT_S8_St20forward_iterator_tag
                0x0000000008009d48        0x0 build/app.o
 .ARM.extab.text._ZNSt12_Vector_baseIcSaIcEED2Ev
                0x0000000008009d48        0x0 build/app.o
 .ARM.extab.text._Z13serial_printfIJEEvRKNSt7__cxx1112basic_stringIcSt11char_traitsIcESaIcEEEDpT_
                0x0000000008009d48       0x19 build/app.o
 *fill*         0x0000000008009d61        0x3 
 .ARM.extab.text._ZN3App4loopEv
                0x0000000008009d64       0x18 build/app.o
 .ARM.extab.text.HAL_UART_RxCpltCallback
                0x0000000008009d7c        0xc build/readWioE5.o
 .ARM.extab.text._ZN9ReadWioE55setupEv
                0x0000000008009d88       0x18 build/readWioE5.o
 .ARM.extab.text._Z13serial_printfIJhEEvRKNSt7__cxx1112basic_stringIcSt11char_traitsIcESaIcEEEDpT_
                0x0000000008009da0       0x19 build/readWioE5.o
 *fill*         0x0000000008009db9        0x3 
 .ARM.extab.text._ZN9ReadWioE54loopEv
                0x0000000008009dbc       0x18 build/readWioE5.o
 .ARM.extab     0x0000000008009dd4       0x18 /usr/lib/gcc/arm-none-eabi/10.3.1/thumb/v7e-m+fp/hard/libgcc.a(pr-support.o)
                0x0000000008009dec                . = ALIGN (0x4)

.ARM            0x0000000008009dec      0x128
                0x0000000008009dec                . = ALIGN (0x4)
                0x0000000008009dec                __exidx_start = .
 *(.ARM.exidx*)
 .ARM.exidx     0x0000000008009dec       0x80 /usr/lib/gcc/arm-none-eabi/10.3.1/thumb/v7e-m+fp/hard/libgcc.a(unwind-arm.o)
                                         0xd8 (size before relaxing)
 .ARM.exidx     0x0000000008009e6c       0x38 /usr/lib/gcc/arm-none-eabi/10.3.1/thumb/v7e-m+fp/hard/libgcc.a(pr-support.o)
 .ARM.exidx.text._Z41__static_initialization_and_destruction_0ii
                0x0000000008009ea4        0x0 build/main.o
                                          0x8 (size before relaxing)
 .ARM.exidx.text.Error_Handler
                0x0000000008009ea4        0x0 build/main.o
                                          0x8 (size before relaxing)
 .ARM.exidx.text._Z18SystemClock_Configv
                0x0000000008009ea4        0x8 build/main.o
 .ARM.exidx.text.main
                0x0000000008009eac        0x8 build/main.o
 .ARM.exidx.text._GLOBAL__sub_I_app
                0x0000000008009eb4        0x8 build/main.o
 .ARM.exidx.text._ZN3AppC2Ev
                0x0000000008009ebc        0x0 build/app.o
                                          0x8 (size before relaxing)
 .ARM.exidx.text._ZN3App5setupEv
                0x0000000008009ebc        0x0 build/app.o
                                          0x8 (size before relaxing)
 .ARM.exidx.text._ZN3App9led_blinkEv
                0x0000000008009ebc        0x8 build/app.o
 .ARM.exidx.text._ZNSt7__cxx1112basic_stringIcSt11char_traitsIcESaIcEE12_M_constructIPKcEEvT_S8_St20forward_iterator_tag
                0x0000000008009ec4        0x8 build/app.o
 .ARM.exidx.text._ZNSt12_Vector_baseIcSaIcEED2Ev
                0x0000000008009ecc        0x8 build/app.o
 .ARM.exidx.text._Z13serial_printfIJEEvRKNSt7__cxx1112basic_stringIcSt11char_traitsIcESaIcEEEDpT_
                0x0000000008009ed4        0x8 build/app.o
 .ARM.exidx.text._ZN3App4loopEv
                0x0000000008009edc        0x8 build/app.o
 .ARM.exidx.text.HAL_UART_RxCpltCallback
                0x0000000008009ee4        0x8 build/readWioE5.o
 .ARM.exidx.text._ZN9ReadWioE5C2Ev
                0x0000000008009eec        0x8 build/readWioE5.o
 .ARM.exidx.text._ZN9ReadWioE55setupEv
                0x0000000008009ef4        0x8 build/readWioE5.o
 .ARM.exidx.text._Z13serial_printfIJhEEvRKNSt7__cxx1112basic_stringIcSt11char_traitsIcESaIcEEEDpT_
                0x0000000008009efc        0x8 build/readWioE5.o
 .ARM.exidx.text._ZN9ReadWioE54loopEv
                0x0000000008009f04       0x10 build/readWioE5.o
                                          0x8 (size before relaxing)
 .ARM.exidx.text.unlikely
                0x0000000008009f14        0x0 /usr/lib/gcc/arm-none-eabi/10.3.1/thumb/v7e-m+fp/hard/libgcc.a(pr-support.o)
                                         0x10 (size before relaxing)
                0x0000000008009f14                __exidx_end = .
                0x0000000008009f14                . = ALIGN (0x4)

.preinit_array  0x0000000008009f14        0x0
                0x0000000008009f14                . = ALIGN (0x4)
                0x0000000008009f14                PROVIDE (__preinit_array_start = .)
 *(.preinit_array*)
                0x0000000008009f14                PROVIDE (__preinit_array_end = .)
                0x0000000008009f14                . = ALIGN (0x4)

.init_array     0x0000000008009f14        0x8
                0x0000000008009f14                . = ALIGN (0x4)
                0x0000000008009f14                PROVIDE (__init_array_start = .)
 *(SORT_BY_NAME(.init_array.*))
 *(.init_array*)
 .init_array    0x0000000008009f14        0x4 /usr/lib/gcc/arm-none-eabi/10.3.1/thumb/v7e-m+fp/hard/crtbegin.o
 .init_array    0x0000000008009f18        0x4 build/main.o
                0x0000000008009f1c                PROVIDE (__init_array_end = .)
                0x0000000008009f1c                . = ALIGN (0x4)

.fini_array     0x0000000008009f1c        0x4
                0x0000000008009f1c                . = ALIGN (0x4)
                0x0000000008009f1c                PROVIDE (__fini_array_start = .)
 *(SORT_BY_NAME(.fini_array.*))
 *(.fini_array*)
 .fini_array    0x0000000008009f1c        0x4 /usr/lib/gcc/arm-none-eabi/10.3.1/thumb/v7e-m+fp/hard/crtbegin.o
                0x0000000008009f20                PROVIDE (__fini_array_end = .)
                0x0000000008009f20                . = ALIGN (0x4)
                0x0000000008009f20                _sidata = LOADADDR (.data)

.rel.dyn        0x0000000008009f20        0x0
 .rel.iplt      0x0000000008009f20        0x0 /usr/lib/gcc/arm-none-eabi/10.3.1/thumb/v7e-m+fp/hard/crtbegin.o

.data           0x0000000020000000      0x1f0 load address 0x0000000008009f20
                0x0000000020000000                . = ALIGN (0x4)
                0x0000000020000000                _sdata = .
 *(.data)
 .data          0x0000000020000000        0xc /usr/lib/gcc/arm-none-eabi/10.3.1/../../../arm-none-eabi/lib/thumb/v7e-m+fp/hard/librdimon_nano.a(rdimon-syscalls.o)
                0x0000000020000000                __heap_limit
 .data          0x000000002000000c       0x64 /usr/lib/gcc/arm-none-eabi/10.3.1/../../../arm-none-eabi/lib/thumb/v7e-m+fp/hard/libc_nano.a(lib_a-impure.o)
                0x000000002000000c                _impure_ptr
 .data          0x0000000020000070      0x16c /usr/lib/gcc/arm-none-eabi/10.3.1/../../../arm-none-eabi/lib/thumb/v7e-m+fp/hard/libc_nano.a(lib_a-locale.o)
                0x0000000020000070                __global_locale
 *(.data*)
 .data.uwTickFreq
                0x00000000200001dc        0x1 build/stm32f3xx_hal.o
                0x00000000200001dc                uwTickFreq
 *fill*         0x00000000200001dd        0x3 
 .data.uwTickPrio
                0x00000000200001e0        0x4 build/stm32f3xx_hal.o
                0x00000000200001e0                uwTickPrio
 .data.SystemCoreClock
                0x00000000200001e4        0x4 build/system_stm32f3xx.o
                0x00000000200001e4                SystemCoreClock
 .data._ZN10__cxxabiv120__unexpected_handlerE
                0x00000000200001e8        0x4 /usr/lib/gcc/arm-none-eabi/10.3.1/../../../arm-none-eabi/lib/thumb/v7e-m+fp/hard/libstdc++_nano.a(eh_unex_handler.o)
                0x00000000200001e8                __cxxabiv1::__unexpected_handler
 .data._ZN10__cxxabiv119__terminate_handlerE
                0x00000000200001ec        0x4 /usr/lib/gcc/arm-none-eabi/10.3.1/../../../arm-none-eabi/lib/thumb/v7e-m+fp/hard/libstdc++_nano.a(eh_term_handler.o)
                0x00000000200001ec                __cxxabiv1::__terminate_handler
 *(.RamFunc)
 *(.RamFunc*)
                0x00000000200001f0                . = ALIGN (0x4)
                0x00000000200001f0                _edata = .
                0x000000000800a110                _siccmram = LOADADDR (.ccmram)

.tm_clone_table
                0x00000000200001f0        0x0 load address 0x000000000800a110
 .tm_clone_table
                0x00000000200001f0        0x0 /usr/lib/gcc/arm-none-eabi/10.3.1/thumb/v7e-m+fp/hard/crtbegin.o
 .tm_clone_table
                0x00000000200001f0        0x0 /usr/lib/gcc/arm-none-eabi/10.3.1/thumb/v7e-m+fp/hard/crtend.o

.igot.plt       0x00000000200001f0        0x0 load address 0x000000000800a110
 .igot.plt      0x00000000200001f0        0x0 /usr/lib/gcc/arm-none-eabi/10.3.1/thumb/v7e-m+fp/hard/crtbegin.o

.ccmram         0x0000000010000000        0x0 load address 0x000000000800a110
                0x0000000010000000                . = ALIGN (0x4)
                0x0000000010000000                _sccmram = .
 *(.ccmram)
 *(.ccmram*)
                0x0000000010000000                . = ALIGN (0x4)
                0x0000000010000000                _eccmram = .
                0x0000000010000000                . = ALIGN (0x4)

.bss            0x00000000200001f0      0x22c
                0x00000000200001f0                _sbss = .
                0x00000000200001f0                __bss_start__ = _sbss
 *(.bss)
 .bss           0x00000000200001f0       0x1c /usr/lib/gcc/arm-none-eabi/10.3.1/thumb/v7e-m+fp/hard/crtbegin.o
 .bss           0x000000002000020c       0xb0 /usr/lib/gcc/arm-none-eabi/10.3.1/../../../arm-none-eabi/lib/thumb/v7e-m+fp/hard/librdimon_nano.a(rdimon-syscalls.o)
 .bss           0x00000000200002bc        0x8 /usr/lib/gcc/arm-none-eabi/10.3.1/../../../arm-none-eabi/lib/thumb/v7e-m+fp/hard/libc_nano.a(lib_a-nano-mallocr.o)
                0x00000000200002bc                __malloc_free_list
                0x00000000200002c0                __malloc_sbrk_start
 .bss           0x00000000200002c4        0x4 /usr/lib/gcc/arm-none-eabi/10.3.1/../../../arm-none-eabi/lib/thumb/v7e-m+fp/hard/libc_nano.a(lib_a-reent.o)
                0x00000000200002c4                errno
 *(.bss*)
 .bss.huart1    0x00000000200002c8       0x88 build/usart.o
                0x00000000200002c8                huart1
 .bss.huart2    0x0000000020000350       0x88 build/usart.o
                0x0000000020000350                huart2
 .bss.uwTick    0x00000000200003d8        0x4 build/stm32f3xx_hal.o
                0x00000000200003d8                uwTick
 .bss.__sbrk_heap_end
                0x00000000200003dc        0x4 build/sysmem.o
 .bss.app       0x00000000200003e0        0x4 build/main.o
                0x00000000200003e0                app
 .bss.readWioE5
                0x00000000200003e4        0x1 build/main.o
                0x00000000200003e4                readWioE5
 *fill*         0x00000000200003e5        0x3 
 .bss.rx_buf    0x00000000200003e8       0x20 build/readWioE5.o
                0x00000000200003e8                rx_buf
 .bss.rx_len    0x0000000020000408        0x1 build/readWioE5.o
                0x0000000020000408                rx_len
 *fill*         0x0000000020000409        0x3 
 .bss._ZL10eh_globals
                0x000000002000040c        0xc /usr/lib/gcc/arm-none-eabi/10.3.1/../../../arm-none-eabi/lib/thumb/v7e-m+fp/hard/libstdc++_nano.a(eh_globals.o)
 .bss._ZN12_GLOBAL__N_113__new_handlerE
                0x0000000020000418        0x4 /usr/lib/gcc/arm-none-eabi/10.3.1/../../../arm-none-eabi/lib/thumb/v7e-m+fp/hard/libstdc++_nano.a(new_handler.o)
 *(COMMON)
                0x000000002000041c                . = ALIGN (0x4)
                0x000000002000041c                _ebss = .
                0x000000002000041c                __bss_end__ = _ebss

._user_heap_stack
                0x000000002000041c      0x604
                0x0000000020000420                . = ALIGN (0x8)
 *fill*         0x000000002000041c        0x4 
                0x0000000020000420                PROVIDE (end = .)
                0x0000000020000420                PROVIDE (_end = .)
                0x0000000020000620                . = (. + _Min_Heap_Size)
 *fill*         0x0000000020000420      0x200 
                0x0000000020000a20                . = (. + _Min_Stack_Size)
 *fill*         0x0000000020000620      0x400 
                0x0000000020000a20                . = ALIGN (0x8)

/DISCARD/
 libc.a(*)
 libm.a(*)
 libgcc.a(*)
OUTPUT(build/PowerCuttoffBoard.elf elf32-littlearm)
LOAD linker stubs
LOAD /usr/lib/gcc/arm-none-eabi/10.3.1/../../../arm-none-eabi/lib/thumb/v7e-m+fp/hard/libc.a
LOAD /usr/lib/gcc/arm-none-eabi/10.3.1/../../../arm-none-eabi/lib/thumb/v7e-m+fp/hard/libm.a
LOAD /usr/lib/gcc/arm-none-eabi/10.3.1/thumb/v7e-m+fp/hard/libgcc.a

.ARM.attributes
                0x0000000000000000       0x30
 .ARM.attributes
                0x0000000000000000       0x1e /usr/lib/gcc/arm-none-eabi/10.3.1/thumb/v7e-m+fp/hard/crti.o
 .ARM.attributes
                0x000000000000001e       0x34 /usr/lib/gcc/arm-none-eabi/10.3.1/thumb/v7e-m+fp/hard/crtbegin.o
 .ARM.attributes
                0x0000000000000052       0x34 build/gpio.o
 .ARM.attributes
                0x0000000000000086       0x34 build/usart.o
 .ARM.attributes
                0x00000000000000ba       0x34 build/stm32f3xx_it.o
 .ARM.attributes
                0x00000000000000ee       0x34 build/stm32f3xx_hal_msp.o
 .ARM.attributes
                0x0000000000000122       0x34 build/stm32f3xx_hal.o
 .ARM.attributes
                0x0000000000000156       0x34 build/stm32f3xx_hal_rcc.o
 .ARM.attributes
                0x000000000000018a       0x34 build/stm32f3xx_hal_rcc_ex.o
 .ARM.attributes
                0x00000000000001be       0x34 build/stm32f3xx_hal_gpio.o
 .ARM.attributes
                0x00000000000001f2       0x34 build/stm32f3xx_hal_dma.o
 .ARM.attributes
                0x0000000000000226       0x34 build/stm32f3xx_hal_cortex.o
 .ARM.attributes
                0x000000000000025a       0x34 build/stm32f3xx_hal_uart.o
 .ARM.attributes
                0x000000000000028e       0x34 build/stm32f3xx_hal_uart_ex.o
 .ARM.attributes
                0x00000000000002c2       0x34 build/system_stm32f3xx.o
 .ARM.attributes
                0x00000000000002f6       0x34 build/sysmem.o
 .ARM.attributes
                0x000000000000032a       0x34 build/main.o
 .ARM.attributes
                0x000000000000035e       0x34 build/app.o
 .ARM.attributes
                0x0000000000000392       0x34 build/readWioE5.o
 .ARM.attributes
                0x00000000000003c6       0x21 build/startup_stm32f303x8.o
 .ARM.attributes
                0x00000000000003e7       0x34 /usr/lib/gcc/arm-none-eabi/10.3.1/thumb/v7e-m+fp/hard/libgcc.a(unwind-arm.o)
 .ARM.attributes
                0x000000000000041b       0x1e /usr/lib/gcc/arm-none-eabi/10.3.1/thumb/v7e-m+fp/hard/libgcc.a(libunwind.o)
 .ARM.attributes
                0x0000000000000439       0x34 /usr/lib/gcc/arm-none-eabi/10.3.1/thumb/v7e-m+fp/hard/libgcc.a(pr-support.o)
 .ARM.attributes
                0x000000000000046d       0x34 /usr/lib/gcc/arm-none-eabi/10.3.1/../../../arm-none-eabi/lib/thumb/v7e-m+fp/hard/librdimon_nano.a(rdimon-syscalls.o)
 .ARM.attributes
                0x00000000000004a1       0x34 /usr/lib/gcc/arm-none-eabi/10.3.1/../../../arm-none-eabi/lib/thumb/v7e-m+fp/hard/libstdc++_nano.a(del_ops.o)
 .ARM.attributes
                0x00000000000004d5       0x34 /usr/lib/gcc/arm-none-eabi/10.3.1/../../../arm-none-eabi/lib/thumb/v7e-m+fp/hard/libstdc++_nano.a(eh_arm.o)
 .ARM.attributes
                0x0000000000000509       0x34 /usr/lib/gcc/arm-none-eabi/10.3.1/../../../arm-none-eabi/lib/thumb/v7e-m+fp/hard/libstdc++_nano.a(eh_exception.o)
 .ARM.attributes
                0x000000000000053d       0x34 /usr/lib/gcc/arm-none-eabi/10.3.1/../../../arm-none-eabi/lib/thumb/v7e-m+fp/hard/libstdc++_nano.a(eh_globals.o)
 .ARM.attributes
                0x0000000000000571       0x34 /usr/lib/gcc/arm-none-eabi/10.3.1/../../../arm-none-eabi/lib/thumb/v7e-m+fp/hard/libstdc++_nano.a(eh_personality.o)
 .ARM.attributes
                0x00000000000005a5       0x34 /usr/lib/gcc/arm-none-eabi/10.3.1/../../../arm-none-eabi/lib/thumb/v7e-m+fp/hard/libstdc++_nano.a(eh_terminate.o)
 .ARM.attributes
                0x00000000000005d9       0x32 /usr/lib/gcc/arm-none-eabi/10.3.1/../../../arm-none-eabi/lib/thumb/v7e-m+fp/hard/libstdc++_nano.a(eh_unex_handler.o)
 .ARM.attributes
                0x000000000000060b       0x34 /usr/lib/gcc/arm-none-eabi/10.3.1/../../../arm-none-eabi/lib/thumb/v7e-m+fp/hard/libstdc++_nano.a(new_op.o)
 .ARM.attributes
                0x000000000000063f       0x34 /usr/lib/gcc/arm-none-eabi/10.3.1/../../../arm-none-eabi/lib/thumb/v7e-m+fp/hard/libstdc++_nano.a(si_class_type_info.o)
 .ARM.attributes
                0x0000000000000673       0x34 /usr/lib/gcc/arm-none-eabi/10.3.1/../../../arm-none-eabi/lib/thumb/v7e-m+fp/hard/libstdc++_nano.a(tinfo.o)
 .ARM.attributes
                0x00000000000006a7       0x34 /usr/lib/gcc/arm-none-eabi/10.3.1/../../../arm-none-eabi/lib/thumb/v7e-m+fp/hard/libstdc++_nano.a(functexcept.o)
 .ARM.attributes
                0x00000000000006db       0x34 /usr/lib/gcc/arm-none-eabi/10.3.1/../../../arm-none-eabi/lib/thumb/v7e-m+fp/hard/libstdc++_nano.a(string-inst.o)
 .ARM.attributes
                0x000000000000070f       0x34 /usr/lib/gcc/arm-none-eabi/10.3.1/../../../arm-none-eabi/lib/thumb/v7e-m+fp/hard/libstdc++_nano.a(class_type_info.o)
 .ARM.attributes
                0x0000000000000743       0x34 /usr/lib/gcc/arm-none-eabi/10.3.1/../../../arm-none-eabi/lib/thumb/v7e-m+fp/hard/libstdc++_nano.a(del_op.o)
 .ARM.attributes
                0x0000000000000777       0x34 /usr/lib/gcc/arm-none-eabi/10.3.1/../../../arm-none-eabi/lib/thumb/v7e-m+fp/hard/libstdc++_nano.a(eh_call.o)
 .ARM.attributes
                0x00000000000007ab       0x34 /usr/lib/gcc/arm-none-eabi/10.3.1/../../../arm-none-eabi/lib/thumb/v7e-m+fp/hard/libstdc++_nano.a(eh_catch.o)
 .ARM.attributes
                0x00000000000007df       0x32 /usr/lib/gcc/arm-none-eabi/10.3.1/../../../arm-none-eabi/lib/thumb/v7e-m+fp/hard/libstdc++_nano.a(eh_term_handler.o)
 .ARM.attributes
                0x0000000000000811       0x34 /usr/lib/gcc/arm-none-eabi/10.3.1/../../../arm-none-eabi/lib/thumb/v7e-m+fp/hard/libstdc++_nano.a(new_handler.o)
 .ARM.attributes
                0x0000000000000845       0x34 /usr/lib/gcc/arm-none-eabi/10.3.1/../../../arm-none-eabi/lib/thumb/v7e-m+fp/hard/libc_nano.a(lib_a-abort.o)
 .ARM.attributes
                0x0000000000000879       0x34 /usr/lib/gcc/arm-none-eabi/10.3.1/../../../arm-none-eabi/lib/thumb/v7e-m+fp/hard/libc_nano.a(lib_a-errno.o)
 .ARM.attributes
                0x00000000000008ad       0x34 /usr/lib/gcc/arm-none-eabi/10.3.1/../../../arm-none-eabi/lib/thumb/v7e-m+fp/hard/libc_nano.a(lib_a-findfp.o)
 .ARM.attributes
                0x00000000000008e1       0x34 /usr/lib/gcc/arm-none-eabi/10.3.1/../../../arm-none-eabi/lib/thumb/v7e-m+fp/hard/libc_nano.a(lib_a-fwalk.o)
 .ARM.attributes
                0x0000000000000915       0x32 /usr/lib/gcc/arm-none-eabi/10.3.1/../../../arm-none-eabi/lib/thumb/v7e-m+fp/hard/libc_nano.a(lib_a-impure.o)
 .ARM.attributes
                0x0000000000000947       0x34 /usr/lib/gcc/arm-none-eabi/10.3.1/../../../arm-none-eabi/lib/thumb/v7e-m+fp/hard/libc_nano.a(lib_a-init.o)
 .ARM.attributes
                0x000000000000097b       0x34 /usr/lib/gcc/arm-none-eabi/10.3.1/../../../arm-none-eabi/lib/thumb/v7e-m+fp/hard/libc_nano.a(lib_a-malloc.o)
 .ARM.attributes
                0x00000000000009af       0x1c /usr/lib/gcc/arm-none-eabi/10.3.1/../../../arm-none-eabi/lib/thumb/v7e-m+fp/hard/libc_nano.a(lib_a-memchr.o)
 .ARM.attributes
                0x00000000000009cb       0x1c /usr/lib/gcc/arm-none-eabi/10.3.1/../../../arm-none-eabi/lib/thumb/v7e-m+fp/hard/libc_nano.a(lib_a-memcpy.o)
 .ARM.attributes
                0x00000000000009e7       0x34 /usr/lib/gcc/arm-none-eabi/10.3.1/../../../arm-none-eabi/lib/thumb/v7e-m+fp/hard/libc_nano.a(lib_a-memmove.o)
 .ARM.attributes
                0x0000000000000a1b       0x34 /usr/lib/gcc/arm-none-eabi/10.3.1/../../../arm-none-eabi/lib/thumb/v7e-m+fp/hard/libc_nano.a(lib_a-memset.o)
 .ARM.attributes
                0x0000000000000a4f       0x34 /usr/lib/gcc/arm-none-eabi/10.3.1/../../../arm-none-eabi/lib/thumb/v7e-m+fp/hard/libc_nano.a(lib_a-nano-freer.o)
 .ARM.attributes
                0x0000000000000a83       0x34 /usr/lib/gcc/arm-none-eabi/10.3.1/../../../arm-none-eabi/lib/thumb/v7e-m+fp/hard/libc_nano.a(lib_a-nano-mallocr.o)
 .ARM.attributes
                0x0000000000000ab7       0x34 /usr/lib/gcc/arm-none-eabi/10.3.1/../../../arm-none-eabi/lib/thumb/v7e-m+fp/hard/libc_nano.a(lib_a-nano-vfprintf_float.o)
 .ARM.attributes
                0x0000000000000aeb       0x34 /usr/lib/gcc/arm-none-eabi/10.3.1/../../../arm-none-eabi/lib/thumb/v7e-m+fp/hard/libc_nano.a(lib_a-nano-vfprintf_i.o)
 .ARM.attributes
                0x0000000000000b1f       0x34 /usr/lib/gcc/arm-none-eabi/10.3.1/../../../arm-none-eabi/lib/thumb/v7e-m+fp/hard/libc_nano.a(lib_a-sbrkr.o)
 .ARM.attributes
                0x0000000000000b53       0x34 /usr/lib/gcc/arm-none-eabi/10.3.1/../../../arm-none-eabi/lib/thumb/v7e-m+fp/hard/libc_nano.a(lib_a-signal.o)
 .ARM.attributes
                0x0000000000000b87       0x34 /usr/lib/gcc/arm-none-eabi/10.3.1/../../../arm-none-eabi/lib/thumb/v7e-m+fp/hard/libc_nano.a(lib_a-signalr.o)
 .ARM.attributes
                0x0000000000000bbb       0x34 /usr/lib/gcc/arm-none-eabi/10.3.1/../../../arm-none-eabi/lib/thumb/v7e-m+fp/hard/libc_nano.a(lib_a-snprintf.o)
 .ARM.attributes
                0x0000000000000bef       0x34 /usr/lib/gcc/arm-none-eabi/10.3.1/../../../arm-none-eabi/lib/thumb/v7e-m+fp/hard/libc_nano.a(lib_a-stdio.o)
 .ARM.attributes
                0x0000000000000c23       0x1c /usr/lib/gcc/arm-none-eabi/10.3.1/../../../arm-none-eabi/lib/thumb/v7e-m+fp/hard/libc_nano.a(lib_a-strcmp.o)
 .ARM.attributes
                0x0000000000000c3f       0x1c /usr/lib/gcc/arm-none-eabi/10.3.1/../../../arm-none-eabi/lib/thumb/v7e-m+fp/hard/libc_nano.a(lib_a-strlen.o)
 .ARM.attributes
                0x0000000000000c5b       0x34 /usr/lib/gcc/arm-none-eabi/10.3.1/../../../arm-none-eabi/lib/thumb/v7e-m+fp/hard/libc_nano.a(lib_a-writer.o)
 .ARM.attributes
                0x0000000000000c8f       0x34 /usr/lib/gcc/arm-none-eabi/10.3.1/../../../arm-none-eabi/lib/thumb/v7e-m+fp/hard/libc_nano.a(lib_a-closer.o)
 .ARM.attributes
                0x0000000000000cc3       0x34 /usr/lib/gcc/arm-none-eabi/10.3.1/../../../arm-none-eabi/lib/thumb/v7e-m+fp/hard/libc_nano.a(lib_a-dtoa.o)
 .ARM.attributes
                0x0000000000000cf7       0x34 /usr/lib/gcc/arm-none-eabi/10.3.1/../../../arm-none-eabi/lib/thumb/v7e-m+fp/hard/libc_nano.a(lib_a-fflush.o)
 .ARM.attributes
                0x0000000000000d2b       0x34 /usr/lib/gcc/arm-none-eabi/10.3.1/../../../arm-none-eabi/lib/thumb/v7e-m+fp/hard/libc_nano.a(lib_a-localeconv.o)
 .ARM.attributes
                0x0000000000000d5f       0x34 /usr/lib/gcc/arm-none-eabi/10.3.1/../../../arm-none-eabi/lib/thumb/v7e-m+fp/hard/libc_nano.a(lib_a-lseekr.o)
 .ARM.attributes
                0x0000000000000d93       0x34 /usr/lib/gcc/arm-none-eabi/10.3.1/../../../arm-none-eabi/lib/thumb/v7e-m+fp/hard/libc_nano.a(lib_a-mlock.o)
 .ARM.attributes
                0x0000000000000dc7       0x34 /usr/lib/gcc/arm-none-eabi/10.3.1/../../../arm-none-eabi/lib/thumb/v7e-m+fp/hard/libc_nano.a(lib_a-mprec.o)
 .ARM.attributes
                0x0000000000000dfb       0x34 /usr/lib/gcc/arm-none-eabi/10.3.1/../../../arm-none-eabi/lib/thumb/v7e-m+fp/hard/libc_nano.a(lib_a-nano-callocr.o)
 .ARM.attributes
                0x0000000000000e2f       0x34 /usr/lib/gcc/arm-none-eabi/10.3.1/../../../arm-none-eabi/lib/thumb/v7e-m+fp/hard/libc_nano.a(lib_a-nano-svfprintf.o)
 .ARM.attributes
                0x0000000000000e63       0x34 /usr/lib/gcc/arm-none-eabi/10.3.1/../../../arm-none-eabi/lib/thumb/v7e-m+fp/hard/libc_nano.a(lib_a-readr.o)
 .ARM.attributes
                0x0000000000000e97       0x34 /usr/lib/gcc/arm-none-eabi/10.3.1/../../../arm-none-eabi/lib/thumb/v7e-m+fp/hard/libc_nano.a(lib_a-reent.o)
 .ARM.attributes
                0x0000000000000ecb       0x34 /usr/lib/gcc/arm-none-eabi/10.3.1/../../../arm-none-eabi/lib/thumb/v7e-m+fp/hard/libc_nano.a(lib_a-assert.o)
 .ARM.attributes
                0x0000000000000eff       0x34 /usr/lib/gcc/arm-none-eabi/10.3.1/../../../arm-none-eabi/lib/thumb/v7e-m+fp/hard/libc_nano.a(lib_a-fprintf.o)
 .ARM.attributes
                0x0000000000000f33       0x34 /usr/lib/gcc/arm-none-eabi/10.3.1/../../../arm-none-eabi/lib/thumb/v7e-m+fp/hard/libc_nano.a(lib_a-locale.o)
 .ARM.attributes
                0x0000000000000f67       0x34 /usr/lib/gcc/arm-none-eabi/10.3.1/../../../arm-none-eabi/lib/thumb/v7e-m+fp/hard/libc_nano.a(lib_a-mbtowc_r.o)
 .ARM.attributes
                0x0000000000000f9b       0x34 /usr/lib/gcc/arm-none-eabi/10.3.1/../../../arm-none-eabi/lib/thumb/v7e-m+fp/hard/libc_nano.a(lib_a-nano-reallocr.o)
 .ARM.attributes
                0x0000000000000fcf       0x34 /usr/lib/gcc/arm-none-eabi/10.3.1/../../../arm-none-eabi/lib/thumb/v7e-m+fp/hard/libc_nano.a(lib_a-nano-vfprintf.o)
 .ARM.attributes
                0x0000000000001003       0x34 /usr/lib/gcc/arm-none-eabi/10.3.1/../../../arm-none-eabi/lib/thumb/v7e-m+fp/hard/libc_nano.a(lib_a-wbuf.o)
 .ARM.attributes
                0x0000000000001037       0x34 /usr/lib/gcc/arm-none-eabi/10.3.1/../../../arm-none-eabi/lib/thumb/v7e-m+fp/hard/libc_nano.a(lib_a-wctomb_r.o)
 .ARM.attributes
                0x000000000000106b       0x34 /usr/lib/gcc/arm-none-eabi/10.3.1/../../../arm-none-eabi/lib/thumb/v7e-m+fp/hard/libc_nano.a(lib_a-wsetup.o)
 .ARM.attributes
                0x000000000000109f       0x32 /usr/lib/gcc/arm-none-eabi/10.3.1/../../../arm-none-eabi/lib/thumb/v7e-m+fp/hard/libc_nano.a(lib_a-ctype_.o)
 .ARM.attributes
                0x00000000000010d1       0x34 /usr/lib/gcc/arm-none-eabi/10.3.1/../../../arm-none-eabi/lib/thumb/v7e-m+fp/hard/libc_nano.a(lib_a-fvwrite.o)
 .ARM.attributes
                0x0000000000001105       0x34 /usr/lib/gcc/arm-none-eabi/10.3.1/../../../arm-none-eabi/lib/thumb/v7e-m+fp/hard/libc_nano.a(lib_a-makebuf.o)
 .ARM.attributes
                0x0000000000001139       0x34 /usr/lib/gcc/arm-none-eabi/10.3.1/../../../arm-none-eabi/lib/thumb/v7e-m+fp/hard/libc_nano.a(lib_a-nano-msizer.o)
 .ARM.attributes
                0x000000000000116d       0x34 /usr/lib/gcc/arm-none-eabi/10.3.1/../../../arm-none-eabi/lib/thumb/v7e-m+fp/hard/libc_nano.a(lib_a-fstatr.o)
 .ARM.attributes
                0x00000000000011a1       0x34 /usr/lib/gcc/arm-none-eabi/10.3.1/../../../arm-none-eabi/lib/thumb/v7e-m+fp/hard/libc_nano.a(lib_a-isattyr.o)
 .ARM.attributes
                0x00000000000011d5       0x1e /usr/lib/gcc/arm-none-eabi/10.3.1/thumb/v7e-m+fp/hard/libgcc.a(_arm_addsubdf3.o)
 .ARM.attributes
                0x00000000000011f3       0x1e /usr/lib/gcc/arm-none-eabi/10.3.1/thumb/v7e-m+fp/hard/libgcc.a(_arm_muldivdf3.o)
 .ARM.attributes