Archive member included to satisfy reference by file (symbol)

/usr/lib/gcc/arm-none-eabi/10.3.1/thumb/v7e-m+fp/hard/libgcc.a(unwind-arm.o)
                              build/main.o (__aeabi_unwind_cpp_pr0)
/usr/lib/gcc/arm-none-eabi/10.3.1/thumb/v7e-m+fp/hard/libgcc.a(libunwind.o)
                              /usr/lib/gcc/arm-none-eabi/10.3.1/thumb/v7e-m+fp/hard/libgcc.a(unwind-arm.o) (restore_core_regs)
/usr/lib/gcc/arm-none-eabi/10.3.1/thumb/v7e-m+fp/hard/libgcc.a(pr-support.o)
                              /usr/lib/gcc/arm-none-eabi/10.3.1/thumb/v7e-m+fp/hard/libgcc.a(unwind-arm.o) (__gnu_unwind_execute)
/usr/lib/gcc/arm-none-eabi/10.3.1/../../../arm-none-eabi/lib/thumb/v7e-m+fp/hard/librdimon_nano.a(rdimon-syscalls.o)
                              /usr/lib/gcc/arm-none-eabi/10.3.1/../../../arm-none-eabi/lib/thumb/v7e-m+fp/hard/rdimon-crt0.o (initialise_monitor_handles)
/usr/lib/gcc/arm-none-eabi/10.3.1/../../../arm-none-eabi/lib/thumb/v7e-m+fp/hard/libstdc++_nano.a(del_ops.o)
                              build/WioE5.o (operator delete(void*, unsigned int))
/usr/lib/gcc/arm-none-eabi/10.3.1/../../../arm-none-eabi/lib/thumb/v7e-m+fp/hard/libstdc++_nano.a(eh_arm.o)
                              build/WioE5.o (__cxa_end_cleanup)
/usr/lib/gcc/arm-none-eabi/10.3.1/../../../arm-none-eabi/lib/thumb/v7e-m+fp/hard/libstdc++_nano.a(eh_exception.o)
                              /usr/lib/gcc/arm-none-eabi/10.3.1/../../../arm-none-eabi/lib/thumb/v7e-m+fp/hard/libstdc++_nano.a(eh_arm.o) (typeinfo for __cxxabiv1::__forced_unwind)
/usr/lib/gcc/arm-none-eabi/10.3.1/../../../arm-none-eabi/lib/thumb/v7e-m+fp/hard/libstdc++_nano.a(eh_globals.o)
                              /usr/lib/gcc/arm-none-eabi/10.3.1/../../../arm-none-eabi/lib/thumb/v7e-m+fp/hard/libstdc++_nano.a(eh_arm.o) (__cxa_get_globals)
/usr/lib/gcc/arm-none-eabi/10.3.1/../../../arm-none-eabi/lib/thumb/v7e-m+fp/hard/libstdc++_nano.a(eh_personality.o)
                              build/WioE5.o (__gxx_personality_v0)
/usr/lib/gcc/arm-none-eabi/10.3.1/../../../arm-none-eabi/lib/thumb/v7e-m+fp/hard/libstdc++_nano.a(eh_terminate.o)
                              /usr/lib/gcc/arm-none-eabi/10.3.1/../../../arm-none-eabi/lib/thumb/v7e-m+fp/hard/libstdc++_nano.a(eh_arm.o) (std::terminate())
/usr/lib/gcc/arm-none-eabi/10.3.1/../../../arm-none-eabi/lib/thumb/v7e-m+fp/hard/libstdc++_nano.a(eh_unex_handler.o)
                              /usr/lib/gcc/arm-none-eabi/10.3.1/../../../arm-none-eabi/lib/thumb/v7e-m+fp/hard/libstdc++_nano.a(eh_terminate.o) (__cxxabiv1::__unexpected_handler)
/usr/lib/gcc/arm-none-eabi/10.3.1/../../../arm-none-eabi/lib/thumb/v7e-m+fp/hard/libstdc++_nano.a(new_op.o)
                              build/WioE5.o (operator new(unsigned int))
/usr/lib/gcc/arm-none-eabi/10.3.1/../../../arm-none-eabi/lib/thumb/v7e-m+fp/hard/libstdc++_nano.a(pure.o)
                              /usr/lib/gcc/arm-none-eabi/10.3.1/../../../arm-none-eabi/lib/thumb/v7e-m+fp/hard/libstdc++_nano.a(eh_exception.o) (__cxa_pure_virtual)
/usr/lib/gcc/arm-none-eabi/10.3.1/../../../arm-none-eabi/lib/thumb/v7e-m+fp/hard/libstdc++_nano.a(si_class_type_info.o)
                              /usr/lib/gcc/arm-none-eabi/10.3.1/../../../arm-none-eabi/lib/thumb/v7e-m+fp/hard/libstdc++_nano.a(eh_exception.o) (vtable for __cxxabiv1::__si_class_type_info)
/usr/lib/gcc/arm-none-eabi/10.3.1/../../../arm-none-eabi/lib/thumb/v7e-m+fp/hard/libstdc++_nano.a(tinfo.o)
                              /usr/lib/gcc/arm-none-eabi/10.3.1/../../../arm-none-eabi/lib/thumb/v7e-m+fp/hard/libstdc++_nano.a(si_class_type_info.o) (std::type_info::__is_pointer_p() const)
/usr/lib/gcc/arm-none-eabi/10.3.1/../../../arm-none-eabi/lib/thumb/v7e-m+fp/hard/libstdc++_nano.a(functexcept.o)
                              build/WioE5.o (std::__throw_bad_alloc())
/usr/lib/gcc/arm-none-eabi/10.3.1/../../../arm-none-eabi/lib/thumb/v7e-m+fp/hard/libstdc++_nano.a(snprintf_lite.o)
                              /usr/lib/gcc/arm-none-eabi/10.3.1/../../../arm-none-eabi/lib/thumb/v7e-m+fp/hard/libstdc++_nano.a(functexcept.o) (__gnu_cxx::__snprintf_lite(char*, unsigned int, char const*, std::__va_list))
/usr/lib/gcc/arm-none-eabi/10.3.1/../../../arm-none-eabi/lib/thumb/v7e-m+fp/hard/libstdc++_nano.a(string-inst.o)
                              build/WioE5.o (std::__cxx11::basic_string<char, std::char_traits<char>, std::allocator<char> >::_M_create(unsigned int&, unsigned int))
/usr/lib/gcc/arm-none-eabi/10.3.1/../../../arm-none-eabi/lib/thumb/v7e-m+fp/hard/libstdc++_nano.a(class_type_info.o)
                              /usr/lib/gcc/arm-none-eabi/10.3.1/../../../arm-none-eabi/lib/thumb/v7e-m+fp/hard/libstdc++_nano.a(si_class_type_info.o) (__cxxabiv1::__class_type_info::__do_upcast(__cxxabiv1::__class_type_info const*, void**) const)
/usr/lib/gcc/arm-none-eabi/10.3.1/../../../arm-none-eabi/lib/thumb/v7e-m+fp/hard/libstdc++_nano.a(del_op.o)
[...]
Memory Configuration

Name             Origin             Length             Attributes
RAM              0x0000000020000000 0x0000000000003000 xrw
CCMRAM           0x0000000010000000 0x0000000000001000 xrw
FLASH            0x0000000008000000 0x0000000000010000 xr
*default*        0x0000000000000000 0xffffffffffffffff

Linker script and memory map

LOAD /usr/lib/gcc/arm-none-eabi/10.3.1/thumb/v7e-m+fp/hard/crti.o
LOAD /usr/lib/gcc/arm-none-eabi/10.3.1/thumb/v7e-m+fp/hard/crtbegin.o
LOAD /usr/lib/gcc/arm-none-eabi/10.3.1/../../../arm-none-eabi/lib/thumb/v7e-m+fp/hard/rdimon-crt0.o
LOAD build/gpio.o
LOAD build/usart.o
LOAD build/stm32f3xx_it.o
LOAD build/stm32f3xx_hal_msp.o
LOAD build/stm32f3xx_hal.o
LOAD build/stm32f3xx_hal_rcc.o
LOAD build/stm32f3xx_hal_rcc_ex.o
LOAD build/stm32f3xx_hal_gpio.o
LOAD build/stm32f3xx_hal_dma.o
LOAD build/stm32f3xx_hal_cortex.o
LOAD build/stm32f3xx_hal_pwr.o
LOAD build/stm32f3xx_hal_pwr_ex.o
LOAD build/stm32f3xx_hal_flash.o
LOAD build/stm32f3xx_hal_flash_ex.o
LOAD build/stm32f3xx_hal_i2c.o
LOAD build/stm32f3xx_hal_i2c_ex.o
LOAD build/stm32f3xx_hal_exti.o
LOAD build/stm32f3xx_hal_uart.o
LOAD build/stm32f3xx_hal_uart_ex.o
LOAD build/system_stm32f3xx.o
LOAD build/sysmem.o
LOAD build/main.o
LOAD build/WioE5.o
LOAD build/app.o
LOAD build/serial_printf.o
LOAD build/startup_stm32f303x8.o
LOAD /usr/lib/gcc/arm-none-eabi/10.3.1/../../../arm-none-eabi/lib/thumb/v7e-m+fp/hard/libnosys.a
LOAD /usr/lib/gcc/arm-none-eabi/10.3.1/thumb/v7e-m+fp/hard/libgcc.a
LOAD /usr/lib/gcc/arm-none-eabi/10.3.1/../../../arm-none-eabi/lib/thumb/v7e-m+fp/hard/librdimon_nano.a
LOAD /usr/lib/gcc/arm-none-eabi/10.3.1/../../../arm-none-eabi/lib/thumb/v7e-m+fp/hard/libstdc++_nano.a
LOAD /usr/lib/gcc/arm-none-eabi/10.3.1/../../../arm-none-eabi/lib/thumb/v7e-m+fp/hard/libstdc++_nano.a
LOAD /usr/lib/gcc/arm-none-eabi/10.3.1/../../../arm-none-eabi/lib/thumb/v7e-m+fp/hard/libm.a
LOAD /usr/lib/gcc/arm-none-eabi/10.3.1/../../../arm-none-eabi/lib/thumb/v7e-m+fp/hard/libc_nano.a
START GROUP
LOAD /usr/lib/gcc/arm-none-eabi/10.3.1/thumb/v7e-m+fp/hard/libgcc.a
LOAD /usr/lib/gcc/arm-none-eabi/10.3.1/../../../arm-none-eabi/lib/thumb/v7e-m+fp/hard/libc_nano.a
END GROUP
START GROUP
LOAD /usr/lib/gcc/arm-none-eabi/10.3.1/thumb/v7e-m+fp/hard/libgcc.a
LOAD /usr/lib/gcc/arm-none-eabi/10.3.1/../../../arm-none-eabi/lib/thumb/v7e-m+fp/hard/libc_nano.a
LOAD /usr/lib/gcc/arm-none-eabi/10.3.1/../../../arm-none-eabi/lib/thumb/v7e-m+fp/hard/librdimon_nano.a
END GROUP
START GROUP
LOAD /usr/lib/gcc/arm-none-eabi/10.3.1/thumb/v7e-m+fp/hard/libgcc.a
LOAD /usr/lib/gcc/arm-none-eabi/10.3.1/../../../arm-none-eabi/lib/thumb/v7e-m+fp/hard/libc_nano.a
LOAD /usr/lib/gcc/arm-none-eabi/10.3.1/../../../arm-none-eabi/lib/thumb/v7e-m+fp/hard/librdimon_nano.a
END GROUP
LOAD /usr/lib/gcc/arm-none-eabi/10.3.1/thumb/v7e-m+fp/hard/crtend.o
LOAD /usr/lib/gcc/arm-none-eabi/10.3.1/thumb/v7e-m+fp/hard/crtn.o
                0x0000000020003000                _estack = (ORIGIN (RAM) + LENGTH (RAM))
                0x0000000000000200                _Min_Heap_Size = 0x200
                0x0000000000000400                _Min_Stack_Size = 0x400

.isr_vector     0x0000000008000000      0x188
                0x0000000008000000                . = ALIGN (0x4)
 *(.isr_vector)
 .isr_vector    0x0000000008000000      0x188 build/startup_stm32f303x8.o
                0x0000000008000000                g_pfnVectors
                0x0000000008000188                . = ALIGN (0x4)

.text           0x00000000080001c0     0x9544
                0x00000000080001c0                . = ALIGN (0x4)
 *(.text)
 .text          0x00000000080001c0       0x88 /usr/lib/gcc/arm-none-eabi/10.3.1/thumb/v7e-m+fp/hard/crtbegin.o
 .text          0x0000000008000248      0x9d8 /usr/lib/gcc/arm-none-eabi/10.3.1/thumb/v7e-m+fp/hard/libgcc.a(unwind-arm.o)
                0x00000000080004f0                _Unwind_GetCFA
                0x00000000080004f4                __gnu_Unwind_RaiseException
                0x000000000800055c                __gnu_Unwind_ForcedUnwind
                0x000000000800056c                __gnu_Unwind_Resume
                0x00000000080005b0                __gnu_Unwind_Resume_or_Rethrow
                0x00000000080005c0                _Unwind_Complete
                0x00000000080005c4                _Unwind_DeleteException
                0x00000000080005d0                _Unwind_VRS_Get
                0x000000000800061c                _Unwind_VRS_Set
                0x0000000008000664                __gnu_Unwind_Backtrace
                0x0000000008000990                __aeabi_unwind_cpp_pr0
                0x0000000008000994                __aeabi_unwind_cpp_pr1
                0x0000000008000998                __aeabi_unwind_cpp_pr2
                0x000000000800099c                _Unwind_VRS_Pop
 .text          0x0000000008000c20      0x1ac /usr/lib/gcc/arm-none-eabi/10.3.1/thumb/v7e-m+fp/hard/libgcc.a(libunwind.o)
                0x0000000008000c20                __restore_core_regs
                0x0000000008000c20                restore_core_regs
                0x0000000008000c38                __gnu_Unwind_Restore_VFP
                0x0000000008000c40                __gnu_Unwind_Save_VFP
                0x0000000008000c48                __gnu_Unwind_Restore_VFP_D
                0x0000000008000c50                __gnu_Unwind_Save_VFP_D
                0x0000000008000c58                __gnu_Unwind_Restore_VFP_D_16_to_31
                0x0000000008000c60                __gnu_Unwind_Save_VFP_D_16_to_31
                0x0000000008000c68                __gnu_Unwind_Restore_WMMXD
                0x0000000008000cac                __gnu_Unwind_Save_WMMXD
                0x0000000008000cf0                __gnu_Unwind_Restore_WMMXC
                0x0000000008000d04                __gnu_Unwind_Save_WMMXC
                0x0000000008000d18                ___Unwind_RaiseException
                0x0000000008000d18                _Unwind_RaiseException
                0x0000000008000d3c                ___Unwind_Resume
                0x0000000008000d3c                _Unwind_Resume
                0x0000000008000d60                _Unwind_Resume_or_Rethrow
                0x0000000008000d60                ___Unwind_Resume_or_Rethrow
                0x0000000008000d84                ___Unwind_ForcedUnwind
                0x0000000008000d84                _Unwind_ForcedUnwind
                0x0000000008000da8                _Unwind_Backtrace
                0x0000000008000da8                ___Unwind_Backtrace
 .text          0x0000000008000dcc      0x350 /usr/lib/gcc/arm-none-eabi/10.3.1/thumb/v7e-m+fp/hard/libgcc.a(pr-support.o)
                0x0000000008000e24                __gnu_unwind_execute
                0x00000000080010d0                __gnu_unwind_frame
                0x00000000080010fc                _Unwind_GetRegionStart
                0x0000000008001108                _Unwind_GetLanguageSpecificData
 .text          0x000000000800111c      0xa08 /usr/lib/gcc/arm-none-eabi/10.3.1/../../../arm-none-eabi/lib/thumb/v7e-m+fp/hard/librdimon_nano.a(rdimon-syscalls.o)
                0x000000000800111c                _swiread
                0x0000000008001158                _read
                0x00000000080011e8                _swilseek
                0x00000000080012cc                _lseek
                0x00000000080012d0                _swiwrite
                0x000000000800130c                _write
                0x00000000080013c8                _swiclose
                0x0000000008001400                _close
                0x0000000008001498                _getpid
                0x00000000080014ec                _swistat
                0x000000000800156c                _fstat
                0x0000000008001588                _stat
                0x00000000080015c4                _swiopen
                0x0000000008001690                _open
                0x00000000080016a4                _get_semihosting_exts
                0x00000000080017b4                _has_ext_exit_extended
                0x00000000080017f4                _has_ext_stdout_stderr
                0x0000000008001834                initialise_monitor_handles
                0x0000000008001960                _link
                0x0000000008001970                _unlink
                0x00000000080019b0                _gettimeofday
                0x00000000080019d8                _clock
                0x00000000080019ec                _times
                0x0000000008001a0c                _isatty
                0x0000000008001a74                _system
                0x0000000008001ad0                _rename
 .text          0x0000000008001b24       0x10 /usr/lib/gcc/arm-none-eabi/10.3.1/../../../arm-none-eabi/lib/thumb/v7e-m+fp/hard/libc_nano.a(lib_a-abort.o)
                0x0000000008001b24                abort
 .text          0x0000000008001b34        0xc /usr/lib/gcc/arm-none-eabi/10.3.1/../../../arm-none-eabi/lib/thumb/v7e-m+fp/hard/libc_nano.a(lib_a-errno.o)
                0x0000000008001b34                __errno
 .text          0x0000000008001b40      0x238 /usr/lib/gcc/arm-none-eabi/10.3.1/../../../arm-none-eabi/lib/thumb/v7e-m+fp/hard/libc_nano.a(lib_a-findfp.o)
                0x0000000008001b44                _cleanup_r
                0x0000000008001b54                __sfmoreglue
                0x0000000008001b84                __sfp
                0x0000000008001d24                _cleanup
                0x0000000008001d38                __sinit
                0x0000000008001d40                __sfp_lock_acquire
                0x0000000008001d44                __sfp_lock_release
                0x0000000008001d48                __sinit_lock_acquire
                0x0000000008001d4c                __sinit_lock_release
                0x0000000008001d50                __fp_lock_all
                0x0000000008001d64                __fp_unlock_all
 .text          0x0000000008001d78       0x88 /usr/lib/gcc/arm-none-eabi/10.3.1/../../../arm-none-eabi/lib/thumb/v7e-m+fp/hard/libc_nano.a(lib_a-fwalk.o)
                0x0000000008001d78                _fwalk
                0x0000000008001db8                _fwalk_reent
 .text          0x0000000008001e00       0x48 /usr/lib/gcc/arm-none-eabi/10.3.1/../../../arm-none-eabi/lib/thumb/v7e-m+fp/hard/libc_nano.a(lib_a-init.o)
                0x0000000008001e00                __libc_init_array
 .text          0x0000000008001e48       0x20 /usr/lib/gcc/arm-none-eabi/10.3.1/../../../arm-none-eabi/lib/thumb/v7e-m+fp/hard/libc_nano.a(lib_a-malloc.o)
                0x0000000008001e48                malloc
                0x0000000008001e58                free
 *fill*         0x0000000008001e68        0x8 
 .text          0x0000000008001e70       0xa0 /usr/lib/gcc/arm-none-eabi/10.3.1/../../../arm-none-eabi/lib/thumb/v7e-m+fp/hard/libc_nano.a(lib_a-memchr.o)
                0x0000000008001e70                memchr
 .text          0x0000000008001f10      0x134 /usr/lib/gcc/arm-none-eabi/10.3.1/../../../arm-none-eabi/lib/thumb/v7e-m+fp/hard/libc_nano.a(lib_a-memcpy.o)
                0x0000000008001f10                memcpy
 .text          0x0000000008002044       0xf8 /usr/lib/gcc/arm-none-eabi/10.3.1/../../../arm-none-eabi/lib/thumb/v7e-m+fp/hard/libc_nano.a(lib_a-memmove.o)
                0x0000000008002044                memmove
 .text          0x000000000800213c       0xa4 /usr/lib/gcc/arm-none-eabi/10.3.1/../../../arm-none-eabi/lib/thumb/v7e-m+fp/hard/libc_nano.a(lib_a-memset.o)
                0x000000000800213c                memset
 .text          0x00000000080021e0       0xc4 /usr/lib/gcc/arm-none-eabi/10.3.1/../../../arm-none-eabi/lib/thumb/v7e-m+fp/hard/libc_nano.a(lib_a-nano-freer.o)
                0x00000000080021e0                _free_r
 .text          0x00000000080022a4       0xb4 /usr/lib/gcc/arm-none-eabi/10.3.1/../../../arm-none-eabi/lib/thumb/v7e-m+fp/hard/libc_nano.a(lib_a-nano-mallocr.o)
                0x00000000080022a4                _malloc_r
 .text          0x0000000008002358      0x6cc /usr/lib/gcc/arm-none-eabi/10.3.1/../../../arm-none-eabi/lib/thumb/v7e-m+fp/hard/libc_nano.a(lib_a-nano-vfprintf_float.o)
                0x0000000008002358                __cvt
                0x0000000008002454                __exponent
                0x00000000080024f0                _printf_float
 .text          0x0000000008002a24      0x3dc /usr/lib/gcc/arm-none-eabi/10.3.1/../../../arm-none-eabi/lib/thumb/v7e-m+fp/hard/libc_nano.a(lib_a-nano-vfprintf_i.o)
                0x0000000008002a24                _printf_common
                0x0000000008002b50                _printf_i
 .text          0x0000000008002e00       0x24 /usr/lib/gcc/arm-none-eabi/10.3.1/../../../arm-none-eabi/lib/thumb/v7e-m+fp/hard/libc_nano.a(lib_a-sbrkr.o)
                0x0000000008002e00                _sbrk_r
 .text          0x0000000008002e24      0x268 /usr/lib/gcc/arm-none-eabi/10.3.1/../../../arm-none-eabi/lib/thumb/v7e-m+fp/hard/libc_nano.a(lib_a-signal.o)
                0x0000000008002e24                _init_signal_r
                0x0000000008002e50                _signal_r
                0x0000000008002e98                _raise_r
                0x0000000008002eec                __sigtramp_r
                0x0000000008002f4c                raise
                0x0000000008002fa4                signal
                0x0000000008002ff4                _init_signal
                0x0000000008003028                __sigtramp
 .text          0x000000000800308c       0x30 /usr/lib/gcc/arm-none-eabi/10.3.1/../../../arm-none-eabi/lib/thumb/v7e-m+fp/hard/libc_nano.a(lib_a-signalr.o)
                0x000000000800308c                _kill_r
                0x00000000080030b8                _getpid_r
 .text          0x00000000080030bc      0x108 /usr/lib/gcc/arm-none-eabi/10.3.1/../../../arm-none-eabi/lib/thumb/v7e-m+fp/hard/libc_nano.a(lib_a-snprintf.o)
                0x00000000080030bc                _sniprintf_r
                0x00000000080030bc                _snprintf_r
                0x000000000800313c                snprintf
                0x000000000800313c                sniprintf
 .text          0x00000000080031c4       0x90 /usr/lib/gcc/arm-none-eabi/10.3.1/../../../arm-none-eabi/lib/thumb/v7e-m+fp/hard/libc_nano.a(lib_a-stdio.o)
                0x00000000080031c4                __sread
                0x00000000080031e8                __seofread
                0x00000000080031ec                __swrite
                0x000000000800322c                __sseek
                0x000000000800324c                __sclose
 *fill*         0x0000000008003254        0xc 
 .text          0x0000000008003260      0x2dc /usr/lib/gcc/arm-none-eabi/10.3.1/../../../arm-none-eabi/lib/thumb/v7e-m+fp/hard/libc_nano.a(lib_a-strcmp.o)
                0x0000000008003268                strcmp
 *fill*         0x000000000800353c        0x4 
 .text          0x0000000008003540       0xdc /usr/lib/gcc/arm-none-eabi/10.3.1/../../../arm-none-eabi/lib/thumb/v7e-m+fp/hard/libc_nano.a(lib_a-strlen.o)
                0x0000000008003540                strlen
 .text          0x000000000800361c       0x2c /usr/lib/gcc/arm-none-eabi/10.3.1/../../../arm-none-eabi/lib/thumb/v7e-m+fp/hard/libc_nano.a(lib_a-writer.o)
                0x000000000800361c                _write_r
 .text          0x0000000008003648       0x24 /usr/lib/gcc/arm-none-eabi/10.3.1/../../../arm-none-eabi/lib/thumb/v7e-m+fp/hard/libc_nano.a(lib_a-closer.o)
                0x0000000008003648                _close_r
 *fill*         0x000000000800366c        0x4 
 .text          0x0000000008003670     0x10a4 /usr/lib/gcc/arm-none-eabi/10.3.1/../../../arm-none-eabi/lib/thumb/v7e-m+fp/hard/libc_nano.a(lib_a-dtoa.o)
                0x0000000008003798                _dtoa_r
 .text          0x0000000008004714      0x1e8 /usr/lib/gcc/arm-none-eabi/10.3.1/../../../arm-none-eabi/lib/thumb/v7e-m+fp/hard/libc_nano.a(lib_a-fflush.o)
                0x0000000008004714                __sflush_r
                0x0000000008004828                _fflush_r
                0x000000000800487c                fflush
 .text          0x00000000080048fc       0x14 /usr/lib/gcc/arm-none-eabi/10.3.1/../../../arm-none-eabi/lib/thumb/v7e-m+fp/hard/libc_nano.a(lib_a-localeconv.o)
                0x00000000080048fc                __localeconv_l
                0x0000000008004900                _localeconv_r
                0x0000000008004908                localeconv
 .text          0x0000000008004910       0x2c /usr/lib/gcc/arm-none-eabi/10.3.1/../../../arm-none-eabi/lib/thumb/v7e-m+fp/hard/libc_nano.a(lib_a-lseekr.o)
                0x0000000008004910                _lseek_r
 .text          0x000000000800493c        0x8 /usr/lib/gcc/arm-none-eabi/10.3.1/../../../arm-none-eabi/lib/thumb/v7e-m+fp/hard/libc_nano.a(lib_a-mlock.o)
                0x000000000800493c                __malloc_lock
                0x0000000008004940                __malloc_unlock
 .text          0x0000000008004944      0xaec /usr/lib/gcc/arm-none-eabi/10.3.1/../../../arm-none-eabi/lib/thumb/v7e-m+fp/hard/libc_nano.a(lib_a-mprec.o)
                0x0000000008004944                _Balloc
                0x00000000080049c4                _Bfree
                0x0000000008004a0c                __multadd
                0x0000000008004ab0                __s2b
                0x0000000008004b64                __hi0bits
                0x0000000008004ba4                __lo0bits
                0x0000000008004c04                __i2b
                0x0000000008004c30                __multiply
                0x0000000008004d8c                __pow5mult
                0x0000000008004e6c                __lshift
                0x0000000008004f54                __mcmp
                0x0000000008004f98                __mdiff
                0x00000000080050e4                __ulp
                0x0000000008005144                __b2d
                0x0000000008005204                __d2b
                0x00000000080052d4                __ratio
                0x0000000008005330                _mprec_log10
                0x0000000008005370                __copybits
                0x00000000080053cc                __any_on
 .text          0x0000000008005430       0x1c /usr/lib/gcc/arm-none-eabi/10.3.1/../../../arm-none-eabi/lib/thumb/v7e-m+fp/hard/libc_nano.a(lib_a-nano-callocr.o)
                0x0000000008005430                _calloc_r
 .text          0x000000000800544c      0x3f0 /usr/lib/gcc/arm-none-eabi/10.3.1/../../../arm-none-eabi/lib/thumb/v7e-m+fp/hard/libc_nano.a(lib_a-nano-svfprintf.o)
                0x000000000800544c                __ssputs_r
                0x0000000008005510                __ssprint_r
                0x0000000008005608                _svfprintf_r
                0x0000000008005608                _svfiprintf_r
 .text          0x000000000800583c       0x2c /usr/lib/gcc/arm-none-eabi/10.3.1/../../../arm-none-eabi/lib/thumb/v7e-m+fp/hard/libc_nano.a(lib_a-readr.o)
                0x000000000800583c                _read_r
 .text          0x0000000008005868       0x4c /usr/lib/gcc/arm-none-eabi/10.3.1/../../../arm-none-eabi/lib/thumb/v7e-m+fp/hard/libc_nano.a(lib_a-assert.o)
                0x0000000008005868                __assert_func
                0x00000000080058a8                __assert
 .text          0x00000000080058b4       0x44 /usr/lib/gcc/arm-none-eabi/10.3.1/../../../arm-none-eabi/lib/thumb/v7e-m+fp/hard/libc_nano.a(lib_a-fprintf.o)
                0x00000000080058b4                _fprintf_r
                0x00000000080058b4                _fiprintf_r
                0x00000000080058d0                fprintf
                0x00000000080058d0                fiprintf
 .text          0x00000000080058f8       0x40 /usr/lib/gcc/arm-none-eabi/10.3.1/../../../arm-none-eabi/lib/thumb/v7e-m+fp/hard/libc_nano.a(lib_a-mbtowc_r.o)
                0x00000000080058f8                _mbtowc_r
                0x000000000800590c                __ascii_mbtowc
 .text          0x0000000008005938       0x50 /usr/lib/gcc/arm-none-eabi/10.3.1/../../../arm-none-eabi/lib/thumb/v7e-m+fp/hard/libc_nano.a(lib_a-nano-reallocr.o)
                0x0000000008005938                _realloc_r
 .text          0x0000000008005988      0x328 /usr/lib/gcc/arm-none-eabi/10.3.1/../../../arm-none-eabi/lib/thumb/v7e-m+fp/hard/libc_nano.a(lib_a-nano-vfprintf.o)
                0x00000000080059c4                __sfputs_r
                0x00000000080059f4                __sprint_r
                0x0000000008005a10                _vfiprintf_r
                0x0000000008005a10                _vfprintf_r
                0x0000000008005c94                vfiprintf
                0x0000000008005c94                vfprintf
 .text          0x0000000008005cb0       0xc8 /usr/lib/gcc/arm-none-eabi/10.3.1/../../../arm-none-eabi/lib/thumb/v7e-m+fp/hard/libc_nano.a(lib_a-wbuf.o)
                0x0000000008005cb0                __swbuf_r
                0x0000000008005d60                __swbuf
 .text          0x0000000008005d78       0x30 /usr/lib/gcc/arm-none-eabi/10.3.1/../../../arm-none-eabi/lib/thumb/v7e-m+fp/hard/libc_nano.a(lib_a-wctomb_r.o)
                0x0000000008005d78                _wctomb_r
                0x0000000008005d8c                __ascii_wctomb
 .text          0x0000000008005da8      0x104 /usr/lib/gcc/arm-none-eabi/10.3.1/../../../arm-none-eabi/lib/thumb/v7e-m+fp/hard/libc_nano.a(lib_a-wsetup.o)
                0x0000000008005da8                __swsetup_r
 .text          0x0000000008005eac      0x2f0 /usr/lib/gcc/arm-none-eabi/10.3.1/../../../arm-none-eabi/lib/thumb/v7e-m+fp/hard/libc_nano.a(lib_a-fvwrite.o)
                0x0000000008005eac                __sfvwrite_r
 .text          0x000000000800619c      0x11c /usr/lib/gcc/arm-none-eabi/10.3.1/../../../arm-none-eabi/lib/thumb/v7e-m+fp/hard/libc_nano.a(lib_a-makebuf.o)
                0x000000000800619c                __smakebuf_r
                0x000000000800625c                __swhatbuf_r
 .text          0x00000000080062b8       0x14 /usr/lib/gcc/arm-none-eabi/10.3.1/../../../arm-none-eabi/lib/thumb/v7e-m+fp/hard/libc_nano.a(lib_a-nano-msizer.o)
                0x00000000080062b8                _malloc_usable_size_r
 .text          0x00000000080062cc       0x2c /usr/lib/gcc/arm-none-eabi/10.3.1/../../../arm-none-eabi/lib/thumb/v7e-m+fp/hard/libc_nano.a(lib_a-fstatr.o)
                0x00000000080062cc                _fstat_r
 .text          0x00000000080062f8       0x24 /usr/lib/gcc/arm-none-eabi/10.3.1/../../../arm-none-eabi/lib/thumb/v7e-m+fp/hard/libc_nano.a(lib_a-isattyr.o)
                0x00000000080062f8                _isatty_r
 .text          0x000000000800631c      0x378 /usr/lib/gcc/arm-none-eabi/10.3.1/thumb/v7e-m+fp/hard/libgcc.a(_arm_addsubdf3.o)
                0x000000000800631c                __aeabi_drsub
                0x0000000008006324                __aeabi_dsub
                0x0000000008006324                __subdf3
                0x0000000008006328                __adddf3
                0x0000000008006328                __aeabi_dadd
                0x00000000080065a0                __aeabi_ui2d
                0x00000000080065a0                __floatunsidf
                0x00000000080065c0                __floatsidf
                0x00000000080065c0                __aeabi_i2d
                0x00000000080065e4                __extendsfdf2
                0x00000000080065e4                __aeabi_f2d
                0x0000000008006628                __aeabi_ul2d
                0x0000000008006628                __floatundidf
                0x0000000008006638                __floatdidf
                0x0000000008006638                __aeabi_l2d
 .text          0x0000000008006694      0x424 /usr/lib/gcc/arm-none-eabi/10.3.1/thumb/v7e-m+fp/hard/libgcc.a(_arm_muldivdf3.o)
                0x0000000008006694                __aeabi_dmul
                0x0000000008006694                __muldf3
                0x00000000080068e8                __aeabi_ddiv
                0x00000000080068e8                __divdf3
 .text          0x0000000008006ab8      0x110 /usr/lib/gcc/arm-none-eabi/10.3.1/thumb/v7e-m+fp/hard/libgcc.a(_arm_cmpdf2.o)
                0x0000000008006ab8                __gtdf2
                0x0000000008006ab8                __gedf2
                0x0000000008006ac0                __ltdf2
                0x0000000008006ac0                __ledf2
                0x0000000008006ac8                __cmpdf2
                0x0000000008006ac8                __eqdf2
                0x0000000008006ac8                __nedf2
                0x0000000008006b44                __aeabi_cdrcmple
                0x0000000008006b54                __aeabi_cdcmple
                0x0000000008006b54                __aeabi_cdcmpeq
                0x0000000008006b64                __aeabi_dcmpeq
                0x0000000008006b78                __aeabi_dcmplt
                0x0000000008006b8c                __aeabi_dcmple
                0x0000000008006ba0                __aeabi_dcmpge
                0x0000000008006bb4                __aeabi_dcmpgt
 .text          0x0000000008006bc8       0x2c /usr/lib/gcc/arm-none-eabi/10.3.1/thumb/v7e-m+fp/hard/libgcc.a(_arm_unorddf2.o)
                0x0000000008006bc8                __aeabi_dcmpun
                0x0000000008006bc8                __unorddf2
 .text          0x0000000008006bf4       0x50 /usr/lib/gcc/arm-none-eabi/10.3.1/thumb/v7e-m+fp/hard/libgcc.a(_arm_fixdfsi.o)
                0x0000000008006bf4                __fixdfsi
                0x0000000008006bf4                __aeabi_d2iz
 .text          0x0000000008006c44       0x14 /usr/lib/gcc/arm-none-eabi/10.3.1/../../../arm-none-eabi/lib/thumb/v7e-m+fp/hard/librdimon_nano.a(rdimon-_exit.o)
                0x0000000008006c44                _exit
 .text          0x0000000008006c58       0x4c /usr/lib/gcc/arm-none-eabi/10.3.1/../../../arm-none-eabi/lib/thumb/v7e-m+fp/hard/librdimon_nano.a(rdimon-_kill.o)
                0x0000000008006c58                _kill_shared
                0x0000000008006c88                _kill
 *(.text*)
 .text.MX_GPIO_Init
                0x0000000008006ca4       0xac build/gpio.o
                0x0000000008006ca4                MX_GPIO_Init
 .text.MX_USART1_UART_Init
                0x0000000008006d50       0x38 build/usart.o
                0x0000000008006d50                MX_USART1_UART_Init
 .text.MX_USART2_UART_Init
                0x0000000008006d88       0x38 build/usart.o
                0x0000000008006d88                MX_USART2_UART_Init
 .text.HAL_UART_MspInit
                0x0000000008006dc0       0xc8 build/usart.o
                0x0000000008006dc0                HAL_UART_MspInit
 .text.NMI_Handler
                0x0000000008006e88        0x2 build/stm32f3xx_it.o
                0x0000000008006e88                NMI_Handler
 .text.HardFault_Handler
                0x0000000008006e8a        0x2 build/stm32f3xx_it.o
                0x0000000008006e8a                HardFault_Handler
 .text.MemManage_Handler
                0x0000000008006e8c        0x2 build/stm32f3xx_it.o
                0x0000000008006e8c                MemManage_Handler
 .text.BusFault_Handler
                0x0000000008006e8e        0x2 build/stm32f3xx_it.o
                0x0000000008006e8e                BusFault_Handler
 .text.UsageFault_Handler
                0x0000000008006e90        0x2 build/stm32f3xx_it.o
                0x0000000008006e90                UsageFault_Handler
 .text.SVC_Handler
                0x0000000008006e92        0x2 build/stm32f3xx_it.o
                0x0000000008006e92                SVC_Handler
 .text.DebugMon_Handler
                0x0000000008006e94        0x2 build/stm32f3xx_it.o
                0x0000000008006e94                DebugMon_Handler
 .text.PendSV_Handler
                0x0000000008006e96        0x2 build/stm32f3xx_it.o
                0x0000000008006e96                PendSV_Handler
 .text.SysTick_Handler
                0x0000000008006e98        0x8 build/stm32f3xx_it.o
                0x0000000008006e98                SysTick_Handler
 .text.USART2_IRQHandler
                0x0000000008006ea0       0x10 build/stm32f3xx_it.o
                0x0000000008006ea0                USART2_IRQHandler
 .text.HAL_MspInit
                0x0000000008006eb0       0x30 build/stm32f3xx_hal_msp.o
                0x0000000008006eb0                HAL_MspInit
 .text.HAL_InitTick
                0x0000000008006ee0       0x4c build/stm32f3xx_hal.o
                0x0000000008006ee0                HAL_InitTick
 .text.HAL_Init
                0x0000000008006f2c       0x24 build/stm32f3xx_hal.o
                0x0000000008006f2c                HAL_Init
 .text.HAL_IncTick
                0x0000000008006f50       0x18 build/stm32f3xx_hal.o
                0x0000000008006f50                HAL_IncTick
 .text.HAL_GetTick
                0x0000000008006f68        0xc build/stm32f3xx_hal.o
                0x0000000008006f68                HAL_GetTick
 .text.HAL_RCC_OscConfig
                0x0000000008006f74      0x634 build/stm32f3xx_hal_rcc.o
                0x0000000008006f74                HAL_RCC_OscConfig
 .text.HAL_RCC_GetSysClockFreq
                0x00000000080075a8       0x54 build/stm32f3xx_hal_rcc.o
                0x00000000080075a8                HAL_RCC_GetSysClockFreq
 .text.HAL_RCC_ClockConfig
                0x00000000080075fc      0x1a8 build/stm32f3xx_hal_rcc.o
                0x00000000080075fc                HAL_RCC_ClockConfig
 .text.HAL_RCC_GetHCLKFreq
                0x00000000080077a4        0xc build/stm32f3xx_hal_rcc.o
                0x00000000080077a4                HAL_RCC_GetHCLKFreq
 .text.HAL_RCC_GetPCLK1Freq
                0x00000000080077b0       0x2c build/stm32f3xx_hal_rcc.o
                0x00000000080077b0                HAL_RCC_GetPCLK1Freq
 .text.HAL_RCC_GetPCLK2Freq
                0x00000000080077dc       0x2c build/stm32f3xx_hal_rcc.o
                0x00000000080077dc                HAL_RCC_GetPCLK2Freq
 .text.HAL_RCCEx_PeriphCLKConfig
                0x0000000008007808      0x18c build/stm32f3xx_hal_rcc_ex.o
                0x0000000008007808                HAL_RCCEx_PeriphCLKConfig
 .text.HAL_GPIO_Init
                0x0000000008007994      0x1bc build/stm32f3xx_hal_gpio.o
                0x0000000008007994                HAL_GPIO_Init
 .text.HAL_GPIO_WritePin
                0x0000000008007b50        0xa build/stm32f3xx_hal_gpio.o
                0x0000000008007b50                HAL_GPIO_WritePin
 .text.HAL_GPIO_TogglePin
                0x0000000008007b5a       0x12 build/stm32f3xx_hal_gpio.o
                0x0000000008007b5a                HAL_GPIO_TogglePin
 .text.HAL_DMA_Abort
                0x0000000008007b6c       0x4a build/stm32f3xx_hal_dma.o
                0x0000000008007b6c                HAL_DMA_Abort
 .text.HAL_DMA_Abort_IT
                0x0000000008007bb6       0x4a build/stm32f3xx_hal_dma.o
                0x0000000008007bb6                HAL_DMA_Abort_IT
 .text.HAL_NVIC_SetPriorityGrouping
                0x0000000008007c00       0x24 build/stm32f3xx_hal_cortex.o
                0x0000000008007c00                HAL_NVIC_SetPriorityGrouping
 .text.HAL_NVIC_SetPriority
                0x0000000008007c24       0x70 build/stm32f3xx_hal_cortex.o
                0x0000000008007c24                HAL_NVIC_SetPriority
 .text.HAL_NVIC_EnableIRQ
                0x0000000008007c94       0x1c build/stm32f3xx_hal_cortex.o
                0x0000000008007c94                HAL_NVIC_EnableIRQ
 .text.HAL_SYSTICK_Config
                0x0000000008007cb0       0x28 build/stm32f3xx_hal_cortex.o
                0x0000000008007cb0                HAL_SYSTICK_Config
 .text.UART_EndRxTransfer
                0x0000000008007cd8       0x52 build/stm32f3xx_hal_uart.o
 .text.HAL_UART_TxCpltCallback
                0x0000000008007d2a        0x2 build/stm32f3xx_hal_uart.o
                0x0000000008007d2a                HAL_UART_TxCpltCallback
 .text.UART_EndTransmit_IT
                0x0000000008007d2c       0x22 build/stm32f3xx_hal_uart.o
 .text.HAL_UART_ErrorCallback
                0x0000000008007d4e        0x2 build/stm32f3xx_hal_uart.o
                0x0000000008007d4e                HAL_UART_ErrorCallback
 .text.UART_DMAAbortOnError
                0x0000000008007d50       0x14 build/stm32f3xx_hal_uart.o
 .text.HAL_UARTEx_RxEventCallback
                0x0000000008007d64        0x2 build/stm32f3xx_hal_uart.o
                0x0000000008007d64                HAL_UARTEx_RxEventCallback
 *fill*         0x0000000008007d66        0x2 
 .text.HAL_UART_IRQHandler
                0x0000000008007d68      0x2ec build/stm32f3xx_hal_uart.o
                0x0000000008007d68                HAL_UART_IRQHandler
 .text.UART_RxISR_8BIT
                0x0000000008008054       0xd0 build/stm32f3xx_hal_uart.o
 .text.UART_RxISR_16BIT
                0x0000000008008124       0xce build/stm32f3xx_hal_uart.o
 *fill*         0x00000000080081f2        0x2 
 .text.UART_SetConfig
                0x00000000080081f4      0x164 build/stm32f3xx_hal_uart.o
                0x00000000080081f4                UART_SetConfig
 .text.UART_AdvFeatureConfig
                0x0000000008008358       0xca build/stm32f3xx_hal_uart.o
                0x0000000008008358                UART_AdvFeatureConfig
 .text.UART_WaitOnFlagUntilTimeout
                0x0000000008008422       0xa2 build/stm32f3xx_hal_uart.o
                0x0000000008008422                UART_WaitOnFlagUntilTimeout
 .text.HAL_UART_Transmit
                0x00000000080084c4       0xc8 build/stm32f3xx_hal_uart.o
                0x00000000080084c4                HAL_UART_Transmit
 .text.UART_CheckIdleState
                0x000000000800858c       0xc6 build/stm32f3xx_hal_uart.o
                0x000000000800858c                UART_CheckIdleState
 .text.HAL_UART_Init
                0x0000000008008652       0x62 build/stm32f3xx_hal_uart.o
                0x0000000008008652                HAL_UART_Init
 .text.UART_Start_Receive_IT
                0x00000000080086b4       0xd4 build/stm32f3xx_hal_uart.o
                0x00000000080086b4                UART_Start_Receive_IT
 .text.HAL_UART_Receive_IT
                0x0000000008008788       0x40 build/stm32f3xx_hal_uart.o
                0x0000000008008788                HAL_UART_Receive_IT
 .text.HAL_UARTEx_WakeupCallback
                0x00000000080087c8        0x2 build/stm32f3xx_hal_uart_ex.o
                0x00000000080087c8                HAL_UARTEx_WakeupCallback
 *fill*         0x00000000080087ca        0x2 
 .text.SystemInit
                0x00000000080087cc       0x14 build/system_stm32f3xx.o
                0x00000000080087cc                SystemInit
 .text._sbrk    0x00000000080087e0       0x48 build/sysmem.o
                0x00000000080087e0                _sbrk
 .text.Error_Handler
                0x0000000008008828        0x4 build/main.o
                0x0000000008008828                Error_Handler
 .text._Z18SystemClock_Configv
                0x000000000800882c       0x80 build/main.o
                0x000000000800882c                SystemClock_Config()
 .text.main     0x00000000080088ac       0x38 build/main.o
                0x00000000080088ac                main
 .text.HAL_UART_RxCpltCallback
                0x00000000080088e4       0x60 build/WioE5.o
                0x00000000080088e4                HAL_UART_RxCpltCallback
 .text._ZN5WioE56sendATEPKc
                0x0000000008008944       0x30 build/WioE5.o
                0x0000000008008944                WioE5::sendAT(char const*)
 .text._ZNSt7__cxx1112basic_stringIcSt11char_traitsIcESaIcEE12_M_constructIPKcEEvT_S8_St20forward_iterator_tag
                0x0000000008008974       0x58 build/WioE5.o
                0x0000000008008974                void std::__cxx11::basic_string<char, std::char_traits<char>, std::allocator<char> >::_M_construct<char const*>(char const*, char const*, std::forward_iterator_tag)
 .text._ZNSt12_Vector_baseIcSaIcEED2Ev
                0x00000000080089cc       0x14 build/WioE5.o
                0x00000000080089cc                std::_Vector_base<char, std::allocator<char> >::~_Vector_base()
                0x00000000080089cc                std::_Vector_base<char, std::allocator<char> >::~_Vector_base()
 .text._Z13serial_printfIJEEvRKNSt7__cxx1112basic_stringIcSt11char_traitsIcESaIcEEEDpT_
                0x00000000080089e0       0x94 build/WioE5.o
                0x00000000080089e0                void serial_printf<>(std::__cxx11::basic_string<char, std::char_traits<char>, std::allocator<char> > const&)
 .text._ZN5WioE55setupEv
                0x0000000008008a74       0x54 build/WioE5.o
                0x0000000008008a74                WioE5::setup()
 .text._Z13serial_printfIJPcEEvRKNSt7__cxx1112basic_stringIcSt11char_traitsIcESaIcEEEDpT_
                0x0000000008008ac8       0xa0 build/WioE5.o
                0x0000000008008ac8                void serial_printf<char*>(std::__cxx11::basic_string<char, std::char_traits<char>, std::allocator<char> > const&, char*)
 .text._ZN5WioE54loopEv
                0x0000000008008b68       0x5c build/WioE5.o
                0x0000000008008b68                WioE5::loop()
 .text._ZN3App5setupEv
                0x0000000008008bc4       0x20 build/app.o
                0x0000000008008bc4                App::setup()
 .text._ZN3App9led_blinkEv
                0x0000000008008be4       0x26 build/app.o
                0x0000000008008be4                App::led_blink()
 .text._ZN3App4loopEv
                0x0000000008008c0a        0x8 build/app.o
                0x0000000008008c0a                App::loop()
 *fill*         0x0000000008008c12        0x2 
 .text.Reset_Handler
                0x0000000008008c14       0x50 build/startup_stm32f303x8.o
                0x0000000008008c14                Reset_Handler
 .text.Default_Handler
                0x0000000008008c64        0x2 build/startup_stm32f303x8.o
                0x0000000008008c64                RTC_Alarm_IRQHandler
                0x0000000008008c64                TIM1_CC_IRQHandler
                0x0000000008008c64                PVD_IRQHandler
                0x0000000008008c64                TAMP_STAMP_IRQHandler
                0x0000000008008c64                EXTI3_IRQHandler
                0x0000000008008c64                EXTI0_IRQHandler
                0x0000000008008c64                FPU_IRQHandler
                0x0000000008008c64                CAN_TX_IRQHandler
                0x0000000008008c64                TIM1_UP_TIM16_IRQHandler
                0x0000000008008c64                ADC1_2_IRQHandler
                0x0000000008008c64                SPI1_IRQHandler
                0x0000000008008c64                CAN_SCE_IRQHandler
                0x0000000008008c64                DMA1_Channel4_IRQHandler
                0x0000000008008c64                USART3_IRQHandler
                0x0000000008008c64                DMA1_Channel7_IRQHandler
                0x0000000008008c64                TIM7_DAC2_IRQHandler
                0x0000000008008c64                CAN_RX1_IRQHandler
                0x0000000008008c64                I2C1_EV_IRQHandler
                0x0000000008008c64                DMA1_Channel6_IRQHandler
                0x0000000008008c64                TIM3_IRQHandler
                0x0000000008008c64                RCC_IRQHandler
                0x0000000008008c64                DMA1_Channel1_IRQHandler
                0x0000000008008c64                Default_Handler
                0x0000000008008c64                EXTI15_10_IRQHandler
                0x0000000008008c64                COMP2_IRQHandler
                0x0000000008008c64                TIM6_DAC1_IRQHandler
                0x0000000008008c64                EXTI9_5_IRQHandler
                0x0000000008008c64                RTC_WKUP_IRQHandler
                0x0000000008008c64                DMA1_Channel5_IRQHandler
                0x0000000008008c64                EXTI4_IRQHandler
                0x0000000008008c64                TIM1_TRG_COM_TIM17_IRQHandler
                0x0000000008008c64                DMA1_Channel3_IRQHandler
                0x0000000008008c64                WWDG_IRQHandler
                0x0000000008008c64                TIM2_IRQHandler
                0x0000000008008c64                EXTI1_IRQHandler
                0x0000000008008c64                COMP4_6_IRQHandler
                0x0000000008008c64                DMA1_Channel2_IRQHandler
                0x0000000008008c64                FLASH_IRQHandler
                0x0000000008008c64                USART1_IRQHandler
                0x0000000008008c64                CAN_RX0_IRQHandler
                0x0000000008008c64                I2C1_ER_IRQHandler
                0x0000000008008c64                EXTI2_TSC_IRQHandler
                0x0000000008008c64                TIM1_BRK_TIM15_IRQHandler
 .text.unlikely
                0x0000000008008c66        0xc /usr/lib/gcc/arm-none-eabi/10.3.1/thumb/v7e-m+fp/hard/libgcc.a(pr-support.o)
                0x0000000008008c66                _Unwind_GetDataRelBase
                0x0000000008008c6c                _Unwind_GetTextRelBase
 .text._ZdlPvj  0x0000000008008c72        0x4 /usr/lib/gcc/arm-none-eabi/10.3.1/../../../arm-none-eabi/lib/thumb/v7e-m+fp/hard/libstdc++_nano.a(del_ops.o)
                0x0000000008008c72                operator delete(void*, unsigned int)
 .text.__cxa_end_cleanup
                0x0000000008008c76        0xc /usr/lib/gcc/arm-none-eabi/10.3.1/../../../arm-none-eabi/lib/thumb/v7e-m+fp/hard/libstdc++_nano.a(eh_arm.o)
                0x0000000008008c76                __cxa_end_cleanup
 .text._ZN10__cxxabiv1L24__is_gxx_exception_classEPc
                0x0000000008008c82       0x3a /usr/lib/gcc/arm-none-eabi/10.3.1/../../../arm-none-eabi/lib/thumb/v7e-m+fp/hard/libstdc++_nano.a(eh_arm.o)
 .text.__cxa_type_match
                0x0000000008008cbc       0xbc /usr/lib/gcc/arm-none-eabi/10.3.1/../../../arm-none-eabi/lib/thumb/v7e-m+fp/hard/libstdc++_nano.a(eh_arm.o)
                0x0000000008008cbc                __cxa_type_match
 .text.__cxa_begin_cleanup
                0x0000000008008d78       0x3a /usr/lib/gcc/arm-none-eabi/10.3.1/../../../arm-none-eabi/lib/thumb/v7e-m+fp/hard/libstdc++_nano.a(eh_arm.o)
                0x0000000008008d78                __cxa_begin_cleanup
 .text.__gnu_end_cleanup
                0x0000000008008db2       0x32 /usr/lib/gcc/arm-none-eabi/10.3.1/../../../arm-none-eabi/lib/thumb/v7e-m+fp/hard/libstdc++_nano.a(eh_arm.o)
                0x0000000008008db2                __gnu_end_cleanup
 .text.__cxa_get_globals
                0x0000000008008de4        0x8 /usr/lib/gcc/arm-none-eabi/10.3.1/../../../arm-none-eabi/lib/thumb/v7e-m+fp/hard/libstdc++_nano.a(eh_globals.o)
                0x0000000008008de4                __cxa_get_globals
 .text._ZL12read_uleb128PKhPm
                0x0000000008008dec       0x1e /usr/lib/gcc/arm-none-eabi/10.3.1/../../../arm-none-eabi/lib/thumb/v7e-m+fp/hard/libstdc++_nano.a(eh_personality.o)
 .text._ZL12read_sleb128PKhPl
                0x0000000008008e0a       0x30 /usr/lib/gcc/arm-none-eabi/10.3.1/../../../arm-none-eabi/lib/thumb/v7e-m+fp/hard/libstdc++_nano.a(eh_personality.o)
 .text._ZL28read_encoded_value_with_basehjPKhPj
                0x0000000008008e3a       0x8c /usr/lib/gcc/arm-none-eabi/10.3.1/../../../arm-none-eabi/lib/thumb/v7e-m+fp/hard/libstdc++_nano.a(eh_personality.o)
 .text._ZL21base_of_encoded_valuehP15_Unwind_Context
                0x0000000008008ec6       0x48 /usr/lib/gcc/arm-none-eabi/10.3.1/../../../arm-none-eabi/lib/thumb/v7e-m+fp/hard/libstdc++_nano.a(eh_personality.o)
 .text._ZL18read_encoded_valueP15_Unwind_ContexthPKhPj
                0x0000000008008f0e       0x22 /usr/lib/gcc/arm-none-eabi/10.3.1/../../../arm-none-eabi/lib/thumb/v7e-m+fp/hard/libstdc++_nano.a(eh_personality.o)
 .text._ZL17parse_lsda_headerP15_Unwind_ContextPKhP16lsda_header_info
                0x0000000008008f30       0x62 /usr/lib/gcc/arm-none-eabi/10.3.1/../../../arm-none-eabi/lib/thumb/v7e-m+fp/hard/libstdc++_nano.a(eh_personality.o)
 .text._Unwind_GetGR
                0x0000000008008f92       0x18 /usr/lib/gcc/arm-none-eabi/10.3.1/../../../arm-none-eabi/lib/thumb/v7e-m+fp/hard/libstdc++_nano.a(eh_personality.o)
 *fill*         0x0000000008008faa        0x2 
 .text.__gxx_personality_v0
                0x0000000008008fac      0x338 /usr/lib/gcc/arm-none-eabi/10.3.1/../../../arm-none-eabi/lib/thumb/v7e-m+fp/hard/libstdc++_nano.a(eh_personality.o)
                0x0000000008008fac                __gxx_personality_v0
 .text._ZN10__cxxabiv111__terminateEPFvvE
                0x00000000080092e4        0x8 /usr/lib/gcc/arm-none-eabi/10.3.1/../../../arm-none-eabi/lib/thumb/v7e-m+fp/hard/libstdc++_nano.a(eh_terminate.o)
                0x00000000080092e4                __cxxabiv1::__terminate(void (*)())
 .text._ZSt13get_terminatev
                0x00000000080092ec       0x10 /usr/lib/gcc/arm-none-eabi/10.3.1/../../../arm-none-eabi/lib/thumb/v7e-m+fp/hard/libstdc++_nano.a(eh_terminate.o)
                0x00000000080092ec                std::get_terminate()
 .text._ZSt9terminatev
                0x00000000080092fc        0xa /usr/lib/gcc/arm-none-eabi/10.3.1/../../../arm-none-eabi/lib/thumb/v7e-m+fp/hard/libstdc++_nano.a(eh_terminate.o)
                0x00000000080092fc                std::terminate()
 .text._ZN10__cxxabiv112__unexpectedEPFvvE
                0x0000000008009306        0x8 /usr/lib/gcc/arm-none-eabi/10.3.1/../../../arm-none-eabi/lib/thumb/v7e-m+fp/hard/libstdc++_nano.a(eh_terminate.o)
                0x0000000008009306                __cxxabiv1::__unexpected(void (*)())
 *fill*         0x000000000800930e        0x2 
 .text._ZSt14get_unexpectedv
                0x0000000008009310       0x10 /usr/lib/gcc/arm-none-eabi/10.3.1/../../../arm-none-eabi/lib/thumb/v7e-m+fp/hard/libstdc++_nano.a(eh_terminate.o)
                0x0000000008009310                std::get_unexpected()
 .text._ZSt10unexpectedv
                0x0000000008009320        0xa /usr/lib/gcc/arm-none-eabi/10.3.1/../../../arm-none-eabi/lib/thumb/v7e-m+fp/hard/libstdc++_nano.a(eh_terminate.o)
                0x0000000008009320                std::unexpected()
 .text._Znwj    0x000000000800932a       0x22 /usr/lib/gcc/arm-none-eabi/10.3.1/../../../arm-none-eabi/lib/thumb/v7e-m+fp/hard/libstdc++_nano.a(new_op.o)
                0x000000000800932a                operator new(unsigned int)
 .text._ZN10__cxxabiv120__si_class_type_infoD2Ev
                0x000000000800934c       0x14 /usr/lib/gcc/arm-none-eabi/10.3.1/../../../arm-none-eabi/lib/thumb/v7e-m+fp/hard/libstdc++_nano.a(si_class_type_info.o)
                0x000000000800934c                __cxxabiv1::__si_class_type_info::~__si_class_type_info()
                0x000000000800934c                __cxxabiv1::__si_class_type_info::~__si_class_type_info()
 .text._ZN10__cxxabiv120__si_class_type_infoD0Ev
                0x0000000008009360       0x14 /usr/lib/gcc/arm-none-eabi/10.3.1/../../../arm-none-eabi/lib/thumb/v7e-m+fp/hard/libstdc++_nano.a(si_class_type_info.o)
                0x0000000008009360                __cxxabiv1::__si_class_type_info::~__si_class_type_info()
 .text._ZNK10__cxxabiv120__si_class_type_info20__do_find_public_srcEiPKvPKNS_17__class_type_infoES2_
                0x0000000008009374       0x38 /usr/lib/gcc/arm-none-eabi/10.3.1/../../../arm-none-eabi/lib/thumb/v7e-m+fp/hard/libstdc++_nano.a(si_class_type_info.o)
                0x0000000008009374                __cxxabiv1::__si_class_type_info::__do_find_public_src(int, void const*, __cxxabiv1::__class_type_info const*, void const*) const
 .text._ZNK10__cxxabiv120__si_class_type_info12__do_dyncastEiNS_17__class_type_info10__sub_kindEPKS1_PKvS4_S6_RNS1_16__dyncast_resultE
                0x00000000080093ac       0x74 /usr/lib/gcc/arm-none-eabi/10.3.1/../../../arm-none-eabi/lib/thumb/v7e-m+fp/hard/libstdc++_nano.a(si_class_type_info.o)
                0x00000000080093ac                __cxxabiv1::__si_class_type_info::__do_dyncast(int, __cxxabiv1::__class_type_info::__sub_kind, __cxxabiv1::__class_type_info const*, void const*, __cxxabiv1::__class_type_info const*, void const*, __cxxabiv1::__class_type_info::__dyncast_result&) const
 .text._ZNK10__cxxabiv120__si_class_type_info11__do_upcastEPKNS_17__class_type_infoEPKvRNS1_15__upcast_resultE
                0x0000000008009420       0x2a /usr/lib/gcc/arm-none-eabi/10.3.1/../../../arm-none-eabi/lib/thumb/v7e-m+fp/hard/libstdc++_nano.a(si_class_type_info.o)
                0x0000000008009420                __cxxabiv1::__si_class_type_info::__do_upcast(__cxxabiv1::__class_type_info const*, void const*, __cxxabiv1::__class_type_info::__upcast_result&) const
 .text._ZNSt9type_infoD2Ev
                0x000000000800944a        0x2 /usr/lib/gcc/arm-none-eabi/10.3.1/../../../arm-none-eabi/lib/thumb/v7e-m+fp/hard/libstdc++_nano.a(tinfo.o)
                0x000000000800944a                std::type_info::~type_info()
                0x000000000800944a                std::type_info::~type_info()
 .text._ZNKSt9type_info14__is_pointer_pEv
                0x000000000800944c        0x4 /usr/lib/gcc/arm-none-eabi/10.3.1/../../../arm-none-eabi/lib/thumb/v7e-m+fp/hard/libstdc++_nano.a(tinfo.o)
                0x000000000800944c                std::type_info::__is_function_p() const
                0x000000000800944c                std::type_info::__is_pointer_p() const
 .text._ZNKSt9type_infoeqERKS_
                0x0000000008009450       0x2c /usr/lib/gcc/arm-none-eabi/10.3.1/../../../arm-none-eabi/lib/thumb/v7e-m+fp/hard/libstdc++_nano.a(tinfo.o)
                0x0000000008009450                std::type_info::operator==(std::type_info const&) const
 .text.unlikely._ZSt17__throw_bad_allocv
                0x000000000800947c        0x6 /usr/lib/gcc/arm-none-eabi/10.3.1/../../../arm-none-eabi/lib/thumb/v7e-m+fp/hard/libstdc++_nano.a(functexcept.o)
                0x000000000800947c                std::__throw_bad_alloc()
 .text.unlikely._ZSt19__throw_logic_errorPKc
                0x0000000008009482        0x6 /usr/lib/gcc/arm-none-eabi/10.3.1/../../../arm-none-eabi/lib/thumb/v7e-m+fp/hard/libstdc++_nano.a(functexcept.o)
                0x0000000008009482                std::__throw_logic_error(char const*)
 .text.unlikely._ZSt20__throw_length_errorPKc
                0x0000000008009488        0x6 /usr/lib/gcc/arm-none-eabi/10.3.1/../../../arm-none-eabi/lib/thumb/v7e-m+fp/hard/libstdc++_nano.a(functexcept.o)
                0x0000000008009488                std::__throw_length_error(char const*)
 *fill*         0x000000000800948e        0x2 
 .text._ZNSt7__cxx1112basic_stringIcSt11char_traitsIcESaIcEE9_M_createERjj
                0x0000000008009490       0x44 /usr/lib/gcc/arm-none-eabi/10.3.1/../../../arm-none-eabi/lib/thumb/v7e-m+fp/hard/libstdc++_nano.a(string-inst.o)
                0x0000000008009490                std::__cxx11::basic_string<char, std::char_traits<char>, std::allocator<char> >::_M_create(unsigned int&, unsigned int)
 .text._ZNSt7__cxx1112basic_stringIcSt11char_traitsIcESaIcEE10_M_disposeEv
                0x00000000080094d4       0x10 /usr/lib/gcc/arm-none-eabi/10.3.1/../../../arm-none-eabi/lib/thumb/v7e-m+fp/hard/libstdc++_nano.a(string-inst.o)
                0x00000000080094d4                std::__cxx11::basic_string<char, std::char_traits<char>, std::allocator<char> >::_M_dispose()
 .text._ZNK10__cxxabiv117__class_type_info11__do_upcastEPKS0_PPv
                0x00000000080094e4       0x32 /usr/lib/gcc/arm-none-eabi/10.3.1/../../../arm-none-eabi/lib/thumb/v7e-m+fp/hard/libstdc++_nano.a(class_type_info.o)
                0x00000000080094e4                __cxxabiv1::__class_type_info::__do_upcast(__cxxabiv1::__class_type_info const*, void**) const
 .text._ZNK10__cxxabiv117__class_type_info20__do_find_public_srcEiPKvPKS0_S2_
                0x0000000008009516        0xc /usr/lib/gcc/arm-none-eabi/10.3.1/../../../arm-none-eabi/lib/thumb/v7e-m+fp/hard/libstdc++_nano.a(class_type_info.o)
                0x0000000008009516                __cxxabiv1::__class_type_info::__do_find_public_src(int, void const*, __cxxabiv1::__class_type_info const*, void const*) const
 *fill*         0x0000000008009522        0x2 
 .text._ZN10__cxxabiv117__class_type_infoD2Ev
                0x0000000008009524       0x14 /usr/lib/gcc/arm-none-eabi/10.3.1/../../../arm-none-eabi/lib/thumb/v7e-m+fp/hard/libstdc++_nano.a(class_type_info.o)
                0x0000000008009524                __cxxabiv1::__class_type_info::~__class_type_info()
                0x0000000008009524                __cxxabiv1::__class_type_info::~__class_type_info()
 .text._ZN10__cxxabiv117__class_type_infoD0Ev
                0x0000000008009538       0x14 /usr/lib/gcc/arm-none-eabi/10.3.1/../../../arm-none-eabi/lib/thumb/v7e-m+fp/hard/libstdc++_nano.a(class_type_info.o)
                0x0000000008009538                __cxxabiv1::__class_type_info::~__class_type_info()
 .text._ZNK10__cxxabiv117__class_type_info12__do_dyncastEiNS0_10__sub_kindEPKS0_PKvS3_S5_RNS0_16__dyncast_resultE
                0x000000000800954c       0x3e /usr/lib/gcc/arm-none-eabi/10.3.1/../../../arm-none-eabi/lib/thumb/v7e-m+fp/hard/libstdc++_nano.a(class_type_info.o)
                0x000000000800954c                __cxxabiv1::__class_type_info::__do_dyncast(int, __cxxabiv1::__class_type_info::__sub_kind, __cxxabiv1::__class_type_info const*, void const*, __cxxabiv1::__class_type_info const*, void const*, __cxxabiv1::__class_type_info::__dyncast_result&) const
 .text._ZNK10__cxxabiv117__class_type_info11__do_upcastEPKS0_PKvRNS0_15__upcast_resultE
                0x000000000800958a       0x18 /usr/lib/gcc/arm-none-eabi/10.3.1/../../../arm-none-eabi/lib/thumb/v7e-m+fp/hard/libstdc++_nano.a(class_type_info.o)
                0x000000000800958a                __cxxabiv1::__class_type_info::__do_upcast(__cxxabiv1::__class_type_info const*, void const*, __cxxabiv1::__class_type_info::__upcast_result&) const
 .text._ZNK10__cxxabiv117__class_type_info10__do_catchEPKSt9type_infoPPvj
                0x00000000080095a2       0x2a /usr/lib/gcc/arm-none-eabi/10.3.1/../../../arm-none-eabi/lib/thumb/v7e-m+fp/hard/libstdc++_nano.a(class_type_info.o)
                0x00000000080095a2                __cxxabiv1::__class_type_info::__do_catch(std::type_info const*, void**, unsigned int) const
 .text._ZdlPv   0x00000000080095cc        0x4 /usr/lib/gcc/arm-none-eabi/10.3.1/../../../arm-none-eabi/lib/thumb/v7e-m+fp/hard/libstdc++_nano.a(del_op.o)
                0x00000000080095cc                operator delete(void*)
 .text._ZN10__cxxabiv1L24__is_gxx_exception_classEPc
                0x00000000080095d0       0x3a /usr/lib/gcc/arm-none-eabi/10.3.1/../../../arm-none-eabi/lib/thumb/v7e-m+fp/hard/libstdc++_nano.a(eh_call.o)
 .text.__cxa_call_terminate
                0x000000000800960a       0x1e /usr/lib/gcc/arm-none-eabi/10.3.1/../../../arm-none-eabi/lib/thumb/v7e-m+fp/hard/libstdc++_nano.a(eh_call.o)
                0x000000000800960a                __cxa_call_terminate
 .text.__cxa_call_unexpected
                0x0000000008009628       0x28 /usr/lib/gcc/arm-none-eabi/10.3.1/../../../arm-none-eabi/lib/thumb/v7e-m+fp/hard/libstdc++_nano.a(eh_call.o)
                0x0000000008009628                __cxa_call_unexpected
 .text._ZN10__cxxabiv1L24__is_gxx_exception_classEPc
                0x0000000008009650       0x3a /usr/lib/gcc/arm-none-eabi/10.3.1/../../../arm-none-eabi/lib/thumb/v7e-m+fp/hard/libstdc++_nano.a(eh_catch.o)
 .text.__cxa_begin_catch
                0x000000000800968a       0x52 /usr/lib/gcc/arm-none-eabi/10.3.1/../../../arm-none-eabi/lib/thumb/v7e-m+fp/hard/libstdc++_nano.a(eh_catch.o)
                0x000000000800968a                __cxa_begin_catch
 .text._ZSt15get_new_handlerv
                0x00000000080096dc       0x10 /usr/lib/gcc/arm-none-eabi/10.3.1/../../../arm-none-eabi/lib/thumb/v7e-m+fp/hard/libstdc++_nano.a(new_handler.o)
                0x00000000080096dc                std::get_new_handler()
 *(.glue_7)
 .glue_7        0x00000000080096ec        0x0 linker stubs
 *(.glue_7t)
 .glue_7t       0x00000000080096ec        0x0 linker stubs
 *(.eh_frame)
 .eh_frame      0x00000000080096ec        0x0 /usr/lib/gcc/arm-none-eabi/10.3.1/thumb/v7e-m+fp/hard/crtbegin.o
 *(.init)
 .init          0x00000000080096ec        0x4 /usr/lib/gcc/arm-none-eabi/10.3.1/thumb/v7e-m+fp/hard/crti.o
                0x00000000080096ec                _init
 .init          0x00000000080096f0        0x8 /usr/lib/gcc/arm-none-eabi/10.3.1/thumb/v7e-m+fp/hard/crtn.o
 *(.fini)
 .fini          0x00000000080096f8        0x4 /usr/lib/gcc/arm-none-eabi/10.3.1/thumb/v7e-m+fp/hard/crti.o
                0x00000000080096f8                _fini
 .fini          0x00000000080096fc        0x8 /usr/lib/gcc/arm-none-eabi/10.3.1/thumb/v7e-m+fp/hard/crtn.o
                0x0000000008009704                . = ALIGN (0x4)
                0x0000000008009704                _etext = .

.vfp11_veneer   0x0000000008009704        0x0
 .vfp11_veneer  0x0000000008009704        0x0 linker stubs

.v4_bx          0x0000000008009704        0x0
 .v4_bx         0x0000000008009704        0x0 linker stubs

.iplt           0x0000000008009704        0x0
 .iplt          0x0000000008009704        0x0 /usr/lib/gcc/arm-none-eabi/10.3.1/thumb/v7e-m+fp/hard/crtbegin.o

.rodata         0x0000000008009708      0x608
                0x0000000008009708                . = ALIGN (0x4)
 *(.rodata)
 .rodata        0x0000000008009708       0x60 /usr/lib/gcc/arm-none-eabi/10.3.1/../../../arm-none-eabi/lib/thumb/v7e-m+fp/hard/libc_nano.a(lib_a-findfp.o)
                0x0000000008009708                __sf_fake_stderr
                0x0000000008009728                __sf_fake_stdout
                0x0000000008009748                __sf_fake_stdin
 .rodata        0x0000000008009768        0x4 /usr/lib/gcc/arm-none-eabi/10.3.1/../../../arm-none-eabi/lib/thumb/v7e-m+fp/hard/libc_nano.a(lib_a-impure.o)
                0x0000000008009768                _global_impure_ptr
 *fill*         0x000000000800976c        0x4 
 .rodata        0x0000000008009770      0x128 /usr/lib/gcc/arm-none-eabi/10.3.1/../../../arm-none-eabi/lib/thumb/v7e-m+fp/hard/libc_nano.a(lib_a-mprec.o)
                0x0000000008009780                __mprec_tens
                0x0000000008009848                __mprec_tinytens
                0x0000000008009870                __mprec_bigtens
 .rodata        0x0000000008009898      0x101 /usr/lib/gcc/arm-none-eabi/10.3.1/../../../arm-none-eabi/lib/thumb/v7e-m+fp/hard/libc_nano.a(lib_a-ctype_.o)
                0x0000000008009898                _ctype_
 *(.rodata*)
 *fill*         0x0000000008009999        0x3 
 .rodata.aPLLMULFactorTable
                0x000000000800999c       0x10 build/stm32f3xx_hal_rcc.o
 .rodata.aPredivFactorTable
                0x00000000080099ac       0x10 build/stm32f3xx_hal_rcc.o
 .rodata.AHBPrescTable
                0x00000000080099bc       0x10 build/system_stm32f3xx.o
                0x00000000080099bc                AHBPrescTable
 .rodata.APBPrescTable
                0x00000000080099cc        0x8 build/system_stm32f3xx.o
                0x00000000080099cc                APBPrescTable
 .rodata._ZN5WioE56sendATEPKc.str1.4
                0x00000000080099d4        0x5 build/WioE5.o
 *fill*         0x00000000080099d9        0x3 
 .rodata._ZNSt7__cxx1112basic_stringIcSt11char_traitsIcESaIcEE12_M_constructIPKcEEvT_S8_St20forward_iterator_tag.str1.4
                0x00000000080099dc       0x2a build/WioE5.o
 *fill*         0x0000000008009a06        0x2 
 .rodata._Z13serial_printfIJEEvRKNSt7__cxx1112basic_stringIcSt11char_traitsIcESaIcEEEDpT_.str1.4
                0x0000000008009a08       0x31 build/WioE5.o
 *fill*         0x0000000008009a39        0x3 
 .rodata._ZN5WioE55setupEv.str1.4
                0x0000000008009a3c       0x1b build/WioE5.o
 *fill*         0x0000000008009a57        0x1 
 .rodata._ZN5WioE54loopEv.str1.4
                0x0000000008009a58        0xb build/WioE5.o
 *fill*         0x0000000008009a63        0x1 
 .rodata._ZN3App5setupEv.str1.4
                0x0000000008009a64        0xc build/app.o
 .rodata.str1.4
                0x0000000008009a70       0x1c /usr/lib/gcc/arm-none-eabi/10.3.1/../../../arm-none-eabi/lib/thumb/v7e-m+fp/hard/librdimon_nano.a(rdimon-syscalls.o)
 .rodata._ZTIN10__cxxabiv115__forced_unwindE
                0x0000000008009a8c        0x8 /usr/lib/gcc/arm-none-eabi/10.3.1/../../../arm-none-eabi/lib/thumb/v7e-m+fp/hard/libstdc++_nano.a(eh_exception.o)
                0x0000000008009a8c                typeinfo for __cxxabiv1::__forced_unwind
 .rodata._ZTIN10__cxxabiv119__foreign_exceptionE
                0x0000000008009a94        0x8 /usr/lib/gcc/arm-none-eabi/10.3.1/../../../arm-none-eabi/lib/thumb/v7e-m+fp/hard/libstdc++_nano.a(eh_exception.o)
                0x0000000008009a94                typeinfo for __cxxabiv1::__foreign_exception
 .rodata._ZTSN10__cxxabiv115__forced_unwindE
                0x0000000008009a9c       0x20 /usr/lib/gcc/arm-none-eabi/10.3.1/../../../arm-none-eabi/lib/thumb/v7e-m+fp/hard/libstdc++_nano.a(eh_exception.o)
                0x0000000008009a9c                typeinfo name for __cxxabiv1::__forced_unwind
 .rodata._ZTSN10__cxxabiv119__foreign_exceptionE
                0x0000000008009abc       0x24 /usr/lib/gcc/arm-none-eabi/10.3.1/../../../arm-none-eabi/lib/thumb/v7e-m+fp/hard/libstdc++_nano.a(eh_exception.o)
                0x0000000008009abc                typeinfo name for __cxxabiv1::__foreign_exception
 .rodata._ZTIN10__cxxabiv120__si_class_type_infoE
                0x0000000008009ae0        0xc /usr/lib/gcc/arm-none-eabi/10.3.1/../../../arm-none-eabi/lib/thumb/v7e-m+fp/hard/libstdc++_nano.a(si_class_type_info.o)
                0x0000000008009ae0                typeinfo for __cxxabiv1::__si_class_type_info
 .rodata._ZTSN10__cxxabiv120__si_class_type_infoE
                0x0000000008009aec       0x25 /usr/lib/gcc/arm-none-eabi/10.3.1/../../../arm-none-eabi/lib/thumb/v7e-m+fp/hard/libstdc++_nano.a(si_class_type_info.o)
                0x0000000008009aec                typeinfo name for __cxxabiv1::__si_class_type_info
 *fill*         0x0000000008009b11        0x3 
 .rodata._ZTVN10__cxxabiv120__si_class_type_infoE
                0x0000000008009b14       0x2c /usr/lib/gcc/arm-none-eabi/10.3.1/../../../arm-none-eabi/lib/thumb/v7e-m+fp/hard/libstdc++_nano.a(si_class_type_info.o)
                0x0000000008009b14                vtable for __cxxabiv1::__si_class_type_info
 .rodata._ZTISt9type_info
                0x0000000008009b40        0x8 /usr/lib/gcc/arm-none-eabi/10.3.1/../../../arm-none-eabi/lib/thumb/v7e-m+fp/hard/libstdc++_nano.a(tinfo.o)
                0x0000000008009b40                typeinfo for std::type_info
 .rodata._ZTSSt9type_info
                0x0000000008009b48        0xd /usr/lib/gcc/arm-none-eabi/10.3.1/../../../arm-none-eabi/lib/thumb/v7e-m+fp/hard/libstdc++_nano.a(tinfo.o)
                0x0000000008009b48                typeinfo name for std::type_info
 .rodata._ZNSt7__cxx1112basic_stringIcSt11char_traitsIcESaIcEE9_M_createERjj.str1.1
                0x0000000008009b55       0x18 /usr/lib/gcc/arm-none-eabi/10.3.1/../../../arm-none-eabi/lib/thumb/v7e-m+fp/hard/libstdc++_nano.a(string-inst.o)
 *fill*         0x0000000008009b6d        0x3 
 .rodata._ZTIN10__cxxabiv117__class_type_infoE
                0x0000000008009b70        0xc /usr/lib/gcc/arm-none-eabi/10.3.1/../../../arm-none-eabi/lib/thumb/v7e-m+fp/hard/libstdc++_nano.a(class_type_info.o)
                0x0000000008009b70                typeinfo for __cxxabiv1::__class_type_info
 .rodata._ZTSN10__cxxabiv117__class_type_infoE
                0x0000000008009b7c       0x22 /usr/lib/gcc/arm-none-eabi/10.3.1/../../../arm-none-eabi/lib/thumb/v7e-m+fp/hard/libstdc++_nano.a(class_type_info.o)
                0x0000000008009b7c                typeinfo name for __cxxabiv1::__class_type_info
 *fill*         0x0000000008009b9e        0x2 
 .rodata._ZTVN10__cxxabiv117__class_type_infoE
                0x0000000008009ba0       0x2c /usr/lib/gcc/arm-none-eabi/10.3.1/../../../arm-none-eabi/lib/thumb/v7e-m+fp/hard/libstdc++_nano.a(class_type_info.o)
                0x0000000008009ba0                vtable for __cxxabiv1::__class_type_info
 .rodata.str1.4
                0x0000000008009bcc       0x12 /usr/lib/gcc/arm-none-eabi/10.3.1/../../../arm-none-eabi/lib/thumb/v7e-m+fp/hard/libc_nano.a(lib_a-nano-vfprintf_float.o)
 *fill*         0x0000000008009bde        0x2 
 .rodata.str1.4
                0x0000000008009be0       0x25 /usr/lib/gcc/arm-none-eabi/10.3.1/../../../arm-none-eabi/lib/thumb/v7e-m+fp/hard/libc_nano.a(lib_a-nano-vfprintf_i.o)
 *fill*         0x0000000008009c05        0x3 
 .rodata.str1.4
                0x0000000008009c08       0x6d /usr/lib/gcc/arm-none-eabi/10.3.1/../../../arm-none-eabi/lib/thumb/v7e-m+fp/hard/libc_nano.a(lib_a-dtoa.o)
                                         0x71 (size before relaxing)
 *fill*         0x0000000008009c75        0x3 
 .rodata.str1.4
                0x0000000008009c78       0x33 /usr/lib/gcc/arm-none-eabi/10.3.1/../../../arm-none-eabi/lib/thumb/v7e-m+fp/hard/libc_nano.a(lib_a-mprec.o)
                                         0x5d (size before relaxing)
 *fill*         0x0000000008009cab        0x1 
 .rodata.str1.4
                0x0000000008009cac       0x13 /usr/lib/gcc/arm-none-eabi/10.3.1/../../../arm-none-eabi/lib/thumb/v7e-m+fp/hard/libc_nano.a(lib_a-nano-svfprintf.o)
 *fill*         0x0000000008009cbf        0x1 
 .rodata.str1.4
                0x0000000008009cc0       0x3f /usr/lib/gcc/arm-none-eabi/10.3.1/../../../arm-none-eabi/lib/thumb/v7e-m+fp/hard/libc_nano.a(lib_a-assert.o)
                                         0x43 (size before relaxing)
 *fill*         0x0000000008009cff        0x1 
 .rodata.str1.4
                0x0000000008009d00        0xe /usr/lib/gcc/arm-none-eabi/10.3.1/../../../arm-none-eabi/lib/thumb/v7e-m+fp/hard/libc_nano.a(lib_a-locale.o)
                                         0x12 (size before relaxing)
 .rodata.str1.4
                0x0000000008009d0e       0x13 /usr/lib/gcc/arm-none-eabi/10.3.1/../../../arm-none-eabi/lib/thumb/v7e-m+fp/hard/libc_nano.a(lib_a-nano-vfprintf.o)
                0x0000000008009d24                . = ALIGN (0x4)
 *fill*         0x0000000008009d0e        0x2 

.ARM.extab      0x0000000008009d10       0xa4
                0x0000000008009d10                . = ALIGN (0x4)
 *(.ARM.extab* .gnu.linkonce.armextab.*)
 .ARM.extab.text.main
                0x0000000008009d10        0xc build/main.o
 .ARM.extab.text.HAL_UART_RxCpltCallback
                0x0000000008009d1c        0xc build/WioE5.o
 .ARM.extab.text._ZNSt7__cxx1112basic_stringIcSt11char_traitsIcESaIcEE12_M_constructIPKcEEvT_S8_St20forward_iterator_tag
                0x0000000008009d28        0x0 build/WioE5.o
 .ARM.extab.text._ZNSt12_Vector_baseIcSaIcEED2Ev
                0x0000000008009d28        0x0 build/WioE5.o
 .ARM.extab.text._Z13serial_printfIJEEvRKNSt7__cxx1112basic_stringIcSt11char_traitsIcESaIcEEEDpT_
                0x0000000008009d28       0x19 build/WioE5.o
 *fill*         0x0000000008009d41        0x3 
 .ARM.extab.text._ZN5WioE55setupEv
                0x0000000008009d44       0x18 build/WioE5.o
 .ARM.extab.text._Z13serial_printfIJPcEEvRKNSt7__cxx1112basic_stringIcSt11char_traitsIcESaIcEEEDpT_
                0x0000000008009d5c       0x19 build/WioE5.o
 *fill*         0x0000000008009d75        0x3 
 .ARM.extab.text._ZN5WioE54loopEv
                0x0000000008009d78       0x18 build/WioE5.o
 .ARM.extab.text._ZN3App4loopEv
                0x0000000008009d90        0xc build/app.o
 .ARM.extab     0x0000000008009d9c       0x18 /usr/lib/gcc/arm-none-eabi/10.3.1/thumb/v7e-m+fp/hard/libgcc.a(pr-support.o)
                0x0000000008009db4                . = ALIGN (0x4)

.ARM            0x0000000008009db4      0x120
                0x0000000008009db4                . = ALIGN (0x4)
                0x0000000008009db4                __exidx_start = .
 *(.ARM.exidx*)
 .ARM.exidx     0x0000000008009db4       0x80 /usr/lib/gcc/arm-none-eabi/10.3.1/thumb/v7e-m+fp/hard/libgcc.a(unwind-arm.o)
                                         0xd8 (size before relaxing)
 .ARM.exidx     0x0000000008009e34       0x38 /usr/lib/gcc/arm-none-eabi/10.3.1/thumb/v7e-m+fp/hard/libgcc.a(pr-support.o)
 .ARM.exidx.text.Error_Handler
                0x0000000008009e6c        0x0 build/main.o
                                          0x8 (size before relaxing)
 .ARM.exidx.text._Z18SystemClock_Configv
                0x0000000008009e6c        0x8 build/main.o
 .ARM.exidx.text.main
                0x0000000008009e74        0x8 build/main.o
 .ARM.exidx.text.HAL_UART_RxCpltCallback
                0x0000000008009e7c        0x8 build/WioE5.o
 .ARM.exidx.text._ZN5WioE56sendATEPKc
                0x0000000008009e84        0x8 build/WioE5.o
 .ARM.exidx.text._ZNSt7__cxx1112basic_stringIcSt11char_traitsIcESaIcEE12_M_constructIPKcEEvT_S8_St20forward_iterator_tag
                0x0000000008009e8c        0x8 build/WioE5.o
 .ARM.exidx.text._ZNSt12_Vector_baseIcSaIcEED2Ev
                0x0000000008009e94        0x8 build/WioE5.o
 .ARM.exidx.text._Z13serial_printfIJEEvRKNSt7__cxx1112basic_stringIcSt11char_traitsIcESaIcEEEDpT_
                0x0000000008009e9c        0x8 build/WioE5.o
 .ARM.exidx.text._ZN5WioE55setupEv
                0x0000000008009ea4        0x8 build/WioE5.o
 .ARM.exidx.text._Z13serial_printfIJPcEEvRKNSt7__cxx1112basic_stringIcSt11char_traitsIcESaIcEEEDpT_
                0x0000000008009eac        0x8 build/WioE5.o
 .ARM.exidx.text._ZN5WioE54loopEv
                0x0000000008009eb4        0x8 build/WioE5.o
 .ARM.exidx.text._ZN3App5setupEv
                0x0000000008009ebc        0x8 build/app.o
 .ARM.exidx.text._ZN3App9led_blinkEv
                0x0000000008009ec4        0x0 build/app.o
                                          0x8 (size before relaxing)
 .ARM.exidx.text._ZN3App4loopEv
                0x0000000008009ec4       0x10 build/app.o
                                          0x8 (size before relaxing)
 .ARM.exidx.text.unlikely
                0x0000000008009ed4        0x0 /usr/lib/gcc/arm-none-eabi/10.3.1/thumb/v7e-m+fp/hard/libgcc.a(pr-support.o)
                                         0x10 (size before relaxing)
                0x0000000008009ed4                __exidx_end = .
                0x0000000008009ed4                . = ALIGN (0x4)

.preinit_array  0x0000000008009ed4        0x0
                0x0000000008009ed4                . = ALIGN (0x4)
                0x0000000008009ed4                PROVIDE (__preinit_array_start = .)
 *(.preinit_array*)
                0x0000000008009ed4                PROVIDE (__preinit_array_end = .)
                0x0000000008009ed4                . = ALIGN (0x4)

.init_array     0x0000000008009ed4        0x4
                0x0000000008009ed4                . = ALIGN (0x4)
                0x0000000008009ed4                PROVIDE (__init_array_start = .)
 *(SORT_BY_NAME(.init_array.*))
 *(.init_array*)
 .init_array    0x0000000008009ed4        0x4 /usr/lib/gcc/arm-none-eabi/10.3.1/thumb/v7e-m+fp/hard/crtbegin.o
                0x0000000008009ed8                PROVIDE (__init_array_end = .)
                0x0000000008009ed8                . = ALIGN (0x4)

.fini_array     0x0000000008009ed8        0x4
                0x0000000008009ed8                . = ALIGN (0x4)
                0x0000000008009ed8                PROVIDE (__fini_array_start = .)
 *(SORT_BY_NAME(.fini_array.*))
 *(.fini_array*)
 .fini_array    0x0000000008009ed8        0x4 /usr/lib/gcc/arm-none-eabi/10.3.1/thumb/v7e-m+fp/hard/crtbegin.o
                0x0000000008009edc                PROVIDE (__fini_array_end = .)
                0x0000000008009edc                . = ALIGN (0x4)
                0x0000000008009edc                _sidata = LOADADDR (.data)

.rel.dyn        0x0000000008009edc        0x0
 .rel.iplt      0x0000000008009edc        0x0 /usr/lib/gcc/arm-none-eabi/10.3.1/thumb/v7e-m+fp/hard/crtbegin.o

.data           0x0000000020000000      0x1f8 load address 0x0000000008009edc
                0x0000000020000000                . = ALIGN (0x4)
                0x0000000020000000                _sdata = .
 *(.data)
 .data          0x0000000020000000        0xc /usr/lib/gcc/arm-none-eabi/10.3.1/../../../arm-none-eabi/lib/thumb/v7e-m+fp/hard/librdimon_nano.a(rdimon-syscalls.o)
                0x0000000020000000                __heap_limit
 .data          0x000000002000000c       0x64 /usr/lib/gcc/arm-none-eabi/10.3.1/../../../arm-none-eabi/lib/thumb/v7e-m+fp/hard/libc_nano.a(lib_a-impure.o)
                0x000000002000000c                _impure_ptr
 .data          0x0000000020000070      0x16c /usr/lib/gcc/arm-none-eabi/10.3.1/../../../arm-none-eabi/lib/thumb/v7e-m+fp/hard/libc_nano.a(lib_a-locale.o)
                0x0000000020000070                __global_locale
 *(.data*)
 .data.uwTickFreq
                0x00000000200001dc        0x1 build/stm32f3xx_hal.o
                0x00000000200001dc                uwTickFreq
 *fill*         0x00000000200001dd        0x3 
 .data.uwTickPrio
                0x00000000200001e0        0x4 build/stm32f3xx_hal.o
                0x00000000200001e0                uwTickPrio
 .data.SystemCoreClock
                0x00000000200001e4        0x4 build/system_stm32f3xx.o
                0x00000000200001e4                SystemCoreClock
 .data.app      0x00000000200001e8        0x6 build/main.o
                0x00000000200001e8                app
 *fill*         0x00000000200001ee        0x2 
 .data._ZN10__cxxabiv120__unexpected_handlerE
                0x00000000200001f0        0x4 /usr/lib/gcc/arm-none-eabi/10.3.1/../../../arm-none-eabi/lib/thumb/v7e-m+fp/hard/libstdc++_nano.a(eh_unex_handler.o)
                0x00000000200001f0                __cxxabiv1::__unexpected_handler
 .data._ZN10__cxxabiv119__terminate_handlerE
                0x00000000200001f4        0x4 /usr/lib/gcc/arm-none-eabi/10.3.1/../../../arm-none-eabi/lib/thumb/v7e-m+fp/hard/libstdc++_nano.a(eh_term_handler.o)
                0x00000000200001f4                __cxxabiv1::__terminate_handler
 *(.RamFunc)
 *(.RamFunc*)
                0x00000000200001f8                . = ALIGN (0x4)
                0x00000000200001f8                _edata = .
                0x000000000800a0d4                _siccmram = LOADADDR (.ccmram)

.tm_clone_table
                0x00000000200001f8        0x0 load address 0x000000000800a0d4
 .tm_clone_table
                0x00000000200001f8        0x0 /usr/lib/gcc/arm-none-eabi/10.3.1/thumb/v7e-m+fp/hard/crtbegin.o
 .tm_clone_table
                0x00000000200001f8        0x0 /usr/lib/gcc/arm-none-eabi/10.3.1/thumb/v7e-m+fp/hard/crtend.o

.igot.plt       0x00000000200001f8        0x0 load address 0x000000000800a0d4
 .igot.plt      0x00000000200001f8        0x0 /usr/lib/gcc/arm-none-eabi/10.3.1/thumb/v7e-m+fp/hard/crtbegin.o

.ccmram         0x0000000010000000        0x0 load address 0x000000000800a0d4
                0x0000000010000000                . = ALIGN (0x4)
                0x0000000010000000                _sccmram = .
 *(.ccmram)
 *(.ccmram*)
                0x0000000010000000                . = ALIGN (0x4)
                0x0000000010000000                _eccmram = .
                0x0000000010000000                . = ALIGN (0x4)

.bss            0x00000000200001f8      0x288
                0x00000000200001f8                _sbss = .
                0x00000000200001f8                __bss_start__ = _sbss
 *(.bss)
 .bss           0x00000000200001f8       0x1c /usr/lib/gcc/arm-none-eabi/10.3.1/thumb/v7e-m+fp/hard/crtbegin.o
 .bss           0x0000000020000214       0xb0 /usr/lib/gcc/arm-none-eabi/10.3.1/../../../arm-none-eabi/lib/thumb/v7e-m+fp/hard/librdimon_nano.a(rdimon-syscalls.o)
 .bss           0x00000000200002c4        0x8 /usr/lib/gcc/arm-none-eabi/10.3.1/../../../arm-none-eabi/lib/thumb/v7e-m+fp/hard/libc_nano.a(lib_a-nano-mallocr.o)
                0x00000000200002c4                __malloc_free_list
                0x00000000200002c8                __malloc_sbrk_start
 .bss           0x00000000200002cc        0x4 /usr/lib/gcc/arm-none-eabi/10.3.1/../../../arm-none-eabi/lib/thumb/v7e-m+fp/hard/libc_nano.a(lib_a-reent.o)
                0x00000000200002cc                errno
 *(.bss*)
 .bss.huart1    0x00000000200002d0       0x88 build/usart.o
                0x00000000200002d0                huart1
 .bss.huart2    0x0000000020000358       0x88 build/usart.o
                0x0000000020000358                huart2
 .bss.uwTick    0x00000000200003e0        0x4 build/stm32f3xx_hal.o
                0x00000000200003e0                uwTick
 .bss.__sbrk_heap_end
                0x00000000200003e4        0x4 build/sysmem.o
 .bss.WioE5     0x00000000200003e8        0x1 build/main.o
                0x00000000200003e8                WioE5
 *fill*         0x00000000200003e9        0x3 
 .bss.rxBuffer  0x00000000200003ec       0x80 build/WioE5.o
                0x00000000200003ec                rxBuffer
 .bss.rxIndex   0x000000002000046c        0x2 build/WioE5.o
                0x000000002000046c                rxIndex
 .bss.rxReady   0x000000002000046e        0x1 build/WioE5.o
                0x000000002000046e                rxReady
 .bss.rx_byte   0x000000002000046f        0x1 build/WioE5.o
                0x000000002000046f                rx_byte
 .bss._ZL10eh_globals
                0x0000000020000470        0xc /usr/lib/gcc/arm-none-eabi/10.3.1/../../../arm-none-eabi/lib/thumb/v7e-m+fp/hard/libstdc++_nano.a(eh_globals.o)
 .bss._ZN12_GLOBAL__N_113__new_handlerE
                0x000000002000047c        0x4 /usr/lib/gcc/arm-none-eabi/10.3.1/../../../arm-none-eabi/lib/thumb/v7e-m+fp/hard/libstdc++_nano.a(new_handler.o)
 *(COMMON)
                0x0000000020000480                . = ALIGN (0x4)
                0x0000000020000480                _ebss = .
                0x0000000020000480                __bss_end__ = _ebss

._user_heap_stack
                0x0000000020000480      0x600
                0x0000000020000480                . = ALIGN (0x8)
                0x0000000020000480                PROVIDE (end = .)
                0x0000000020000480                PROVIDE (_end = .)
                0x0000000020000680                . = (. + _Min_Heap_Size)
 *fill*         0x0000000020000480      0x200 
                0x0000000020000a80                . = (. + _Min_Stack_Size)
 *fill*         0x0000000020000680      0x400 
                0x0000000020000a80                . = ALIGN (0x8)

/DISCARD/
 libc.a(*)
 libm.a(*)
 libgcc.a(*)
OUTPUT(build/PowerCuttoffBoard.elf elf32-littlearm)
LOAD linker stubs
LOAD /usr/lib/gcc/arm-none-eabi/10.3.1/../../../arm-none-eabi/lib/thumb/v7e-m+fp/hard/libc.a
LOAD /usr/lib/gcc/arm-none-eabi/10.3.1/../../../arm-none-eabi/lib/thumb/v7e-m+fp/hard/libm.a
LOAD /usr/lib/gcc/arm-none-eabi/10.3.1/thumb/v7e-m+fp/hard/libgcc.a

.ARM.attributes
                0x0000000000000000       0x30
 .ARM.attributes
                0x0000000000000000       0x1e /usr/lib/gcc/arm-none-eabi/10.3.1/thumb/v7e-m+fp/hard/crti.o
 .ARM.attributes
                0x000000000000001e       0x34 /usr/lib/gcc/arm-none-eabi/10.3.1/thumb/v7e-m+fp/hard/crtbegin.o
 .ARM.attributes
                0x0000000000000052       0x34 build/gpio.o
 .ARM.attributes
                0x0000000000000086       0x34 build/usart.o
 .ARM.attributes
                0x00000000000000ba       0x34 build/stm32f3xx_it.o
 .ARM.attributes
                0x00000000000000ee       0x34 build/stm32f3xx_hal_msp.o
 .ARM.attributes
                0x0000000000000122       0x34 build/stm32f3xx_hal.o
 .ARM.attributes
                0x0000000000000156       0x34 build/stm32f3xx_hal_rcc.o
 .ARM.attributes
                0x000000000000018a       0x34 build/stm32f3xx_hal_rcc_ex.o
 .ARM.attributes
                0x00000000000001be       0x34 build/stm32f3xx_hal_gpio.o
 .ARM.attributes
                0x00000000000001f2       0x34 build/stm32f3xx_hal_dma.o
 .ARM.attributes
                0x0000000000000226       0x34 build/stm32f3xx_hal_cortex.o
 .ARM.attributes
                0x000000000000025a       0x34 build/stm32f3xx_hal_uart.o
 .ARM.attributes
                0x000000000000028e       0x34 build/stm32f3xx_hal_uart_ex.o
 .ARM.attributes
                0x00000000000002c2       0x34 build/system_stm32f3xx.o
 .ARM.attributes
                0x00000000000002f6       0x34 build/sysmem.o
 .ARM.attributes
                0x000000000000032a       0x34 build/main.o
 .ARM.attributes
                0x000000000000035e       0x34 build/WioE5.o
 .ARM.attributes
                0x0000000000000392       0x34 build/app.o
 .ARM.attributes
                0x00000000000003c6       0x21 build/startup_stm32f303x8.o
 .ARM.attributes
                0x00000000000003e7       0x34 /usr/lib/gcc/arm-none-eabi/10.3.1/thumb/v7e-m+fp/hard/libgcc.a(unwind-arm.o)
 .ARM.attributes
                0x000000000000041b       0x1e /usr/lib/gcc/arm-none-eabi/10.3.1/thumb/v7e-m+fp/hard/libgcc.a(libunwind.o)
 .ARM.attributes
                0x0000000000000439       0x34 /usr/lib/gcc/arm-none-eabi/10.3.1/thumb/v7e-m+fp/hard/libgcc.a(pr-support.o)
 .ARM.attributes
                0x000000000000046d       0x34 /usr/lib/gcc/arm-none-eabi/10.3.1/../../../arm-none-eabi/lib/thumb/v7e-m+fp/hard/librdimon_nano.a(rdimon-syscalls.o)
 .ARM.attributes
                0x00000000000004a1       0x34 /usr/lib/gcc/arm-none-eabi/10.3.1/../../../arm-none-eabi/lib/thumb/v7e-m+fp/hard/libstdc++_nano.a(del_ops.o)
 .ARM.attributes
                0x00000000000004d5       0x34 /usr/lib/gcc/arm-none-eabi/10.3.1/../../../arm-none-eabi/lib/thumb/v7e-m+fp/hard/libstdc++_nano.a(eh_arm.o)
 .ARM.attributes
                0x0000000000000509       0x34 /usr/lib/gcc/arm-none-eabi/10.3.1/../../../arm-none-eabi/lib/thumb/v7e-m+fp/hard/libstdc++_nano.a(eh_exception.o)
 .ARM.attributes
                0x000000000000053d       0x34 /usr/lib/gcc/arm-none-eabi/10.3.1/../../../arm-none-eabi/lib/thumb/v7e-m+fp/hard/libstdc++_nano.a(eh_globals.o)
 .ARM.attributes
                0x0000000000000571       0x34 /usr/lib/gcc/arm-none-eabi/10.3.1/../../../arm-none-eabi/lib/thumb/v7e-m+fp/hard/libstdc++_nano.a(eh_personality.o)
 .ARM.attributes
                0x00000000000005a5       0x34 /usr/lib/gcc/arm-none-eabi/10.3.1/../../../arm-none-eabi/lib/thumb/v7e-m+fp/hard/libstdc++_nano.a(eh_terminate.o)
 .ARM.attributes
                0x00000000000005d9       0x32 /usr/lib/gcc/arm-none-eabi/10.3.1/../../../arm-none-eabi/lib/thumb/v7e-m+fp/hard/libstdc++_nano.a(eh_unex_handler.o)
 .ARM.attributes
                0x000000000000060b       0x34 /usr/lib/gcc/arm-none-eabi/10.3.1/../../../arm-none-eabi/lib/thumb/v7e-m+fp/hard/libstdc++_nano.a(new_op.o)
 .ARM.attributes
                0x000000000000063f       0x34 /usr/lib/gcc/arm-none-eabi/10.3.1/../../../arm-none-eabi/lib/thumb/v7e-m+fp/hard/libstdc++_nano.a(si_class_type_info.o)
 .ARM.attributes
                0x0000000000000673       0x34 /usr/lib/gcc/arm-none-eabi/10.3.1/../../../arm-none-eabi/lib/thumb/v7e-m+fp/hard/libstdc++_nano.a(tinfo.o)
 .ARM.attributes
                0x00000000000006a7       0x34 /usr/lib/gcc/arm-none-eabi/10.3.1/../../../arm-none-eabi/lib/thumb/v7e-m+fp/hard/libstdc++_nano.a(functexcept.o)
 .ARM.attributes
                0x00000000000006db       0x34 /usr/lib/gcc/arm-none-eabi/10.3.1/../../../arm-none-eabi/lib/thumb/v7e-m+fp/hard/libstdc++_nano.a(string-inst.o)
 .ARM.attributes
                0x000000000000070f       0x34 /usr/lib/gcc/arm-none-eabi/10.3.1/../../../arm-none-eabi/lib/thumb/v7e-m+fp/hard/libstdc++_nano.a(class_type_info.o)
 .ARM.attributes
                0x0000000000000743       0x34 /usr/lib/gcc/arm-none-eabi/10.3.1/../../../arm-none-eabi/lib/thumb/v7e-m+fp/hard/libstdc++_nano.a(del_op.o)
 .ARM.attributes
                0x0000000000000777       0x34 /usr/lib/gcc/arm-none-eabi/10.3.1/../../../arm-none-eabi/lib/thumb/v7e-m+fp/hard/libstdc++_nano.a(eh_call.o)
 .ARM.attributes
                0x00000000000007ab       0x34 /usr/lib/gcc/arm-none-eabi/10.3.1/../../../arm-none-eabi/lib/thumb/v7e-m+fp/hard/libstdc++_nano.a(eh_catch.o)
 .ARM.attributes
                0x00000000000007df       0x32 /usr/lib/gcc/arm-none-eabi/10.3.1/../../../arm-none-eabi/lib/thumb/v7e-m+fp/hard/libstdc++_nano.a(eh_term_handler.o)
 .ARM.attributes
                0x0000000000000811       0x34 /usr/lib/gcc/arm-none-eabi/10.3.1/../../../arm-none-eabi/lib/thumb/v7e-m+fp/hard/libstdc++_nano.a(new_handler.o)
 .ARM.attributes
                0x0000000000000845       0x34 /usr/lib/gcc/arm-none-eabi/10.3.1/../../../arm-none-eabi/lib/thumb/v7e-m+fp/hard/libc_nano.a(lib_a-abort.o)
 .ARM.attributes
                0x0000000000000879       0x34 /usr/lib/gcc/arm-none-eabi/10.3.1/../../../arm-none-eabi/lib/thumb/v7e-m+fp/hard/libc_nano.a(lib_a-errno.o)
 .ARM.attributes
                0x00000000000008ad       0x34 /usr/lib/gcc/arm-none-eabi/10.3.1/../../../arm-none-eabi/lib/thumb/v7e-m+fp/hard/libc_nano.a(lib_a-findfp.o)
 .ARM.attributes
                0x00000000000008e1       0x34 /usr/lib/gcc/arm-none-eabi/10.3.1/../../../arm-none-eabi/lib/thumb/v7e-m+fp/hard/libc_nano.a(lib_a-fwalk.o)
 .ARM.attributes
                0x0000000000000915       0x32 /usr/lib/gcc/arm-none-eabi/10.3.1/../../../arm-none-eabi/lib/thumb/v7e-m+fp/hard/libc_nano.a(lib_a-impure.o)
 .ARM.attributes
                0x0000000000000947       0x34 /usr/lib/gcc/arm-none-eabi/10.3.1/../../../arm-none-eabi/lib/thumb/v7e-m+fp/hard/libc_nano.a(lib_a-init.o)
 .ARM.attributes
                0x000000000000097b       0x34 /usr/lib/gcc/arm-none-eabi/10.3.1/../../../arm-none-eabi/lib/thumb/v7e-m+fp/hard/libc_nano.a(lib_a-malloc.o)
 .ARM.attributes
                0x00000000000009af       0x1c /usr/lib/gcc/arm-none-eabi/10.3.1/../../../arm-none-eabi/lib/thumb/v7e-m+fp/hard/libc_nano.a(lib_a-memchr.o)
 .ARM.attributes
                0x00000000000009cb       0x1c /usr/lib/gcc/arm-none-eabi/10.3.1/../../../arm-none-eabi/lib/thumb/v7e-m+fp/hard/libc_nano.a(lib_a-memcpy.o)
 .ARM.attributes
                0x00000000000009e7       0x34 /usr/lib/gcc/arm-none-eabi/10.3.1/../../../arm-none-eabi/lib/thumb/v7e-m+fp/hard/libc_nano.a(lib_a-memmove.o)
 .ARM.attributes
                0x0000000000000a1b       0x34 /usr/lib/gcc/arm-none-eabi/10.3.1/../../../arm-none-eabi/lib/thumb/v7e-m+fp/hard/libc_nano.a(lib_a-memset.o)
 .ARM.attributes
                0x0000000000000a4f       0x34 /usr/lib/gcc/arm-none-eabi/10.3.1/../../../arm-none-eabi/lib/thumb/v7e-m+fp/hard/libc_nano.a(lib_a-nano-freer.o)
 .ARM.attributes
                0x0000000000000a83       0x34 /usr/lib/gcc/arm-none-eabi/10.3.1/../../../arm-none-eabi/lib/thumb/v7e-m+fp/hard/libc_nano.a(lib_a-nano-mallocr.o)
 .ARM.attributes
                0x0000000000000ab7       0x34 /usr/lib/gcc/arm-none-eabi/10.3.1/../../../arm-none-eabi/lib/thumb/v7e-m+fp/hard/libc_nano.a(lib_a-nano-vfprintf_float.o)
 .ARM.attributes
                0x0000000000000aeb       0x34 /usr/lib/gcc/arm-none-eabi/10.3.1/../../../arm-none-eabi/lib/thumb/v7e-m+fp/hard/libc_nano.a(lib_a-nano-vfprintf_i.o)
 .ARM.attributes
                0x0000000000000b1f       0x34 /usr/lib/gcc/arm-none-eabi/10.3.1/../../../arm-none-eabi/lib/thumb/v7e-m+fp/hard/libc_nano.a(lib_a-sbrkr.o)
 .ARM.attributes
                0x0000000000000b53       0x34 /usr/lib/gcc/arm-none-eabi/10.3.1/../../../arm-none-eabi/lib/thumb/v7e-m+fp/hard/libc_nano.a(lib_a-signal.o)
 .ARM.attributes
                0x0000000000000b87       0x34 /usr/lib/gcc/arm-none-eabi/10.3.1/../../../arm-none-eabi/lib/thumb/v7e-m+fp/hard/libc_nano.a(lib_a-signalr.o)
 .ARM.attributes
                0x0000000000000bbb       0x34 /usr/lib/gcc/arm-none-eabi/10.3.1/../../../arm-none-eabi/lib/thumb/v7e-m+fp/hard/libc_nano.a(lib_a-snprintf.o)
 .ARM.attributes
                0x0000000000000bef       0x34 /usr/lib/gcc/arm-none-eabi/10.3.1/../../../arm-none-eabi/lib/thumb/v7e-m+fp/hard/libc_nano.a(lib_a-stdio.o)
 .ARM.attributes
                0x0000000000000c23       0x1c /usr/lib/gcc/arm-none-eabi/10.3.1/../../../arm-none-eabi/lib/thumb/v7e-m+fp/hard/libc_nano.a(lib_a-strcmp.o)
 .ARM.attributes
                0x0000000000000c3f       0x1c /usr/lib/gcc/arm-none-eabi/10.3.1/../../../arm-none-eabi/lib/thumb/v7e-m+fp/hard/libc_nano.a(lib_a-strlen.o)
 .ARM.attributes
                0x0000000000000c5b       0x34 /usr/lib/gcc/arm-none-eabi/10.3.1/../../../arm-none-eabi/lib/thumb/v7e-m+fp/hard/libc_nano.a(lib_a-writer.o)
 .ARM.attributes
                0x0000000000000c8f       0x34 /usr/lib/gcc/arm-none-eabi/10.3.1/../../../arm-none-eabi/lib/thumb/v7e-m+fp/hard/libc_nano.a(lib_a-closer.o)
 .ARM.attributes
                0x0000000000000cc3       0x34 /usr/lib/gcc/arm-none-eabi/10.3.1/../../../arm-none-eabi/lib/thumb/v7e-m+fp/hard/libc_nano.a(lib_a-dtoa.o)
 .ARM.attributes
                0x0000000000000cf7       0x34 /usr/lib/gcc/arm-none-eabi/10.3.1/../../../arm-none-eabi/lib/thumb/v7e-m+fp/hard/libc_nano.a(lib_a-fflush.o)
 .ARM.attributes
                0x0000000000000d2b       0x34 /usr/lib/gcc/arm-none-eabi/10.3.1/../../../arm-none-eabi/lib/thumb/v7e-m+fp/hard/libc_nano.a(lib_a-localeconv.o)
 .ARM.attributes
                0x0000000000000d5f       0x34 /usr/lib/gcc/arm-none-eabi/10.3.1/../../../arm-none-eabi/lib/thumb/v7e-m+fp/hard/libc_nano.a(lib_a-lseekr.o)
 .ARM.attributes
                0x0000000000000d93       0x34 /usr/lib/gcc/arm-none-eabi/10.3.1/../../../arm-none-eabi/lib/thumb/v7e-m+fp/hard/libc_nano.a(lib_a-mlock.o)
 .ARM.attributes
                0x0000000000000dc7       0x34 /usr/lib/gcc/arm-none-eabi/10.3.1/../../../arm-none-eabi/lib/thumb/v7e-m+fp/hard/libc_nano.a(lib_a-mprec.o)
 .ARM.attributes
                0x0000000000000dfb       0x34 /usr/lib/gcc/arm-none-eabi/10.3.1/../../../arm-none-eabi/lib/thumb/v7e-m+fp/hard/libc_nano.a(lib_a-nano-callocr.o)
 .ARM.attributes
                0x0000000000000e2f       0x34 /usr/lib/gcc/arm-none-eabi/10.3.1/../../../arm-none-eabi/lib/thumb/v7e-m+fp/hard/libc_nano.a(lib_a-nano-svfprintf.o)
 .ARM.attributes
                0x0000000000000e63       0x34 /usr/lib/gcc/arm-none-eabi/10.3.1/../../../arm-none-eabi/lib/thumb/v7e-m+fp/hard/libc_nano.a(lib_a-readr.o)
 .ARM.attributes
                0x0000000000000e97       0x34 /usr/lib/gcc/arm-none-eabi/10.3.1/../../../arm-none-eabi/lib/thumb/v7e-m+fp/hard/libc_nano.a(lib_a-reent.o)
 .ARM.attributes
                0x0000000000000ecb       0x34 /usr/lib/gcc/arm-none-eabi/10.3.1/../../../arm-none-eabi/lib/thumb/v7e-m+fp/hard/libc_nano.a(lib_a-assert.o)
 .ARM.attributes
                0x0000000000000eff       0x34 /usr/lib/gcc/arm-none-eabi/10.3.1/../../../arm-none-eabi/lib/thumb/v7e-m+fp/hard/libc_nano.a(lib_a-fprintf.o)
 .ARM.attributes
                0x0000000000000f33       0x34 /usr/lib/gcc/arm-none-eabi/10.3.1/../../../arm-none-eabi/lib/thumb/v7e-m+fp/hard/libc_nano.a(lib_a-locale.o)
 .ARM.attributes
                0x0000000000000f67       0x34 /usr/lib/gcc/arm-none-eabi/10.3.1/../../../arm-none-eabi/lib/thumb/v7e-m+fp/hard/libc_nano.a(lib_a-mbtowc_r.o)
 .ARM.attributes
                0x0000000000000f9b       0x34 /usr/lib/gcc/arm-none-eabi/10.3.1/../../../arm-none-eabi/lib/thumb/v7e-m+fp/hard/libc_nano.a(lib_a-nano-reallocr.o)
 .ARM.attributes
                0x0000000000000fcf       0x34 /usr/lib/gcc/arm-none-eabi/10.3.1/../../../arm-none-eabi/lib/thumb/v7e-m+fp/hard/libc_nano.a(lib_a-nano-vfprintf.o)
 .ARM.attributes
                0x0000000000001003       0x34 /usr/lib/gcc/arm-none-eabi/10.3.1/../../../arm-none-eabi/lib/thumb/v7e-m+fp/hard/libc_nano.a(lib_a-wbuf.o)
 .ARM.attributes
                0x0000000000001037       0x34 /usr/lib/gcc/arm-none-eabi/10.3.1/../../../arm-none-eabi/lib/thumb/v7e-m+fp/hard/libc_nano.a(lib_a-wctomb_r.o)
 .ARM.attributes
                0x000000000000106b       0x34 /usr/lib/gcc/arm-none-eabi/10.3.1/../../../arm-none-eabi/lib/thumb/v7e-m+fp/hard/libc_nano.a(lib_a-wsetup.o)
 .ARM.attributes
                0x000000000000109f       0x32 /usr/lib/gcc/arm-none-eabi/10.3.1/../../../arm-none-eabi/lib/thumb/v7e-m+fp/hard/libc_nano.a(lib_a-ctype_.o)
 .ARM.attributes
                0x00000000000010d1       0x34 /usr/lib/gcc/arm-none-eabi/10.3.1/../../../arm-none-eabi/lib/thumb/v7e-m+fp/hard/libc_nano.a(lib_a-fvwrite.o)
 .ARM.attributes
                0x0000000000001105       0x34 /usr/lib/gcc/arm-none-eabi/10.3.1/../../../arm-none-eabi/lib/thumb/v7e-m+fp/hard/libc_nano.a(lib_a-makebuf.o)
 .ARM.attributes
                0x0000000000001139       0x34 /usr/lib/gcc/arm-none-eabi/10.3.1/../../../arm-none-eabi/lib/thumb/v7e-m+fp/hard/libc_nano.a(lib_a-nano-msizer.o)
 .ARM.attributes
                0x000000000000116d       0x34 /usr/lib/gcc/arm-none-eabi/10.3.1/../../../arm-none-eabi/lib/thumb/v7e-m+fp/hard/libc_nano.a(lib_a-fstatr.o)
 .ARM.attributes
                0x00000000000011a1       0x34 /usr/lib/gcc/arm-none-eabi/10.3.1/../../../arm-none-eabi/lib/thumb/v7e-m+fp/hard/libc_nano.a(lib_a-isattyr.o)
 .ARM.attributes
                0x00000000000011d5       0x1e /usr/lib/gcc/arm-none-eabi/10.3.1/thumb/v7e-m+fp/hard/libgcc.a(_arm_addsubdf3.o)
 .ARM.attributes
                0x00000000000011f3       0x1e /usr/lib/gcc/arm-none-eabi/10.3.1/thumb/v7e-m+fp/hard/libgcc.a(_arm_muldivdf3.o)
 .ARM.attributes
                0x0000000000001211       0x1e /usr/lib/gcc/arm-none-eabi/10.3.1/thumb/v7e-m+fp/hard/libgcc.a(_arm_cmpdf2.o)
 .ARM.attributes
                0x000000000000122f       0x1e /usr/lib/gcc/arm-none-eabi/10.3.1/thumb/v7e-m+fp/hard/libgcc.a(_arm_unorddf2.o)
 .ARM.attributes
                0x000000000000124d       0x1e /usr/lib/gcc/arm-none-eabi/10.3.1/thumb/v7e-m+fp/hard/libgcc.a(_arm_fixdfsi.o)
 .ARM.attributes
                0x000000000000126b       0x34 /usr/lib/gcc/arm-none-eabi/10.3.1/../../../arm-none-eabi/lib/thumb/v7e-m+fp/hard/librdimon_nano.a(rdimon-_exit.o)
 .ARM.attributes
                0x000000000000129f       0x34 /usr/lib/gcc/arm-none-eabi/10.3.1/../../../arm-none-eabi/lib/thumb/v7e-m+fp/hard/librdimon_nano.a(rdimon-_kill.o)
 .ARM.attributes
                0x00000000000012d3       0x32 /usr/lib/gcc/arm-none-eabi/10.3.1/thumb/v7e-m+fp/hard/crtend.o
 .ARM.attributes
                0x0000000000001305       0x1e /usr/lib/gcc/arm-none-eabi/10.3.1/thumb/v7e-m+fp/hard/crtn.o

.comment        0x0000000000000000       0x33