Archive member included to satisfy reference by file (symbol)

/usr/lib/gcc/arm-none-eabi/10.3.1/thumb/v7e-m+fp/hard/libgcc.a(unwind-arm.o)
                              build/main.o (__aeabi_unwind_cpp_pr0)
/usr/lib/gcc/arm-none-eabi/10.3.1/thumb/v7e-m+fp/hard/libgcc.a(libunwind.o)
                              /usr/lib/gcc/arm-none-eabi/10.3.1/thumb/v7e-m+fp/hard/libgcc.a(unwind-arm.o) (restore_core_regs)
/usr/lib/gcc/arm-none-eabi/10.3.1/thumb/v7e-m+fp/hard/libgcc.a(pr-support.o)
                              /usr/lib/gcc/arm-none-eabi/10.3.1/thumb/v7e-m+fp/hard/libgcc.a(unwind-arm.o) (__gnu_unwind_execute)
/usr/lib/gcc/arm-none-eabi/10.3.1/../../../arm-none-eabi/lib/thumb/v7e-m+fp/hard/librdimon_nano.a(rdimon-syscalls.o)
                              /usr/lib/gcc/arm-none-eabi/10.3.1/../../../arm-none-eabi/lib/thumb/v7e-m+fp/hard/rdimon-crt0.o (initialise_monitor_handles)
/usr/lib/gcc/arm-none-eabi/10.3.1/../../../arm-none-eabi/lib/thumb/v7e-m+fp/hard/libstdc++_nano.a(atexit_arm.o)
                              build/WioE5.o (__aeabi_atexit)
/usr/lib/gcc/arm-none-eabi/10.3.1/../../../arm-none-eabi/lib/thumb/v7e-m+fp/hard/libstdc++_nano.a(del_ops.o)
                              build/WioE5.o (operator delete(void*, unsigned int))
/usr/lib/gcc/arm-none-eabi/10.3.1/../../../arm-none-eabi/lib/thumb/v7e-m+fp/hard/libstdc++_nano.a(eh_arm.o)
                              build/WioE5.o (__cxa_end_cleanup)
/usr/lib/gcc/arm-none-eabi/10.3.1/../../../arm-none-eabi/lib/thumb/v7e-m+fp/hard/libstdc++_nano.a(eh_catch.o)
                              build/WioE5.o (__cxa_begin_catch)
/usr/lib/gcc/arm-none-eabi/10.3.1/../../../arm-none-eabi/lib/thumb/v7e-m+fp/hard/libstdc++_nano.a(eh_exception.o)
                              /usr/lib/gcc/arm-none-eabi/10.3.1/../../../arm-none-eabi/lib/thumb/v7e-m+fp/hard/libstdc++_nano.a(eh_arm.o) (typeinfo for __cxxabiv1::__forced_unwind)
/usr/lib/gcc/arm-none-eabi/10.3.1/../../../arm-none-eabi/lib/thumb/v7e-m+fp/hard/libstdc++_nano.a(eh_globals.o)
                              /usr/lib/gcc/arm-none-eabi/10.3.1/../../../arm-none-eabi/lib/thumb/v7e-m+fp/hard/libstdc++_nano.a(eh_catch.o) (__cxa_get_globals_fast)
/usr/lib/gcc/arm-none-eabi/10.3.1/../../../arm-none-eabi/lib/thumb/v7e-m+fp/hard/libstdc++_nano.a(eh_personality.o)
                              build/WioE5.o (__gxx_personality_v0)
/usr/lib/gcc/arm-none-eabi/10.3.1/../../../arm-none-eabi/lib/thumb/v7e-m+fp/hard/libstdc++_nano.a(eh_terminate.o)
                              /usr/lib/gcc/arm-none-eabi/10.3.1/../../../arm-none-eabi/lib/thumb/v7e-m+fp/hard/libstdc++_nano.a(eh_arm.o) (std::terminate())
/usr/lib/gcc/arm-none-eabi/10.3.1/../../../arm-none-eabi/lib/thumb/v7e-m+fp/hard/libstdc++_nano.a(eh_throw.o)
                              build/WioE5.o (__cxa_rethrow)
/usr/lib/gcc/arm-none-eabi/10.3.1/../../../arm-none-eabi/lib/thumb/v7e-m+fp/hard/libstdc++_nano.a(eh_unex_handler.o)
                              /usr/lib/gcc/arm-none-eabi/10.3.1/../../../arm-none-eabi/lib/thumb/v7e-m+fp/hard/libstdc++_nano.a(eh_terminate.o) (__cxxabiv1::__unexpected_handler)
/usr/lib/gcc/arm-none-eabi/10.3.1/../../../arm-none-eabi/lib/thumb/v7e-m+fp/hard/libstdc++_nano.a(new_op.o)
                              build/WioE5.o (operator new(unsigned int))
/usr/lib/gcc/arm-none-eabi/10.3.1/../../../arm-none-eabi/lib/thumb/v7e-m+fp/hard/libstdc++_nano.a(pure.o)
                              /usr/lib/gcc/arm-none-eabi/10.3.1/../../../arm-none-eabi/lib/thumb/v7e-m+fp/hard/libstdc++_nano.a(eh_exception.o) (__cxa_pure_virtual)
/usr/lib/gcc/arm-none-eabi/10.3.1/../../../arm-none-eabi/lib/thumb/v7e-m+fp/hard/libstdc++_nano.a(si_class_type_info.o)
                              /usr/lib/gcc/arm-none-eabi/10.3.1/../../../arm-none-eabi/lib/thumb/v7e-m+fp/hard/libstdc++_nano.a(eh_exception.o) (vtable for __cxxabiv1::__si_class_type_info)
/usr/lib/gcc/arm-none-eabi/10.3.1/../../../arm-none-eabi/lib/thumb/v7e-m+fp/hard/libstdc++_nano.a(tinfo.o)
                              /usr/lib/gcc/arm-none-eabi/10.3.1/../../../arm-none-eabi/lib/thumb/v7e-m+fp/hard/libstdc++_nano.a(si_class_type_info.o) (std::type_info::__is_pointer_p() const)
/usr/lib/gcc/arm-none-eabi/10.3.1/../../../arm-none-eabi/lib/thumb/v7e-m+fp/hard/libstdc++_nano.a(functexcept.o)
                              build/WioE5.o (std::__throw_bad_alloc())
/usr/lib/gcc/arm-none-eabi/10.3.1/../../../arm-none-eabi/lib/thumb/v7e-m+fp/hard/libstdc++_nano.a(snprintf_lite.o)
                              /usr/lib/gcc/arm-none-eabi/10.3.1/../../../arm-none-eabi/lib/thumb/v7e-m+fp/hard/libstdc++_nano.a(functexcept.o) (__gnu_cxx::__snprintf_lite(char*, unsigned int, char const*, std::__va_list))
/usr/lib/gcc/arm-none-eabi/10.3.1/../../../arm-none-eabi/lib/thumb/v7e-m+fp/hard/libstdc++_nano.a(string-inst.o)
                              build/WioE5.o (std::__cxx11::basic_string<char, std::char_traits<char>, std::allocator<char> >::_M_create(unsigned int&, unsigned int))
[...]
Memory Configuration

Name             Origin             Length             Attributes
RAM              0x0000000020000000 0x0000000000003000 xrw
CCMRAM           0x0000000010000000 0x0000000000001000 xrw
FLASH            0x0000000008000000 0x0000000000010000 xr
*default*        0x0000000000000000 0xffffffffffffffff

Linker script and memory map

LOAD /usr/lib/gcc/arm-none-eabi/10.3.1/thumb/v7e-m+fp/hard/crti.o
LOAD /usr/lib/gcc/arm-none-eabi/10.3.1/thumb/v7e-m+fp/hard/crtbegin.o
LOAD /usr/lib/gcc/arm-none-eabi/10.3.1/../../../arm-none-eabi/lib/thumb/v7e-m+fp/hard/rdimon-crt0.o
LOAD build/gpio.o
LOAD build/usart.o
LOAD build/stm32f3xx_it.o
LOAD build/stm32f3xx_hal_msp.o
LOAD build/stm32f3xx_hal.o
LOAD build/stm32f3xx_hal_rcc.o
LOAD build/stm32f3xx_hal_rcc_ex.o
LOAD build/stm32f3xx_hal_gpio.o
LOAD build/stm32f3xx_hal_dma.o
LOAD build/stm32f3xx_hal_cortex.o
LOAD build/stm32f3xx_hal_pwr.o
LOAD build/stm32f3xx_hal_pwr_ex.o
LOAD build/stm32f3xx_hal_flash.o
LOAD build/stm32f3xx_hal_flash_ex.o
LOAD build/stm32f3xx_hal_i2c.o
LOAD build/stm32f3xx_hal_i2c_ex.o
LOAD build/stm32f3xx_hal_exti.o
LOAD build/stm32f3xx_hal_uart.o
LOAD build/stm32f3xx_hal_uart_ex.o
LOAD build/system_stm32f3xx.o
LOAD build/sysmem.o
LOAD build/main.o
LOAD build/WioE5.o
LOAD build/app.o
LOAD build/serial_printf.o
LOAD build/startup_stm32f303x8.o
LOAD /usr/lib/gcc/arm-none-eabi/10.3.1/../../../arm-none-eabi/lib/thumb/v7e-m+fp/hard/libnosys.a
LOAD /usr/lib/gcc/arm-none-eabi/10.3.1/thumb/v7e-m+fp/hard/libgcc.a
LOAD /usr/lib/gcc/arm-none-eabi/10.3.1/../../../arm-none-eabi/lib/thumb/v7e-m+fp/hard/librdimon_nano.a
LOAD /usr/lib/gcc/arm-none-eabi/10.3.1/../../../arm-none-eabi/lib/thumb/v7e-m+fp/hard/libstdc++_nano.a
LOAD /usr/lib/gcc/arm-none-eabi/10.3.1/../../../arm-none-eabi/lib/thumb/v7e-m+fp/hard/libstdc++_nano.a
LOAD /usr/lib/gcc/arm-none-eabi/10.3.1/../../../arm-none-eabi/lib/thumb/v7e-m+fp/hard/libm.a
LOAD /usr/lib/gcc/arm-none-eabi/10.3.1/../../../arm-none-eabi/lib/thumb/v7e-m+fp/hard/libc_nano.a
START GROUP
LOAD /usr/lib/gcc/arm-none-eabi/10.3.1/thumb/v7e-m+fp/hard/libgcc.a
LOAD /usr/lib/gcc/arm-none-eabi/10.3.1/../../../arm-none-eabi/lib/thumb/v7e-m+fp/hard/libc_nano.a
END GROUP
START GROUP
LOAD /usr/lib/gcc/arm-none-eabi/10.3.1/thumb/v7e-m+fp/hard/libgcc.a
LOAD /usr/lib/gcc/arm-none-eabi/10.3.1/../../../arm-none-eabi/lib/thumb/v7e-m+fp/hard/libc_nano.a
LOAD /usr/lib/gcc/arm-none-eabi/10.3.1/../../../arm-none-eabi/lib/thumb/v7e-m+fp/hard/librdimon_nano.a
END GROUP
START GROUP
LOAD /usr/lib/gcc/arm-none-eabi/10.3.1/thumb/v7e-m+fp/hard/libgcc.a
LOAD /usr/lib/gcc/arm-none-eabi/10.3.1/../../../arm-none-eabi/lib/thumb/v7e-m+fp/hard/libc_nano.a
LOAD /usr/lib/gcc/arm-none-eabi/10.3.1/../../../arm-none-eabi/lib/thumb/v7e-m+fp/hard/librdimon_nano.a
END GROUP
LOAD /usr/lib/gcc/arm-none-eabi/10.3.1/thumb/v7e-m+fp/hard/crtend.o
LOAD /usr/lib/gcc/arm-none-eabi/10.3.1/thumb/v7e-m+fp/hard/crtn.o
                0x0000000020003000                _estack = (ORIGIN (RAM) + LENGTH (RAM))
                0x0000000000000200                _Min_Heap_Size = 0x200
                0x0000000000000400                _Min_Stack_Size = 0x400

.isr_vector     0x0000000008000000      0x188
                0x0000000008000000                . = ALIGN (0x4)
 *(.isr_vector)
 .isr_vector    0x0000000008000000      0x188 build/startup_stm32f303x8.o
                0x0000000008000000                g_pfnVectors
                0x0000000008000188                . = ALIGN (0x4)

.text           0x00000000080001c0     0x9d6c
                0x00000000080001c0                . = ALIGN (0x4)
 *(.text)
 .text          0x00000000080001c0       0x88 /usr/lib/gcc/arm-none-eabi/10.3.1/thumb/v7e-m+fp/hard/crtbegin.o
 .text          0x0000000008000248      0x9d8 /usr/lib/gcc/arm-none-eabi/10.3.1/thumb/v7e-m+fp/hard/libgcc.a(unwind-arm.o)
                0x00000000080004f0                _Unwind_GetCFA
                0x00000000080004f4                __gnu_Unwind_RaiseException
                0x000000000800055c                __gnu_Unwind_ForcedUnwind
                0x000000000800056c                __gnu_Unwind_Resume
                0x00000000080005b0                __gnu_Unwind_Resume_or_Rethrow
                0x00000000080005c0                _Unwind_Complete
                0x00000000080005c4                _Unwind_DeleteException
                0x00000000080005d0                _Unwind_VRS_Get
                0x000000000800061c                _Unwind_VRS_Set
                0x0000000008000664                __gnu_Unwind_Backtrace
                0x0000000008000990                __aeabi_unwind_cpp_pr0
                0x0000000008000994                __aeabi_unwind_cpp_pr1
                0x0000000008000998                __aeabi_unwind_cpp_pr2
                0x000000000800099c                _Unwind_VRS_Pop
 .text          0x0000000008000c20      0x1ac /usr/lib/gcc/arm-none-eabi/10.3.1/thumb/v7e-m+fp/hard/libgcc.a(libunwind.o)
                0x0000000008000c20                __restore_core_regs
                0x0000000008000c20                restore_core_regs
                0x0000000008000c38                __gnu_Unwind_Restore_VFP
                0x0000000008000c40                __gnu_Unwind_Save_VFP
                0x0000000008000c48                __gnu_Unwind_Restore_VFP_D
                0x0000000008000c50                __gnu_Unwind_Save_VFP_D
                0x0000000008000c58                __gnu_Unwind_Restore_VFP_D_16_to_31
                0x0000000008000c60                __gnu_Unwind_Save_VFP_D_16_to_31
                0x0000000008000c68                __gnu_Unwind_Restore_WMMXD
                0x0000000008000cac                __gnu_Unwind_Save_WMMXD
                0x0000000008000cf0                __gnu_Unwind_Restore_WMMXC
                0x0000000008000d04                __gnu_Unwind_Save_WMMXC
                0x0000000008000d18                ___Unwind_RaiseException
                0x0000000008000d18                _Unwind_RaiseException
                0x0000000008000d3c                ___Unwind_Resume
                0x0000000008000d3c                _Unwind_Resume
                0x0000000008000d60                _Unwind_Resume_or_Rethrow
                0x0000000008000d60                ___Unwind_Resume_or_Rethrow
                0x0000000008000d84                ___Unwind_ForcedUnwind
                0x0000000008000d84                _Unwind_ForcedUnwind
                0x0000000008000da8                _Unwind_Backtrace
                0x0000000008000da8                ___Unwind_Backtrace
 .text          0x0000000008000dcc      0x350 /usr/lib/gcc/arm-none-eabi/10.3.1/thumb/v7e-m+fp/hard/libgcc.a(pr-support.o)
                0x0000000008000e24                __gnu_unwind_execute
                0x00000000080010d0                __gnu_unwind_frame
                0x00000000080010fc                _Unwind_GetRegionStart
                0x0000000008001108                _Unwind_GetLanguageSpecificData
 .text          0x000000000800111c      0xa08 /usr/lib/gcc/arm-none-eabi/10.3.1/../../../arm-none-eabi/lib/thumb/v7e-m+fp/hard/librdimon_nano.a(rdimon-syscalls.o)
                0x000000000800111c                _swiread
                0x0000000008001158                _read
                0x00000000080011e8                _swilseek
                0x00000000080012cc                _lseek
                0x00000000080012d0                _swiwrite
                0x000000000800130c                _write
                0x00000000080013c8                _swiclose
                0x0000000008001400                _close
                0x0000000008001498                _getpid
                0x00000000080014ec                _swistat
                0x000000000800156c                _fstat
                0x0000000008001588                _stat
                0x00000000080015c4                _swiopen
                0x0000000008001690                _open
                0x00000000080016a4                _get_semihosting_exts
                0x00000000080017b4                _has_ext_exit_extended
                0x00000000080017f4                _has_ext_stdout_stderr
                0x0000000008001834                initialise_monitor_handles
                0x0000000008001960                _link
                0x0000000008001970                _unlink
                0x00000000080019b0                _gettimeofday
                0x00000000080019d8                _clock
                0x00000000080019ec                _times
                0x0000000008001a0c                _isatty
                0x0000000008001a74                _system
                0x0000000008001ad0                _rename
 .text          0x0000000008001b24       0x10 /usr/lib/gcc/arm-none-eabi/10.3.1/../../../arm-none-eabi/lib/thumb/v7e-m+fp/hard/libc_nano.a(lib_a-abort.o)
                0x0000000008001b24                abort
 .text          0x0000000008001b34       0x1c /usr/lib/gcc/arm-none-eabi/10.3.1/../../../arm-none-eabi/lib/thumb/v7e-m+fp/hard/libc_nano.a(lib_a-cxa_atexit.o)
                0x0000000008001b34                __cxa_atexit
 .text          0x0000000008001b50        0xc /usr/lib/gcc/arm-none-eabi/10.3.1/../../../arm-none-eabi/lib/thumb/v7e-m+fp/hard/libc_nano.a(lib_a-errno.o)
                0x0000000008001b50                __errno
 .text          0x0000000008001b5c      0x238 /usr/lib/gcc/arm-none-eabi/10.3.1/../../../arm-none-eabi/lib/thumb/v7e-m+fp/hard/libc_nano.a(lib_a-findfp.o)
                0x0000000008001b60                _cleanup_r
                0x0000000008001b70                __sfmoreglue
                0x0000000008001ba0                __sfp
                0x0000000008001d40                _cleanup
                0x0000000008001d54                __sinit
                0x0000000008001d5c                __sfp_lock_acquire
                0x0000000008001d60                __sfp_lock_release
                0x0000000008001d64                __sinit_lock_acquire
                0x0000000008001d68                __sinit_lock_release
                0x0000000008001d6c                __fp_lock_all
                0x0000000008001d80                __fp_unlock_all
 .text          0x0000000008001d94       0x88 /usr/lib/gcc/arm-none-eabi/10.3.1/../../../arm-none-eabi/lib/thumb/v7e-m+fp/hard/libc_nano.a(lib_a-fwalk.o)
                0x0000000008001d94                _fwalk
                0x0000000008001dd4                _fwalk_reent
 .text          0x0000000008001e1c       0x48 /usr/lib/gcc/arm-none-eabi/10.3.1/../../../arm-none-eabi/lib/thumb/v7e-m+fp/hard/libc_nano.a(lib_a-init.o)
                0x0000000008001e1c                __libc_init_array
 .text          0x0000000008001e64       0x20 /usr/lib/gcc/arm-none-eabi/10.3.1/../../../arm-none-eabi/lib/thumb/v7e-m+fp/hard/libc_nano.a(lib_a-malloc.o)
                0x0000000008001e64                malloc
                0x0000000008001e74                free
 *fill*         0x0000000008001e84        0xc 
 .text          0x0000000008001e90       0xa0 /usr/lib/gcc/arm-none-eabi/10.3.1/../../../arm-none-eabi/lib/thumb/v7e-m+fp/hard/libc_nano.a(lib_a-memchr.o)
                0x0000000008001e90                memchr
 .text          0x0000000008001f30      0x134 /usr/lib/gcc/arm-none-eabi/10.3.1/../../../arm-none-eabi/lib/thumb/v7e-m+fp/hard/libc_nano.a(lib_a-memcpy.o)
                0x0000000008001f30                memcpy
 .text          0x0000000008002064       0xf8 /usr/lib/gcc/arm-none-eabi/10.3.1/../../../arm-none-eabi/lib/thumb/v7e-m+fp/hard/libc_nano.a(lib_a-memmove.o)
                0x0000000008002064                memmove
 .text          0x000000000800215c       0xa4 /usr/lib/gcc/arm-none-eabi/10.3.1/../../../arm-none-eabi/lib/thumb/v7e-m+fp/hard/libc_nano.a(lib_a-memset.o)
                0x000000000800215c                memset
 .text          0x0000000008002200       0xc4 /usr/lib/gcc/arm-none-eabi/10.3.1/../../../arm-none-eabi/lib/thumb/v7e-m+fp/hard/libc_nano.a(lib_a-nano-freer.o)
                0x0000000008002200                _free_r
 .text          0x00000000080022c4       0xb4 /usr/lib/gcc/arm-none-eabi/10.3.1/../../../arm-none-eabi/lib/thumb/v7e-m+fp/hard/libc_nano.a(lib_a-nano-mallocr.o)
                0x00000000080022c4                _malloc_r
 .text          0x0000000008002378      0x6cc /usr/lib/gcc/arm-none-eabi/10.3.1/../../../arm-none-eabi/lib/thumb/v7e-m+fp/hard/libc_nano.a(lib_a-nano-vfprintf_float.o)
                0x0000000008002378                __cvt
                0x0000000008002474                __exponent
                0x0000000008002510                _printf_float
 .text          0x0000000008002a44      0x3dc /usr/lib/gcc/arm-none-eabi/10.3.1/../../../arm-none-eabi/lib/thumb/v7e-m+fp/hard/libc_nano.a(lib_a-nano-vfprintf_i.o)
                0x0000000008002a44                _printf_common
                0x0000000008002b70                _printf_i
 .text          0x0000000008002e20       0x24 /usr/lib/gcc/arm-none-eabi/10.3.1/../../../arm-none-eabi/lib/thumb/v7e-m+fp/hard/libc_nano.a(lib_a-sbrkr.o)
                0x0000000008002e20                _sbrk_r
 .text          0x0000000008002e44      0x268 /usr/lib/gcc/arm-none-eabi/10.3.1/../../../arm-none-eabi/lib/thumb/v7e-m+fp/hard/libc_nano.a(lib_a-signal.o)
                0x0000000008002e44                _init_signal_r
                0x0000000008002e70                _signal_r
                0x0000000008002eb8                _raise_r
                0x0000000008002f0c                __sigtramp_r
                0x0000000008002f6c                raise
                0x0000000008002fc4                signal
                0x0000000008003014                _init_signal
                0x0000000008003048                __sigtramp
 .text          0x00000000080030ac       0x30 /usr/lib/gcc/arm-none-eabi/10.3.1/../../../arm-none-eabi/lib/thumb/v7e-m+fp/hard/libc_nano.a(lib_a-signalr.o)
                0x00000000080030ac                _kill_r
                0x00000000080030d8                _getpid_r
 .text          0x00000000080030dc      0x108 /usr/lib/gcc/arm-none-eabi/10.3.1/../../../arm-none-eabi/lib/thumb/v7e-m+fp/hard/libc_nano.a(lib_a-snprintf.o)
                0x00000000080030dc                _sniprintf_r
                0x00000000080030dc                _snprintf_r
                0x000000000800315c                snprintf
                0x000000000800315c                sniprintf
 .text          0x00000000080031e4       0x90 /usr/lib/gcc/arm-none-eabi/10.3.1/../../../arm-none-eabi/lib/thumb/v7e-m+fp/hard/libc_nano.a(lib_a-stdio.o)
                0x00000000080031e4                __sread
                0x0000000008003208                __seofread
                0x000000000800320c                __swrite
                0x000000000800324c                __sseek
                0x000000000800326c                __sclose
 *fill*         0x0000000008003274        0xc 
 .text          0x0000000008003280      0x2dc /usr/lib/gcc/arm-none-eabi/10.3.1/../../../arm-none-eabi/lib/thumb/v7e-m+fp/hard/libc_nano.a(lib_a-strcmp.o)
                0x0000000008003288                strcmp
 *fill*         0x000000000800355c       0x24 
 .text          0x0000000008003580       0xdc /usr/lib/gcc/arm-none-eabi/10.3.1/../../../arm-none-eabi/lib/thumb/v7e-m+fp/hard/libc_nano.a(lib_a-strlen.o)
                0x0000000008003580                strlen
 .text          0x000000000800365c       0x2c /usr/lib/gcc/arm-none-eabi/10.3.1/../../../arm-none-eabi/lib/thumb/v7e-m+fp/hard/libc_nano.a(lib_a-writer.o)
                0x000000000800365c                _write_r
 .text          0x0000000008003688       0xac /usr/lib/gcc/arm-none-eabi/10.3.1/../../../arm-none-eabi/lib/thumb/v7e-m+fp/hard/libc_nano.a(lib_a-__atexit.o)
                0x0000000008003688                __register_exitproc
 .text          0x0000000008003734       0x24 /usr/lib/gcc/arm-none-eabi/10.3.1/../../../arm-none-eabi/lib/thumb/v7e-m+fp/hard/libc_nano.a(lib_a-closer.o)
                0x0000000008003734                _close_r
 .text          0x0000000008003758     0x10a4 /usr/lib/gcc/arm-none-eabi/10.3.1/../../../arm-none-eabi/lib/thumb/v7e-m+fp/hard/libc_nano.a(lib_a-dtoa.o)
                0x0000000008003880                _dtoa_r
 .text          0x00000000080047fc      0x1e8 /usr/lib/gcc/arm-none-eabi/10.3.1/../../../arm-none-eabi/lib/thumb/v7e-m+fp/hard/libc_nano.a(lib_a-fflush.o)
                0x00000000080047fc                __sflush_r
                0x0000000008004910                _fflush_r
                0x0000000008004964                fflush
 .text          0x00000000080049e4       0x14 /usr/lib/gcc/arm-none-eabi/10.3.1/../../../arm-none-eabi/lib/thumb/v7e-m+fp/hard/libc_nano.a(lib_a-localeconv.o)
                0x00000000080049e4                __localeconv_l
                0x00000000080049e8                _localeconv_r
                0x00000000080049f0                localeconv
 .text          0x00000000080049f8       0x2c /usr/lib/gcc/arm-none-eabi/10.3.1/../../../arm-none-eabi/lib/thumb/v7e-m+fp/hard/libc_nano.a(lib_a-lseekr.o)
                0x00000000080049f8                _lseek_r
 .text          0x0000000008004a24        0x8 /usr/lib/gcc/arm-none-eabi/10.3.1/../../../arm-none-eabi/lib/thumb/v7e-m+fp/hard/libc_nano.a(lib_a-mlock.o)
                0x0000000008004a24                __malloc_lock
                0x0000000008004a28                __malloc_unlock
 .text          0x0000000008004a2c      0xaec /usr/lib/gcc/arm-none-eabi/10.3.1/../../../arm-none-eabi/lib/thumb/v7e-m+fp/hard/libc_nano.a(lib_a-mprec.o)
                0x0000000008004a2c                _Balloc
                0x0000000008004aac                _Bfree
                0x0000000008004af4                __multadd
                0x0000000008004b98                __s2b
                0x0000000008004c4c                __hi0bits
                0x0000000008004c8c                __lo0bits
                0x0000000008004cec                __i2b
                0x0000000008004d18                __multiply
                0x0000000008004e74                __pow5mult
                0x0000000008004f54                __lshift
                0x000000000800503c                __mcmp
                0x0000000008005080                __mdiff
                0x00000000080051cc                __ulp
                0x000000000800522c                __b2d
                0x00000000080052ec                __d2b
                0x00000000080053bc                __ratio
                0x0000000008005418                _mprec_log10
                0x0000000008005458                __copybits
                0x00000000080054b4                __any_on
 .text          0x0000000008005518       0x1c /usr/lib/gcc/arm-none-eabi/10.3.1/../../../arm-none-eabi/lib/thumb/v7e-m+fp/hard/libc_nano.a(lib_a-nano-callocr.o)
                0x0000000008005518                _calloc_r
 .text          0x0000000008005534      0x3f0 /usr/lib/gcc/arm-none-eabi/10.3.1/../../../arm-none-eabi/lib/thumb/v7e-m+fp/hard/libc_nano.a(lib_a-nano-svfprintf.o)
                0x0000000008005534                __ssputs_r
                0x00000000080055f8                __ssprint_r
                0x00000000080056f0                _svfprintf_r
                0x00000000080056f0                _svfiprintf_r
 .text          0x0000000008005924       0x2c /usr/lib/gcc/arm-none-eabi/10.3.1/../../../arm-none-eabi/lib/thumb/v7e-m+fp/hard/libc_nano.a(lib_a-readr.o)
                0x0000000008005924                _read_r
 .text          0x0000000008005950       0x4c /usr/lib/gcc/arm-none-eabi/10.3.1/../../../arm-none-eabi/lib/thumb/v7e-m+fp/hard/libc_nano.a(lib_a-assert.o)
                0x0000000008005950                __assert_func
                0x0000000008005990                __assert
 .text          0x000000000800599c       0x44 /usr/lib/gcc/arm-none-eabi/10.3.1/../../../arm-none-eabi/lib/thumb/v7e-m+fp/hard/libc_nano.a(lib_a-fprintf.o)
                0x000000000800599c                _fprintf_r
                0x000000000800599c                _fiprintf_r
                0x00000000080059b8                fprintf
                0x00000000080059b8                fiprintf
 .text          0x00000000080059e0       0x40 /usr/lib/gcc/arm-none-eabi/10.3.1/../../../arm-none-eabi/lib/thumb/v7e-m+fp/hard/libc_nano.a(lib_a-mbtowc_r.o)
                0x00000000080059e0                _mbtowc_r
                0x00000000080059f4                __ascii_mbtowc
 .text          0x0000000008005a20       0x50 /usr/lib/gcc/arm-none-eabi/10.3.1/../../../arm-none-eabi/lib/thumb/v7e-m+fp/hard/libc_nano.a(lib_a-nano-reallocr.o)
                0x0000000008005a20                _realloc_r
 .text          0x0000000008005a70      0x328 /usr/lib/gcc/arm-none-eabi/10.3.1/../../../arm-none-eabi/lib/thumb/v7e-m+fp/hard/libc_nano.a(lib_a-nano-vfprintf.o)
                0x0000000008005aac                __sfputs_r
                0x0000000008005adc                __sprint_r
                0x0000000008005af8                _vfiprintf_r
                0x0000000008005af8                _vfprintf_r
                0x0000000008005d7c                vfiprintf
                0x0000000008005d7c                vfprintf
 .text          0x0000000008005d98       0xc8 /usr/lib/gcc/arm-none-eabi/10.3.1/../../../arm-none-eabi/lib/thumb/v7e-m+fp/hard/libc_nano.a(lib_a-wbuf.o)
                0x0000000008005d98                __swbuf_r
                0x0000000008005e48                __swbuf
 .text          0x0000000008005e60       0x30 /usr/lib/gcc/arm-none-eabi/10.3.1/../../../arm-none-eabi/lib/thumb/v7e-m+fp/hard/libc_nano.a(lib_a-wctomb_r.o)
                0x0000000008005e60                _wctomb_r
                0x0000000008005e74                __ascii_wctomb
 .text          0x0000000008005e90      0x104 /usr/lib/gcc/arm-none-eabi/10.3.1/../../../arm-none-eabi/lib/thumb/v7e-m+fp/hard/libc_nano.a(lib_a-wsetup.o)
                0x0000000008005e90                __swsetup_r
 .text          0x0000000008005f94      0x2f0 /usr/lib/gcc/arm-none-eabi/10.3.1/../../../arm-none-eabi/lib/thumb/v7e-m+fp/hard/libc_nano.a(lib_a-fvwrite.o)
                0x0000000008005f94                __sfvwrite_r
 .text          0x0000000008006284      0x11c /usr/lib/gcc/arm-none-eabi/10.3.1/../../../arm-none-eabi/lib/thumb/v7e-m+fp/hard/libc_nano.a(lib_a-makebuf.o)
                0x0000000008006284                __smakebuf_r
                0x0000000008006344                __swhatbuf_r
 .text          0x00000000080063a0       0x14 /usr/lib/gcc/arm-none-eabi/10.3.1/../../../arm-none-eabi/lib/thumb/v7e-m+fp/hard/libc_nano.a(lib_a-nano-msizer.o)
                0x00000000080063a0                _malloc_usable_size_r
 .text          0x00000000080063b4       0x2c /usr/lib/gcc/arm-none-eabi/10.3.1/../../../arm-none-eabi/lib/thumb/v7e-m+fp/hard/libc_nano.a(lib_a-fstatr.o)
                0x00000000080063b4                _fstat_r
 .text          0x00000000080063e0       0x24 /usr/lib/gcc/arm-none-eabi/10.3.1/../../../arm-none-eabi/lib/thumb/v7e-m+fp/hard/libc_nano.a(lib_a-isattyr.o)
                0x00000000080063e0                _isatty_r
 .text          0x0000000008006404      0x378 /usr/lib/gcc/arm-none-eabi/10.3.1/thumb/v7e-m+fp/hard/libgcc.a(_arm_addsubdf3.o)
                0x0000000008006404                __aeabi_drsub
                0x000000000800640c                __aeabi_dsub
                0x000000000800640c                __subdf3
                0x0000000008006410                __adddf3
                0x0000000008006410                __aeabi_dadd
                0x0000000008006688                __aeabi_ui2d
                0x0000000008006688                __floatunsidf
                0x00000000080066a8                __floatsidf
                0x00000000080066a8                __aeabi_i2d
                0x00000000080066cc                __extendsfdf2
                0x00000000080066cc                __aeabi_f2d
                0x0000000008006710                __aeabi_ul2d
                0x0000000008006710                __floatundidf
                0x0000000008006720                __floatdidf
                0x0000000008006720                __aeabi_l2d
 .text          0x000000000800677c      0x424 /usr/lib/gcc/arm-none-eabi/10.3.1/thumb/v7e-m+fp/hard/libgcc.a(_arm_muldivdf3.o)
                0x000000000800677c                __aeabi_dmul
                0x000000000800677c                __muldf3
                0x00000000080069d0                __aeabi_ddiv
                0x00000000080069d0                __divdf3
 .text          0x0000000008006ba0      0x110 /usr/lib/gcc/arm-none-eabi/10.3.1/thumb/v7e-m+fp/hard/libgcc.a(_arm_cmpdf2.o)
                0x0000000008006ba0                __gtdf2
                0x0000000008006ba0                __gedf2
                0x0000000008006ba8                __ltdf2
                0x0000000008006ba8                __ledf2
                0x0000000008006bb0                __cmpdf2
                0x0000000008006bb0                __eqdf2
                0x0000000008006bb0                __nedf2
                0x0000000008006c2c                __aeabi_cdrcmple
                0x0000000008006c3c                __aeabi_cdcmple
                0x0000000008006c3c                __aeabi_cdcmpeq
                0x0000000008006c4c                __aeabi_dcmpeq
                0x0000000008006c60                __aeabi_dcmplt
                0x0000000008006c74                __aeabi_dcmple
                0x0000000008006c88                __aeabi_dcmpge
                0x0000000008006c9c                __aeabi_dcmpgt
 .text          0x0000000008006cb0       0x2c /usr/lib/gcc/arm-none-eabi/10.3.1/thumb/v7e-m+fp/hard/libgcc.a(_arm_unorddf2.o)
                0x0000000008006cb0                __aeabi_dcmpun
                0x0000000008006cb0                __unorddf2
 .text          0x0000000008006cdc       0x50 /usr/lib/gcc/arm-none-eabi/10.3.1/thumb/v7e-m+fp/hard/libgcc.a(_arm_fixdfsi.o)
                0x0000000008006cdc                __fixdfsi
                0x0000000008006cdc                __aeabi_d2iz
 .text          0x0000000008006d2c       0x14 /usr/lib/gcc/arm-none-eabi/10.3.1/../../../arm-none-eabi/lib/thumb/v7e-m+fp/hard/librdimon_nano.a(rdimon-_exit.o)
                0x0000000008006d2c                _exit
 .text          0x0000000008006d40       0x4c /usr/lib/gcc/arm-none-eabi/10.3.1/../../../arm-none-eabi/lib/thumb/v7e-m+fp/hard/librdimon_nano.a(rdimon-_kill.o)
                0x0000000008006d40                _kill_shared
                0x0000000008006d70                _kill
 *(.text*)
 .text.MX_GPIO_Init
                0x0000000008006d8c       0xbc build/gpio.o
                0x0000000008006d8c                MX_GPIO_Init
 .text.MX_USART1_UART_Init
                0x0000000008006e48       0x38 build/usart.o
                0x0000000008006e48                MX_USART1_UART_Init
 .text.MX_USART2_UART_Init
                0x0000000008006e80       0x38 build/usart.o
                0x0000000008006e80                MX_USART2_UART_Init
 .text.HAL_UART_MspInit
                0x0000000008006eb8       0xc8 build/usart.o
                0x0000000008006eb8                HAL_UART_MspInit
 .text.NMI_Handler
                0x0000000008006f80        0x2 build/stm32f3xx_it.o
                0x0000000008006f80                NMI_Handler
 .text.HardFault_Handler
                0x0000000008006f82        0x2 build/stm32f3xx_it.o
                0x0000000008006f82                HardFault_Handler
 .text.MemManage_Handler
                0x0000000008006f84        0x2 build/stm32f3xx_it.o
                0x0000000008006f84                MemManage_Handler
 .text.BusFault_Handler
                0x0000000008006f86        0x2 build/stm32f3xx_it.o
                0x0000000008006f86                BusFault_Handler
 .text.UsageFault_Handler
                0x0000000008006f88        0x2 build/stm32f3xx_it.o
                0x0000000008006f88                UsageFault_Handler
 .text.SVC_Handler
                0x0000000008006f8a        0x2 build/stm32f3xx_it.o
                0x0000000008006f8a                SVC_Handler
 .text.DebugMon_Handler
                0x0000000008006f8c        0x2 build/stm32f3xx_it.o
                0x0000000008006f8c                DebugMon_Handler
 .text.PendSV_Handler
                0x0000000008006f8e        0x2 build/stm32f3xx_it.o
                0x0000000008006f8e                PendSV_Handler
 .text.SysTick_Handler
                0x0000000008006f90        0x8 build/stm32f3xx_it.o
                0x0000000008006f90                SysTick_Handler
 .text.USART2_IRQHandler
                0x0000000008006f98       0x10 build/stm32f3xx_it.o
                0x0000000008006f98                USART2_IRQHandler
 .text.HAL_MspInit
                0x0000000008006fa8       0x30 build/stm32f3xx_hal_msp.o
                0x0000000008006fa8                HAL_MspInit
 .text.HAL_InitTick
                0x0000000008006fd8       0x4c build/stm32f3xx_hal.o
                0x0000000008006fd8                HAL_InitTick
 .text.HAL_Init
                0x0000000008007024       0x24 build/stm32f3xx_hal.o
                0x0000000008007024                HAL_Init
 .text.HAL_IncTick
                0x0000000008007048       0x18 build/stm32f3xx_hal.o
                0x0000000008007048                HAL_IncTick
 .text.HAL_GetTick
                0x0000000008007060        0xc build/stm32f3xx_hal.o
                0x0000000008007060                HAL_GetTick
 .text.HAL_Delay
                0x000000000800706c       0x28 build/stm32f3xx_hal.o
                0x000000000800706c                HAL_Delay
 .text.HAL_RCC_OscConfig
                0x0000000008007094      0x634 build/stm32f3xx_hal_rcc.o
                0x0000000008007094                HAL_RCC_OscConfig
 .text.HAL_RCC_GetSysClockFreq
                0x00000000080076c8       0x54 build/stm32f3xx_hal_rcc.o
                0x00000000080076c8                HAL_RCC_GetSysClockFreq
 .text.HAL_RCC_ClockConfig
                0x000000000800771c      0x1a8 build/stm32f3xx_hal_rcc.o
                0x000000000800771c                HAL_RCC_ClockConfig
 .text.HAL_RCC_GetHCLKFreq
                0x00000000080078c4        0xc build/stm32f3xx_hal_rcc.o
                0x00000000080078c4                HAL_RCC_GetHCLKFreq
 .text.HAL_RCC_GetPCLK1Freq
                0x00000000080078d0       0x2c build/stm32f3xx_hal_rcc.o
                0x00000000080078d0                HAL_RCC_GetPCLK1Freq
 .text.HAL_RCC_GetPCLK2Freq
                0x00000000080078fc       0x2c build/stm32f3xx_hal_rcc.o
                0x00000000080078fc                HAL_RCC_GetPCLK2Freq
 .text.HAL_RCCEx_PeriphCLKConfig
                0x0000000008007928      0x18c build/stm32f3xx_hal_rcc_ex.o
                0x0000000008007928                HAL_RCCEx_PeriphCLKConfig
 .text.HAL_GPIO_Init
                0x0000000008007ab4      0x1bc build/stm32f3xx_hal_gpio.o
                0x0000000008007ab4                HAL_GPIO_Init
 .text.HAL_GPIO_ReadPin
                0x0000000008007c70        0xe build/stm32f3xx_hal_gpio.o
                0x0000000008007c70                HAL_GPIO_ReadPin
 .text.HAL_GPIO_WritePin
                0x0000000008007c7e        0xa build/stm32f3xx_hal_gpio.o
                0x0000000008007c7e                HAL_GPIO_WritePin
 .text.HAL_DMA_Abort
                0x0000000008007c88       0x4a build/stm32f3xx_hal_dma.o
                0x0000000008007c88                HAL_DMA_Abort
 .text.HAL_DMA_Abort_IT
                0x0000000008007cd2       0x4a build/stm32f3xx_hal_dma.o
                0x0000000008007cd2                HAL_DMA_Abort_IT
 .text.HAL_NVIC_SetPriorityGrouping
                0x0000000008007d1c       0x24 build/stm32f3xx_hal_cortex.o
                0x0000000008007d1c                HAL_NVIC_SetPriorityGrouping
 .text.HAL_NVIC_SetPriority
                0x0000000008007d40       0x70 build/stm32f3xx_hal_cortex.o
                0x0000000008007d40                HAL_NVIC_SetPriority
 .text.HAL_NVIC_EnableIRQ
                0x0000000008007db0       0x1c build/stm32f3xx_hal_cortex.o
                0x0000000008007db0                HAL_NVIC_EnableIRQ
 .text.HAL_SYSTICK_Config
                0x0000000008007dcc       0x28 build/stm32f3xx_hal_cortex.o
                0x0000000008007dcc                HAL_SYSTICK_Config
 .text.UART_EndRxTransfer
                0x0000000008007df4       0x52 build/stm32f3xx_hal_uart.o
 .text.HAL_UART_TxCpltCallback
                0x0000000008007e46        0x2 build/stm32f3xx_hal_uart.o
                0x0000000008007e46                HAL_UART_TxCpltCallback
 .text.UART_EndTransmit_IT
                0x0000000008007e48       0x22 build/stm32f3xx_hal_uart.o
 .text.HAL_UART_ErrorCallback
                0x0000000008007e6a        0x2 build/stm32f3xx_hal_uart.o
                0x0000000008007e6a                HAL_UART_ErrorCallback
 .text.UART_DMAAbortOnError
                0x0000000008007e6c       0x14 build/stm32f3xx_hal_uart.o
 .text.HAL_UARTEx_RxEventCallback
                0x0000000008007e80        0x2 build/stm32f3xx_hal_uart.o
                0x0000000008007e80                HAL_UARTEx_RxEventCallback
 *fill*         0x0000000008007e82        0x2 
 .text.HAL_UART_IRQHandler
                0x0000000008007e84      0x2ec build/stm32f3xx_hal_uart.o
                0x0000000008007e84                HAL_UART_IRQHandler
 .text.UART_RxISR_8BIT
                0x0000000008008170       0xd0 build/stm32f3xx_hal_uart.o
 .text.UART_RxISR_16BIT
                0x0000000008008240       0xce build/stm32f3xx_hal_uart.o
 *fill*         0x000000000800830e        0x2 
 .text.UART_SetConfig
                0x0000000008008310      0x164 build/stm32f3xx_hal_uart.o
                0x0000000008008310                UART_SetConfig
 .text.UART_AdvFeatureConfig
                0x0000000008008474       0xca build/stm32f3xx_hal_uart.o
                0x0000000008008474                UART_AdvFeatureConfig
 .text.UART_WaitOnFlagUntilTimeout
                0x000000000800853e       0xa2 build/stm32f3xx_hal_uart.o
                0x000000000800853e                UART_WaitOnFlagUntilTimeout
 .text.HAL_UART_Transmit
                0x00000000080085e0       0xc8 build/stm32f3xx_hal_uart.o
                0x00000000080085e0                HAL_UART_Transmit
 .text.UART_CheckIdleState
                0x00000000080086a8       0xc6 build/stm32f3xx_hal_uart.o
                0x00000000080086a8                UART_CheckIdleState
 .text.HAL_UART_Init
                0x000000000800876e       0x62 build/stm32f3xx_hal_uart.o
                0x000000000800876e                HAL_UART_Init
 .text.UART_Start_Receive_IT
                0x00000000080087d0       0xd4 build/stm32f3xx_hal_uart.o
                0x00000000080087d0                UART_Start_Receive_IT
 .text.HAL_UART_Receive_IT
                0x00000000080088a4       0x40 build/stm32f3xx_hal_uart.o
                0x00000000080088a4                HAL_UART_Receive_IT
 .text.HAL_UARTEx_WakeupCallback
                0x00000000080088e4        0x2 build/stm32f3xx_hal_uart_ex.o
                0x00000000080088e4                HAL_UARTEx_WakeupCallback
 *fill*         0x00000000080088e6        0x2 
 .text.SystemInit
                0x00000000080088e8       0x14 build/system_stm32f3xx.o
                0x00000000080088e8                SystemInit
 .text._sbrk    0x00000000080088fc       0x48 build/sysmem.o
                0x00000000080088fc                _sbrk
 .text.Error_Handler
                0x0000000008008944        0x4 build/main.o
                0x0000000008008944                Error_Handler
 .text._Z18SystemClock_Configv
                0x0000000008008948       0x80 build/main.o
                0x0000000008008948                SystemClock_Config()
 .text.main     0x00000000080089c8       0x48 build/main.o
                0x00000000080089c8                main
 .text.HAL_UART_RxCpltCallback
                0x0000000008008a10       0x64 build/WioE5.o
                0x0000000008008a10                HAL_UART_RxCpltCallback
 .text._ZNSt7__cxx1112basic_stringIcSt11char_traitsIcESaIcEE12_M_constructIPKcEEvT_S8_St20forward_iterator_tag
                0x0000000008008a74       0x58 build/WioE5.o
                0x0000000008008a74                void std::__cxx11::basic_string<char, std::char_traits<char>, std::allocator<char> >::_M_construct<char const*>(char const*, char const*, std::forward_iterator_tag)
 .text._ZNSt12_Vector_baseIcSaIcEED2Ev
                0x0000000008008acc       0x14 build/WioE5.o
                0x0000000008008acc                std::_Vector_base<char, std::allocator<char> >::~_Vector_base()
                0x0000000008008acc                std::_Vector_base<char, std::allocator<char> >::~_Vector_base()
 .text._Z13serial_printfIJEEvRKNSt7__cxx1112basic_stringIcSt11char_traitsIcESaIcEEEDpT_
                0x0000000008008ae0       0x94 build/WioE5.o
                0x0000000008008ae0                void serial_printf<>(std::__cxx11::basic_string<char, std::char_traits<char>, std::allocator<char> > const&)
 .text._ZN5WioE55setupEv
                0x0000000008008b74       0x54 build/WioE5.o
                0x0000000008008b74                WioE5::setup()
 .text._ZNSt11_Deque_baseINSt7__cxx1112basic_stringIcSt11char_traitsIcESaIcEEESaIS5_EE16_M_destroy_nodesEPPS5_S9_
                0x0000000008008bc8       0x1a build/WioE5.o
                0x0000000008008bc8                std::_Deque_base<std::__cxx11::basic_string<char, std::char_traits<char>, std::allocator<char> >, std::allocator<std::__cxx11::basic_string<char, std::char_traits<char>, std::allocator<char> > > >::_M_destroy_nodes(std::__cxx11::basic_string<char, std::char_traits<char>, std::allocator<char> >**, std::__cxx11::basic_string<char, std::char_traits<char>, std::allocator<char> >**)
 .text._ZNSt11_Deque_baseINSt7__cxx1112basic_stringIcSt11char_traitsIcESaIcEEESaIS5_EED2Ev
                0x0000000008008be2       0x20 build/WioE5.o
                0x0000000008008be2                std::_Deque_base<std::__cxx11::basic_string<char, std::char_traits<char>, std::allocator<char> >, std::allocator<std::__cxx11::basic_string<char, std::char_traits<char>, std::allocator<char> > > >::~_Deque_base()
                0x0000000008008be2                std::_Deque_base<std::__cxx11::basic_string<char, std::char_traits<char>, std::allocator<char> >, std::allocator<std::__cxx11::basic_string<char, std::char_traits<char>, std::allocator<char> > > >::~_Deque_base()
 .text._ZNSt5dequeINSt7__cxx1112basic_stringIcSt11char_traitsIcESaIcEEESaIS5_EE16_M_pop_front_auxEv
                0x0000000008008c02       0x36 build/WioE5.o
                0x0000000008008c02                std::deque<std::__cxx11::basic_string<char, std::char_traits<char>, std::allocator<char> >, std::allocator<std::__cxx11::basic_string<char, std::char_traits<char>, std::allocator<char> > > >::_M_pop_front_aux()
 .text._ZNSt11_Deque_baseINSt7__cxx1112basic_stringIcSt11char_traitsIcESaIcEEESaIS5_EE15_M_create_nodesEPPS5_S9_
                0x0000000008008c38       0x3a build/WioE5.o
                0x0000000008008c38                std::_Deque_base<std::__cxx11::basic_string<char, std::char_traits<char>, std::allocator<char> >, std::allocator<std::__cxx11::basic_string<char, std::char_traits<char>, std::allocator<char> > > >::_M_create_nodes(std::__cxx11::basic_string<char, std::char_traits<char>, std::allocator<char> >**, std::__cxx11::basic_string<char, std::char_traits<char>, std::allocator<char> >**)
 *fill*         0x0000000008008c72        0x2 
 .text._ZNSt11_Deque_baseINSt7__cxx1112basic_stringIcSt11char_traitsIcESaIcEEESaIS5_EE17_M_initialize_mapEj
                0x0000000008008c74       0xcc build/WioE5.o
                0x0000000008008c74                std::_Deque_base<std::__cxx11::basic_string<char, std::char_traits<char>, std::allocator<char> >, std::allocator<std::__cxx11::basic_string<char, std::char_traits<char>, std::allocator<char> > > >::_M_initialize_map(unsigned int)
 .text._Z41__static_initialization_and_destruction_0ii
                0x0000000008008d40       0x50 build/WioE5.o
 .text._ZNSt5dequeINSt7__cxx1112basic_stringIcSt11char_traitsIcESaIcEEESaIS5_EE19_M_destroy_data_auxESt15_Deque_iteratorIS5_RS5_PS5_ESB_
                0x0000000008008d90       0xaa build/WioE5.o
                0x0000000008008d90                std::deque<std::__cxx11::basic_string<char, std::char_traits<char>, std::allocator<char> >, std::allocator<std::__cxx11::basic_string<char, std::char_traits<char>, std::allocator<char> > > >::_M_destroy_data_aux(std::_Deque_iterator<std::__cxx11::basic_string<char, std::char_traits<char>, std::allocator<char> >, std::__cxx11::basic_string<char, std::char_traits<char>, std::allocator<char> >&, std::__cxx11::basic_string<char, std::char_traits<char>, std::allocator<char> >*>, std::_Deque_iterator<std::__cxx11::basic_string<char, std::char_traits<char>, std::allocator<char> >, std::__cxx11::basic_string<char, std::char_traits<char>, std::allocator<char> >&, std::__cxx11::basic_string<char, std::char_traits<char>, std::allocator<char> >*>)
 .text._ZNSt5queueINSt7__cxx1112basic_stringIcSt11char_traitsIcESaIcEEESt5dequeIS5_SaIS5_EEED2Ev
                0x0000000008008e3a       0x56 build/WioE5.o
                0x0000000008008e3a                std::queue<std::__cxx11::basic_string<char, std::char_traits<char>, std::allocator<char> >, std::deque<std::__cxx11::basic_string<char, std::char_traits<char>, std::allocator<char> >, std::allocator<std::__cxx11::basic_string<char, std::char_traits<char>, std::allocator<char> > > > >::~queue()
                0x0000000008008e3a                std::queue<std::__cxx11::basic_string<char, std::char_traits<char>, std::allocator<char> >, std::deque<std::__cxx11::basic_string<char, std::char_traits<char>, std::allocator<char> >, std::allocator<std::__cxx11::basic_string<char, std::char_traits<char>, std::allocator<char> > > > >::~queue()
 .text._ZNSt7__cxx1112basic_stringIcSt11char_traitsIcESaIcEE12_M_constructIPcEEvT_S7_St20forward_iterator_tag
                0x0000000008008e90       0x58 build/WioE5.o
                0x0000000008008e90                void std::__cxx11::basic_string<char, std::char_traits<char>, std::allocator<char> >::_M_construct<char*>(char*, char*, std::forward_iterator_tag)
 .text._ZN5WioE54loopEv
                0x0000000008008ee8      0x118 build/WioE5.o
                0x0000000008008ee8                WioE5::loop()
 .text._ZNSt5dequeINSt7__cxx1112basic_stringIcSt11char_traitsIcESaIcEEESaIS5_EE17_M_reallocate_mapEjb
                0x0000000008009000       0xea build/WioE5.o
                0x0000000008009000                std::deque<std::__cxx11::basic_string<char, std::char_traits<char>, std::allocator<char> >, std::allocator<std::__cxx11::basic_string<char, std::char_traits<char>, std::allocator<char> > > >::_M_reallocate_map(unsigned int, bool)
 *fill*         0x00000000080090ea        0x2 
 .text._ZNSt5dequeINSt7__cxx1112basic_stringIcSt11char_traitsIcESaIcEEESaIS5_EE16_M_push_back_auxIJS5_EEEvDpOT_
                0x00000000080090ec       0xc4 build/WioE5.o
                0x00000000080090ec                void std::deque<std::__cxx11::basic_string<char, std::char_traits<char>, std::allocator<char> >, std::allocator<std::__cxx11::basic_string<char, std::char_traits<char>, std::allocator<char> > > >::_M_push_back_aux<std::__cxx11::basic_string<char, std::char_traits<char>, std::allocator<char> > >(std::__cxx11::basic_string<char, std::char_traits<char>, std::allocator<char> >&&)
 .text._ZNSt5dequeINSt7__cxx1112basic_stringIcSt11char_traitsIcESaIcEEESaIS5_EE12emplace_backIJS5_EEEvDpOT_
                0x00000000080091b0       0x56 build/WioE5.o
                0x00000000080091b0                void std::deque<std::__cxx11::basic_string<char, std::char_traits<char>, std::allocator<char> >, std::allocator<std::__cxx11::basic_string<char, std::char_traits<char>, std::allocator<char> > > >::emplace_back<std::__cxx11::basic_string<char, std::char_traits<char>, std::allocator<char> > >(std::__cxx11::basic_string<char, std::char_traits<char>, std::allocator<char> >&&)
 *fill*         0x0000000008009206        0x2 
 .text._ZN5WioE56sendATEPKc
                0x0000000008009208       0x50 build/WioE5.o
                0x0000000008009208                WioE5::sendAT(char const*)
 .text._GLOBAL__sub_I_rx_byte
                0x0000000008009258        0xe build/WioE5.o
 *fill*         0x0000000008009266        0x2 
 .text._ZN3App5setupEv
                0x0000000008009268       0x94 build/app.o
                0x0000000008009268                App::setup()
 .text._ZN3App4loopEv
                0x00000000080092fc       0x4c build/app.o
                0x00000000080092fc                App::loop()
 .text.Reset_Handler
                0x0000000008009348       0x50 build/startup_stm32f303x8.o
                0x0000000008009348                Reset_Handler
 .text.Default_Handler
                0x0000000008009398        0x2 build/startup_stm32f303x8.o
                0x0000000008009398                RTC_Alarm_IRQHandler
                0x0000000008009398                TIM1_CC_IRQHandler
                0x0000000008009398                PVD_IRQHandler
                0x0000000008009398                TAMP_STAMP_IRQHandler
                0x0000000008009398                EXTI3_IRQHandler
                0x0000000008009398                EXTI0_IRQHandler
                0x0000000008009398                FPU_IRQHandler
                0x0000000008009398                CAN_TX_IRQHandler
                0x0000000008009398                TIM1_UP_TIM16_IRQHandler
                0x0000000008009398                ADC1_2_IRQHandler
                0x0000000008009398                SPI1_IRQHandler
                0x0000000008009398                CAN_SCE_IRQHandler
                0x0000000008009398                DMA1_Channel4_IRQHandler
                0x0000000008009398                USART3_IRQHandler
                0x0000000008009398                DMA1_Channel7_IRQHandler
                0x0000000008009398                TIM7_DAC2_IRQHandler
                0x0000000008009398                CAN_RX1_IRQHandler
                0x0000000008009398                I2C1_EV_IRQHandler
                0x0000000008009398                DMA1_Channel6_IRQHandler
                0x0000000008009398                TIM3_IRQHandler
                0x0000000008009398                RCC_IRQHandler
                0x0000000008009398                DMA1_Channel1_IRQHandler
                0x0000000008009398                Default_Handler
                0x0000000008009398                EXTI15_10_IRQHandler
                0x0000000008009398                COMP2_IRQHandler
                0x0000000008009398                TIM6_DAC1_IRQHandler
                0x0000000008009398                EXTI9_5_IRQHandler
                0x0000000008009398                RTC_WKUP_IRQHandler
                0x0000000008009398                DMA1_Channel5_IRQHandler
                0x0000000008009398                EXTI4_IRQHandler
                0x0000000008009398                TIM1_TRG_COM_TIM17_IRQHandler
                0x0000000008009398                DMA1_Channel3_IRQHandler
                0x0000000008009398                WWDG_IRQHandler
                0x0000000008009398                TIM2_IRQHandler
                0x0000000008009398                EXTI1_IRQHandler
                0x0000000008009398                COMP4_6_IRQHandler
                0x0000000008009398                DMA1_Channel2_IRQHandler
                0x0000000008009398                FLASH_IRQHandler
                0x0000000008009398                USART1_IRQHandler
                0x0000000008009398                CAN_RX0_IRQHandler
                0x0000000008009398                I2C1_ER_IRQHandler
                0x0000000008009398                EXTI2_TSC_IRQHandler
                0x0000000008009398                TIM1_BRK_TIM15_IRQHandler
 .text.unlikely
                0x000000000800939a        0xc /usr/lib/gcc/arm-none-eabi/10.3.1/thumb/v7e-m+fp/hard/libgcc.a(pr-support.o)
                0x000000000800939a                _Unwind_GetDataRelBase
                0x00000000080093a0                _Unwind_GetTextRelBase
 .text.__aeabi_atexit
                0x00000000080093a6        0xa /usr/lib/gcc/arm-none-eabi/10.3.1/../../../arm-none-eabi/lib/thumb/v7e-m+fp/hard/libstdc++_nano.a(atexit_arm.o)
                0x00000000080093a6                __aeabi_atexit
 .text._ZdlPvj  0x00000000080093b0        0x4 /usr/lib/gcc/arm-none-eabi/10.3.1/../../../arm-none-eabi/lib/thumb/v7e-m+fp/hard/libstdc++_nano.a(del_ops.o)
                0x00000000080093b0                operator delete(void*, unsigned int)
 .text.__cxa_end_cleanup
                0x00000000080093b4        0xc /usr/lib/gcc/arm-none-eabi/10.3.1/../../../arm-none-eabi/lib/thumb/v7e-m+fp/hard/libstdc++_nano.a(eh_arm.o)
                0x00000000080093b4                __cxa_end_cleanup
 .text._ZN10__cxxabiv1L24__is_gxx_exception_classEPc
                0x00000000080093c0       0x3a /usr/lib/gcc/arm-none-eabi/10.3.1/../../../arm-none-eabi/lib/thumb/v7e-m+fp/hard/libstdc++_nano.a(eh_arm.o)
 *fill*         0x00000000080093fa        0x2 
 .text.__cxa_type_match
                0x00000000080093fc       0xbc /usr/lib/gcc/arm-none-eabi/10.3.1/../../../arm-none-eabi/lib/thumb/v7e-m+fp/hard/libstdc++_nano.a(eh_arm.o)
                0x00000000080093fc                __cxa_type_match
 .text.__cxa_begin_cleanup
                0x00000000080094b8       0x3a /usr/lib/gcc/arm-none-eabi/10.3.1/../../../arm-none-eabi/lib/thumb/v7e-m+fp/hard/libstdc++_nano.a(eh_arm.o)
                0x00000000080094b8                __cxa_begin_cleanup
 .text.__gnu_end_cleanup
                0x00000000080094f2       0x32 /usr/lib/gcc/arm-none-eabi/10.3.1/../../../arm-none-eabi/lib/thumb/v7e-m+fp/hard/libstdc++_nano.a(eh_arm.o)
                0x00000000080094f2                __gnu_end_cleanup
 .text._ZN10__cxxabiv1L24__is_gxx_exception_classEPc
                0x0000000008009524       0x3a /usr/lib/gcc/arm-none-eabi/10.3.1/../../../arm-none-eabi/lib/thumb/v7e-m+fp/hard/libstdc++_nano.a(eh_catch.o)
 .text.__cxa_begin_catch
                0x000000000800955e       0x52 /usr/lib/gcc/arm-none-eabi/10.3.1/../../../arm-none-eabi/lib/thumb/v7e-m+fp/hard/libstdc++_nano.a(eh_catch.o)
                0x000000000800955e                __cxa_begin_catch
 .text.__cxa_end_catch
                0x00000000080095b0       0x48 /usr/lib/gcc/arm-none-eabi/10.3.1/../../../arm-none-eabi/lib/thumb/v7e-m+fp/hard/libstdc++_nano.a(eh_catch.o)
                0x00000000080095b0                __cxa_end_catch
 .text.__cxa_get_globals_fast
                0x00000000080095f8        0x8 /usr/lib/gcc/arm-none-eabi/10.3.1/../../../arm-none-eabi/lib/thumb/v7e-m+fp/hard/libstdc++_nano.a(eh_globals.o)
                0x00000000080095f8                __cxa_get_globals_fast
 .text.__cxa_get_globals
                0x0000000008009600        0x8 /usr/lib/gcc/arm-none-eabi/10.3.1/../../../arm-none-eabi/lib/thumb/v7e-m+fp/hard/libstdc++_nano.a(eh_globals.o)
                0x0000000008009600                __cxa_get_globals
 .text._ZL12read_uleb128PKhPm
                0x0000000008009608       0x1e /usr/lib/gcc/arm-none-eabi/10.3.1/../../../arm-none-eabi/lib/thumb/v7e-m+fp/hard/libstdc++_nano.a(eh_personality.o)
 .text._ZL12read_sleb128PKhPl
                0x0000000008009626       0x30 /usr/lib/gcc/arm-none-eabi/10.3.1/../../../arm-none-eabi/lib/thumb/v7e-m+fp/hard/libstdc++_nano.a(eh_personality.o)
 .text._ZL28read_encoded_value_with_basehjPKhPj
                0x0000000008009656       0x8c /usr/lib/gcc/arm-none-eabi/10.3.1/../../../arm-none-eabi/lib/thumb/v7e-m+fp/hard/libstdc++_nano.a(eh_personality.o)
 .text._ZL21base_of_encoded_valuehP15_Unwind_Context
                0x00000000080096e2       0x48 /usr/lib/gcc/arm-none-eabi/10.3.1/../../../arm-none-eabi/lib/thumb/v7e-m+fp/hard/libstdc++_nano.a(eh_personality.o)
 .text._ZL18read_encoded_valueP15_Unwind_ContexthPKhPj
                0x000000000800972a       0x22 /usr/lib/gcc/arm-none-eabi/10.3.1/../../../arm-none-eabi/lib/thumb/v7e-m+fp/hard/libstdc++_nano.a(eh_personality.o)
 .text._ZL17parse_lsda_headerP15_Unwind_ContextPKhP16lsda_header_info
                0x000000000800974c       0x62 /usr/lib/gcc/arm-none-eabi/10.3.1/../../../arm-none-eabi/lib/thumb/v7e-m+fp/hard/libstdc++_nano.a(eh_personality.o)
 .text._Unwind_GetGR
                0x00000000080097ae       0x18 /usr/lib/gcc/arm-none-eabi/10.3.1/../../../arm-none-eabi/lib/thumb/v7e-m+fp/hard/libstdc++_nano.a(eh_personality.o)
 *fill*         0x00000000080097c6        0x2 
 .text.__gxx_personality_v0
                0x00000000080097c8      0x338 /usr/lib/gcc/arm-none-eabi/10.3.1/../../../arm-none-eabi/lib/thumb/v7e-m+fp/hard/libstdc++_nano.a(eh_personality.o)
                0x00000000080097c8                __gxx_personality_v0
 .text._ZN10__cxxabiv111__terminateEPFvvE
                0x0000000008009b00        0x8 /usr/lib/gcc/arm-none-eabi/10.3.1/../../../arm-none-eabi/lib/thumb/v7e-m+fp/hard/libstdc++_nano.a(eh_terminate.o)
                0x0000000008009b00                __cxxabiv1::__terminate(void (*)())
 .text._ZSt13get_terminatev
                0x0000000008009b08       0x10 /usr/lib/gcc/arm-none-eabi/10.3.1/../../../arm-none-eabi/lib/thumb/v7e-m+fp/hard/libstdc++_nano.a(eh_terminate.o)
                0x0000000008009b08                std::get_terminate()
 .text._ZSt9terminatev
                0x0000000008009b18        0xa /usr/lib/gcc/arm-none-eabi/10.3.1/../../../arm-none-eabi/lib/thumb/v7e-m+fp/hard/libstdc++_nano.a(eh_terminate.o)
                0x0000000008009b18                std::terminate()
 .text._ZN10__cxxabiv112__unexpectedEPFvvE
                0x0000000008009b22        0x8 /usr/lib/gcc/arm-none-eabi/10.3.1/../../../arm-none-eabi/lib/thumb/v7e-m+fp/hard/libstdc++_nano.a(eh_terminate.o)
                0x0000000008009b22                __cxxabiv1::__unexpected(void (*)())
 *fill*         0x0000000008009b2a        0x2 
 .text._ZSt14get_unexpectedv
                0x0000000008009b2c       0x10 /usr/lib/gcc/arm-none-eabi/10.3.1/../../../arm-none-eabi/lib/thumb/v7e-m+fp/hard/libstdc++_nano.a(eh_terminate.o)
                0x0000000008009b2c                std::get_unexpected()
 .text._ZSt10unexpectedv
                0x0000000008009b3c        0xa /usr/lib/gcc/arm-none-eabi/10.3.1/../../../arm-none-eabi/lib/thumb/v7e-m+fp/hard/libstdc++_nano.a(eh_terminate.o)
                0x0000000008009b3c                std::unexpected()
 .text.__cxa_rethrow
                0x0000000008009b46       0x6e /usr/lib/gcc/arm-none-eabi/10.3.1/../../../arm-none-eabi/lib/thumb/v7e-m+fp/hard/libstdc++_nano.a(eh_throw.o)
                0x0000000008009b46                __cxa_rethrow
 .text._Znwj    0x0000000008009bb4       0x22 /usr/lib/gcc/arm-none-eabi/10.3.1/../../../arm-none-eabi/lib/thumb/v7e-m+fp/hard/libstdc++_nano.a(new_op.o)
                0x0000000008009bb4                operator new(unsigned int)
 *fill*         0x0000000008009bd6        0x2 
 .text._ZN10__cxxabiv120__si_class_type_infoD2Ev
                0x0000000008009bd8       0x14 /usr/lib/gcc/arm-none-eabi/10.3.1/../../../arm-none-eabi/lib/thumb/v7e-m+fp/hard/libstdc++_nano.a(si_class_type_info.o)
                0x0000000008009bd8                __cxxabiv1::__si_class_type_info::~__si_class_type_info()
                0x0000000008009bd8                __cxxabiv1::__si_class_type_info::~__si_class_type_info()
 .text._ZN10__cxxabiv120__si_class_type_infoD0Ev
                0x0000000008009bec       0x14 /usr/lib/gcc/arm-none-eabi/10.3.1/../../../arm-none-eabi/lib/thumb/v7e-m+fp/hard/libstdc++_nano.a(si_class_type_info.o)
                0x0000000008009bec                __cxxabiv1::__si_class_type_info::~__si_class_type_info()
 .text._ZNK10__cxxabiv120__si_class_type_info20__do_find_public_srcEiPKvPKNS_17__class_type_infoES2_
                0x0000000008009c00       0x38 /usr/lib/gcc/arm-none-eabi/10.3.1/../../../arm-none-eabi/lib/thumb/v7e-m+fp/hard/libstdc++_nano.a(si_class_type_info.o)
                0x0000000008009c00                __cxxabiv1::__si_class_type_info::__do_find_public_src(int, void const*, __cxxabiv1::__class_type_info const*, void const*) const
 .text._ZNK10__cxxabiv120__si_class_type_info12__do_dyncastEiNS_17__class_type_info10__sub_kindEPKS1_PKvS4_S6_RNS1_16__dyncast_resultE
                0x0000000008009c38       0x74 /usr/lib/gcc/arm-none-eabi/10.3.1/../../../arm-none-eabi/lib/thumb/v7e-m+fp/hard/libstdc++_nano.a(si_class_type_info.o)
                0x0000000008009c38                __cxxabiv1::__si_class_type_info::__do_dyncast(int, __cxxabiv1::__class_type_info::__sub_kind, __cxxabiv1::__class_type_info const*, void const*, __cxxabiv1::__class_type_info const*, void const*, __cxxabiv1::__class_type_info::__dyncast_result&) const
 .text._ZNK10__cxxabiv120__si_class_type_info11__do_upcastEPKNS_17__class_type_infoEPKvRNS1_15__upcast_resultE
                0x0000000008009cac       0x2a /usr/lib/gcc/arm-none-eabi/10.3.1/../../../arm-none-eabi/lib/thumb/v7e-m+fp/hard/libstdc++_nano.a(si_class_type_info.o)
                0x0000000008009cac                __cxxabiv1::__si_class_type_info::__do_upcast(__cxxabiv1::__class_type_info const*, void const*, __cxxabiv1::__class_type_info::__upcast_result&) const
 .text._ZNSt9type_infoD2Ev
                0x0000000008009cd6        0x2 /usr/lib/gcc/arm-none-eabi/10.3.1/../../../arm-none-eabi/lib/thumb/v7e-m+fp/hard/libstdc++_nano.a(tinfo.o)
                0x0000000008009cd6                std::type_info::~type_info()
                0x0000000008009cd6                std::type_info::~type_info()
 .text._ZNKSt9type_info14__is_pointer_pEv
                0x0000000008009cd8        0x4 /usr/lib/gcc/arm-none-eabi/10.3.1/../../../arm-none-eabi/lib/thumb/v7e-m+fp/hard/libstdc++_nano.a(tinfo.o)
                0x0000000008009cd8                std::type_info::__is_function_p() const
                0x0000000008009cd8                std::type_info::__is_pointer_p() const
 .text._ZNKSt9type_infoeqERKS_
                0x0000000008009cdc       0x2c /usr/lib/gcc/arm-none-eabi/10.3.1/../../../arm-none-eabi/lib/thumb/v7e-m+fp/hard/libstdc++_nano.a(tinfo.o)
                0x0000000008009cdc                std::type_info::operator==(std::type_info const&) const
 .text.unlikely._ZSt17__throw_bad_allocv
                0x0000000008009d08        0x6 /usr/lib/gcc/arm-none-eabi/10.3.1/../../../arm-none-eabi/lib/thumb/v7e-m+fp/hard/libstdc++_nano.a(functexcept.o)
                0x0000000008009d08                std::__throw_bad_alloc()
 .text.unlikely._ZSt19__throw_logic_errorPKc
                0x0000000008009d0e        0x6 /usr/lib/gcc/arm-none-eabi/10.3.1/../../../arm-none-eabi/lib/thumb/v7e-m+fp/hard/libstdc++_nano.a(functexcept.o)
                0x0000000008009d0e                std::__throw_logic_error(char const*)
 .text.unlikely._ZSt20__throw_length_errorPKc
                0x0000000008009d14        0x6 /usr/lib/gcc/arm-none-eabi/10.3.1/../../../arm-none-eabi/lib/thumb/v7e-m+fp/hard/libstdc++_nano.a(functexcept.o)
                0x0000000008009d14                std::__throw_length_error(char const*)
 *fill*         0x0000000008009d1a        0x2 
 .text._ZNSt7__cxx1112basic_stringIcSt11char_traitsIcESaIcEE9_M_createERjj
                0x0000000008009d1c       0x44 /usr/lib/gcc/arm-none-eabi/10.3.1/../../../arm-none-eabi/lib/thumb/v7e-m+fp/hard/libstdc++_nano.a(string-inst.o)
                0x0000000008009d1c                std::__cxx11::basic_string<char, std::char_traits<char>, std::allocator<char> >::_M_create(unsigned int&, unsigned int)
 .text._ZNSt7__cxx1112basic_stringIcSt11char_traitsIcESaIcEE10_M_disposeEv
                0x0000000008009d60       0x10 /usr/lib/gcc/arm-none-eabi/10.3.1/../../../arm-none-eabi/lib/thumb/v7e-m+fp/hard/libstdc++_nano.a(string-inst.o)
                0x0000000008009d60                std::__cxx11::basic_string<char, std::char_traits<char>, std::allocator<char> >::_M_dispose()
 .text._ZNK10__cxxabiv117__class_type_info11__do_upcastEPKS0_PPv
                0x0000000008009d70       0x32 /usr/lib/gcc/arm-none-eabi/10.3.1/../../../arm-none-eabi/lib/thumb/v7e-m+fp/hard/libstdc++_nano.a(class_type_info.o)
                0x0000000008009d70                __cxxabiv1::__class_type_info::__do_upcast(__cxxabiv1::__class_type_info const*, void**) const
 .text._ZNK10__cxxabiv117__class_type_info20__do_find_public_srcEiPKvPKS0_S2_
                0x0000000008009da2        0xc /usr/lib/gcc/arm-none-eabi/10.3.1/../../../arm-none-eabi/lib/thumb/v7e-m+fp/hard/libstdc++_nano.a(class_type_info.o)
                0x0000000008009da2                __cxxabiv1::__class_type_info::__do_find_public_src(int, void const*, __cxxabiv1::__class_type_info const*, void const*) const
 *fill*         0x0000000008009dae        0x2 
 .text._ZN10__cxxabiv117__class_type_infoD2Ev
                0x0000000008009db0       0x14 /usr/lib/gcc/arm-none-eabi/10.3.1/../../../arm-none-eabi/lib/thumb/v7e-m+fp/hard/libstdc++_nano.a(class_type_info.o)
                0x0000000008009db0                __cxxabiv1::__class_type_info::~__class_type_info()
                0x0000000008009db0                __cxxabiv1::__class_type_info::~__class_type_info()
 .text._ZN10__cxxabiv117__class_type_infoD0Ev
                0x0000000008009dc4       0x14 /usr/lib/gcc/arm-none-eabi/10.3.1/../../../arm-none-eabi/lib/thumb/v7e-m+fp/hard/libstdc++_nano.a(class_type_info.o)
                0x0000000008009dc4                __cxxabiv1::__class_type_info::~__class_type_info()
 .text._ZNK10__cxxabiv117__class_type_info12__do_dyncastEiNS0_10__sub_kindEPKS0_PKvS3_S5_RNS0_16__dyncast_resultE
                0x0000000008009dd8       0x3e /usr/lib/gcc/arm-none-eabi/10.3.1/../../../arm-none-eabi/lib/thumb/v7e-m+fp/hard/libstdc++_nano.a(class_type_info.o)
                0x0000000008009dd8                __cxxabiv1::__class_type_info::__do_dyncast(int, __cxxabiv1::__class_type_info::__sub_kind, __cxxabiv1::__class_type_info const*, void const*, __cxxabiv1::__class_type_info const*, void const*, __cxxabiv1::__class_type_info::__dyncast_result&) const
 .text._ZNK10__cxxabiv117__class_type_info11__do_upcastEPKS0_PKvRNS0_15__upcast_resultE
                0x0000000008009e16       0x18 /usr/lib/gcc/arm-none-eabi/10.3.1/../../../arm-none-eabi/lib/thumb/v7e-m+fp/hard/libstdc++_nano.a(class_type_info.o)
                0x0000000008009e16                __cxxabiv1::__class_type_info::__do_upcast(__cxxabiv1::__class_type_info const*, void const*, __cxxabiv1::__class_type_info::__upcast_result&) const
 .text._ZNK10__cxxabiv117__class_type_info10__do_catchEPKSt9type_infoPPvj
                0x0000000008009e2e       0x2a /usr/lib/gcc/arm-none-eabi/10.3.1/../../../arm-none-eabi/lib/thumb/v7e-m+fp/hard/libstdc++_nano.a(class_type_info.o)
                0x0000000008009e2e                __cxxabiv1::__class_type_info::__do_catch(std::type_info const*, void**, unsigned int) const
 .text._ZdlPv   0x0000000008009e58        0x4 /usr/lib/gcc/arm-none-eabi/10.3.1/../../../arm-none-eabi/lib/thumb/v7e-m+fp/hard/libstdc++_nano.a(del_op.o)
                0x0000000008009e58                operator delete(void*)
 .text.startup._GLOBAL__sub_I__ZN9__gnu_cxx9__freeresEv
                0x0000000008009e5c       0x28 /usr/lib/gcc/arm-none-eabi/10.3.1/../../../arm-none-eabi/lib/thumb/v7e-m+fp/hard/libstdc++_nano.a(eh_alloc.o)
 .text._ZN10__cxxabiv1L24__is_gxx_exception_classEPc
                0x0000000008009e84       0x3a /usr/lib/gcc/arm-none-eabi/10.3.1/../../../arm-none-eabi/lib/thumb/v7e-m+fp/hard/libstdc++_nano.a(eh_call.o)
 .text.__cxa_call_terminate
                0x0000000008009ebe       0x1e /usr/lib/gcc/arm-none-eabi/10.3.1/../../../arm-none-eabi/lib/thumb/v7e-m+fp/hard/libstdc++_nano.a(eh_call.o)
                0x0000000008009ebe                __cxa_call_terminate
 .text.__cxa_call_unexpected
                0x0000000008009edc       0x28 /usr/lib/gcc/arm-none-eabi/10.3.1/../../../arm-none-eabi/lib/thumb/v7e-m+fp/hard/libstdc++_nano.a(eh_call.o)
                0x0000000008009edc                __cxa_call_unexpected
 .text._ZSt15get_new_handlerv
                0x0000000008009f04       0x10 /usr/lib/gcc/arm-none-eabi/10.3.1/../../../arm-none-eabi/lib/thumb/v7e-m+fp/hard/libstdc++_nano.a(new_handler.o)
                0x0000000008009f04                std::get_new_handler()
 *(.glue_7)
 .glue_7        0x0000000008009f14        0x0 linker stubs
 *(.glue_7t)
 .glue_7t       0x0000000008009f14        0x0 linker stubs
 *(.eh_frame)
 .eh_frame      0x0000000008009f14        0x0 /usr/lib/gcc/arm-none-eabi/10.3.1/thumb/v7e-m+fp/hard/crtbegin.o
 *(.init)
 .init          0x0000000008009f14        0x4 /usr/lib/gcc/arm-none-eabi/10.3.1/thumb/v7e-m+fp/hard/crti.o
                0x0000000008009f14                _init
 .init          0x0000000008009f18        0x8 /usr/lib/gcc/arm-none-eabi/10.3.1/thumb/v7e-m+fp/hard/crtn.o
 *(.fini)
 .fini          0x0000000008009f20        0x4 /usr/lib/gcc/arm-none-eabi/10.3.1/thumb/v7e-m+fp/hard/crti.o
                0x0000000008009f20                _fini
 .fini          0x0000000008009f24        0x8 /usr/lib/gcc/arm-none-eabi/10.3.1/thumb/v7e-m+fp/hard/crtn.o
                0x0000000008009f2c                . = ALIGN (0x4)
                0x0000000008009f2c                _etext = .

.vfp11_veneer   0x0000000008009f2c        0x0
 .vfp11_veneer  0x0000000008009f2c        0x0 linker stubs

.v4_bx          0x0000000008009f2c        0x0
 .v4_bx         0x0000000008009f2c        0x0 linker stubs

.iplt           0x0000000008009f2c        0x0
 .iplt          0x0000000008009f2c        0x0 /usr/lib/gcc/arm-none-eabi/10.3.1/thumb/v7e-m+fp/hard/crtbegin.o

.rodata         0x0000000008009f30      0x724
                0x0000000008009f30                . = ALIGN (0x4)
 *(.rodata)
 .rodata        0x0000000008009f30       0x60 /usr/lib/gcc/arm-none-eabi/10.3.1/../../../arm-none-eabi/lib/thumb/v7e-m+fp/hard/libc_nano.a(lib_a-findfp.o)
                0x0000000008009f30                __sf_fake_stderr
                0x0000000008009f50                __sf_fake_stdout
                0x0000000008009f70                __sf_fake_stdin
 .rodata        0x0000000008009f90        0x4 /usr/lib/gcc/arm-none-eabi/10.3.1/../../../arm-none-eabi/lib/thumb/v7e-m+fp/hard/libc_nano.a(lib_a-impure.o)
                0x0000000008009f90                _global_impure_ptr
 .rodata        0x0000000008009f94        0x4 /usr/lib/gcc/arm-none-eabi/10.3.1/../../../arm-none-eabi/lib/thumb/v7e-m+fp/hard/libc_nano.a(lib_a-on_exit_args.o)
                0x0000000008009f94                __on_exit_args
 .rodata        0x0000000008009f98      0x128 /usr/lib/gcc/arm-none-eabi/10.3.1/../../../arm-none-eabi/lib/thumb/v7e-m+fp/hard/libc_nano.a(lib_a-mprec.o)
                0x0000000008009fa8                __mprec_tens
                0x000000000800a070                __mprec_tinytens
                0x000000000800a098                __mprec_bigtens
 .rodata        0x000000000800a0c0      0x101 /usr/lib/gcc/arm-none-eabi/10.3.1/../../../arm-none-eabi/lib/thumb/v7e-m+fp/hard/libc_nano.a(lib_a-ctype_.o)
                0x000000000800a0c0                _ctype_
 *(.rodata*)
 *fill*         0x000000000800a1c1        0x3 
 .rodata.aPLLMULFactorTable
                0x000000000800a1c4       0x10 build/stm32f3xx_hal_rcc.o
 .rodata.aPredivFactorTable
                0x000000000800a1d4       0x10 build/stm32f3xx_hal_rcc.o
 .rodata.AHBPrescTable
                0x000000000800a1e4       0x10 build/system_stm32f3xx.o
                0x000000000800a1e4                AHBPrescTable
 .rodata.APBPrescTable
                0x000000000800a1f4        0x8 build/system_stm32f3xx.o
                0x000000000800a1f4                APBPrescTable
 .rodata._ZNSt7__cxx1112basic_stringIcSt11char_traitsIcESaIcEE12_M_constructIPKcEEvT_S8_St20forward_iterator_tag.str1.4
                0x000000000800a1fc       0x2a build/WioE5.o
 *fill*         0x000000000800a226        0x2 
 .rodata._Z13serial_printfIJEEvRKNSt7__cxx1112basic_stringIcSt11char_traitsIcESaIcEEEDpT_.str1.4
                0x000000000800a228       0x31 build/WioE5.o
 *fill*         0x000000000800a259        0x3 
 .rodata._ZN5WioE55setupEv.str1.4
                0x000000000800a25c       0x1b build/WioE5.o
 *fill*         0x000000000800a277        0x1 
 .rodata._ZN5WioE54loopEv.str1.4
                0x000000000800a278       0x11 build/WioE5.o
 *fill*         0x000000000800a289        0x3 
 .rodata._ZNSt5dequeINSt7__cxx1112basic_stringIcSt11char_traitsIcESaIcEEESaIS5_EE16_M_push_back_auxIJS5_EEEvDpOT_.str1.4
                0x000000000800a28c       0x30 build/WioE5.o
 .rodata._ZN3App5setupEv.str1.4
                0x000000000800a2bc       0xb7 build/app.o
 *fill*         0x000000000800a373        0x1 
 .rodata._ZN3App4loopEv.str1.4
                0x000000000800a374       0x3d build/app.o
 *fill*         0x000000000800a3b1        0x3 
 .rodata.str1.4
                0x000000000800a3b4       0x1c /usr/lib/gcc/arm-none-eabi/10.3.1/../../../arm-none-eabi/lib/thumb/v7e-m+fp/hard/librdimon_nano.a(rdimon-syscalls.o)
 .rodata._ZTIN10__cxxabiv115__forced_unwindE
                0x000000000800a3d0        0x8 /usr/lib/gcc/arm-none-eabi/10.3.1/../../../arm-none-eabi/lib/thumb/v7e-m+fp/hard/libstdc++_nano.a(eh_exception.o)
                0x000000000800a3d0                typeinfo for __cxxabiv1::__forced_unwind
 .rodata._ZTIN10__cxxabiv119__foreign_exceptionE
                0x000000000800a3d8        0x8 /usr/lib/gcc/arm-none-eabi/10.3.1/../../../arm-none-eabi/lib/thumb/v7e-m+fp/hard/libstdc++_nano.a(eh_exception.o)
                0x000000000800a3d8                typeinfo for __cxxabiv1::__foreign_exception
 .rodata._ZTSN10__cxxabiv115__forced_unwindE
                0x000000000800a3e0       0x20 /usr/lib/gcc/arm-none-eabi/10.3.1/../../../arm-none-eabi/lib/thumb/v7e-m+fp/hard/libstdc++_nano.a(eh_exception.o)
                0x000000000800a3e0                typeinfo name for __cxxabiv1::__forced_unwind
 .rodata._ZTSN10__cxxabiv119__foreign_exceptionE
                0x000000000800a400       0x24 /usr/lib/gcc/arm-none-eabi/10.3.1/../../../arm-none-eabi/lib/thumb/v7e-m+fp/hard/libstdc++_nano.a(eh_exception.o)
                0x000000000800a400                typeinfo name for __cxxabiv1::__foreign_exception
 .rodata._ZTIN10__cxxabiv120__si_class_type_infoE
                0x000000000800a424        0xc /usr/lib/gcc/arm-none-eabi/10.3.1/../../../arm-none-eabi/lib/thumb/v7e-m+fp/hard/libstdc++_nano.a(si_class_type_info.o)
                0x000000000800a424                typeinfo for __cxxabiv1::__si_class_type_info
 .rodata._ZTSN10__cxxabiv120__si_class_type_infoE
                0x000000000800a430       0x25 /usr/lib/gcc/arm-none-eabi/10.3.1/../../../arm-none-eabi/lib/thumb/v7e-m+fp/hard/libstdc++_nano.a(si_class_type_info.o)
                0x000000000800a430                typeinfo name for __cxxabiv1::__si_class_type_info
 *fill*         0x000000000800a455        0x3 
 .rodata._ZTVN10__cxxabiv120__si_class_type_infoE
                0x000000000800a458       0x2c /usr/lib/gcc/arm-none-eabi/10.3.1/../../../arm-none-eabi/lib/thumb/v7e-m+fp/hard/libstdc++_nano.a(si_class_type_info.o)
                0x000000000800a458                vtable for __cxxabiv1::__si_class_type_info
 .rodata._ZTISt9type_info
                0x000000000800a484        0x8 /usr/lib/gcc/arm-none-eabi/10.3.1/../../../arm-none-eabi/lib/thumb/v7e-m+fp/hard/libstdc++_nano.a(tinfo.o)
                0x000000000800a484                typeinfo for std::type_info
 .rodata._ZTSSt9type_info
                0x000000000800a48c        0xd /usr/lib/gcc/arm-none-eabi/10.3.1/../../../arm-none-eabi/lib/thumb/v7e-m+fp/hard/libstdc++_nano.a(tinfo.o)
                0x000000000800a48c                typeinfo name for std::type_info
 .rodata._ZNSt7__cxx1112basic_stringIcSt11char_traitsIcESaIcEE9_M_createERjj.str1.1
                0x000000000800a499       0x18 /usr/lib/gcc/arm-none-eabi/10.3.1/../../../arm-none-eabi/lib/thumb/v7e-m+fp/hard/libstdc++_nano.a(string-inst.o)
 *fill*         0x000000000800a4b1        0x3 
 .rodata._ZTIN10__cxxabiv117__class_type_infoE
                0x000000000800a4b4        0xc /usr/lib/gcc/arm-none-eabi/10.3.1/../../../arm-none-eabi/lib/thumb/v7e-m+fp/hard/libstdc++_nano.a(class_type_info.o)
                0x000000000800a4b4                typeinfo for __cxxabiv1::__class_type_info
 .rodata._ZTSN10__cxxabiv117__class_type_infoE
                0x000000000800a4c0       0x22 /usr/lib/gcc/arm-none-eabi/10.3.1/../../../arm-none-eabi/lib/thumb/v7e-m+fp/hard/libstdc++_nano.a(class_type_info.o)
                0x000000000800a4c0                typeinfo name for __cxxabiv1::__class_type_info
 *fill*         0x000000000800a4e2        0x2 
 .rodata._ZTVN10__cxxabiv117__class_type_infoE
                0x000000000800a4e4       0x2c /usr/lib/gcc/arm-none-eabi/10.3.1/../../../arm-none-eabi/lib/thumb/v7e-m+fp/hard/libstdc++_nano.a(class_type_info.o)
                0x000000000800a4e4                vtable for __cxxabiv1::__class_type_info
 .rodata.str1.4
                0x000000000800a510       0x12 /usr/lib/gcc/arm-none-eabi/10.3.1/../../../arm-none-eabi/lib/thumb/v7e-m+fp/hard/libc_nano.a(lib_a-nano-vfprintf_float.o)
 *fill*         0x000000000800a522        0x2 
 .rodata.str1.4
                0x000000000800a524       0x25 /usr/lib/gcc/arm-none-eabi/10.3.1/../../../arm-none-eabi/lib/thumb/v7e-m+fp/hard/libc_nano.a(lib_a-nano-vfprintf_i.o)
 *fill*         0x000000000800a549        0x3 
 .rodata.str1.4
                0x000000000800a54c       0x6d /usr/lib/gcc/arm-none-eabi/10.3.1/../../../arm-none-eabi/lib/thumb/v7e-m+fp/hard/libc_nano.a(lib_a-dtoa.o)
                                         0x71 (size before relaxing)
 *fill*         0x000000000800a5b9        0x3 
 .rodata.str1.4
                0x000000000800a5bc       0x33 /usr/lib/gcc/arm-none-eabi/10.3.1/../../../arm-none-eabi/lib/thumb/v7e-m+fp/hard/libc_nano.a(lib_a-mprec.o)
                                         0x5d (size before relaxing)
 *fill*         0x000000000800a5ef        0x1 
 .rodata.str1.4
                0x000000000800a5f0       0x13 /usr/lib/gcc/arm-none-eabi/10.3.1/../../../arm-none-eabi/lib/thumb/v7e-m+fp/hard/libc_nano.a(lib_a-nano-svfprintf.o)
 *fill*         0x000000000800a603        0x1 
 .rodata.str1.4
                0x000000000800a604       0x3f /usr/lib/gcc/arm-none-eabi/10.3.1/../../../arm-none-eabi/lib/thumb/v7e-m+fp/hard/libc_nano.a(lib_a-assert.o)
                                         0x43 (size before relaxing)
 *fill*         0x000000000800a643        0x1 
 .rodata.str1.4
                0x000000000800a644        0xe /usr/lib/gcc/arm-none-eabi/10.3.1/../../../arm-none-eabi/lib/thumb/v7e-m+fp/hard/libc_nano.a(lib_a-locale.o)
                                         0x12 (size before relaxing)
 .rodata.str1.4
                0x000000000800a652       0x13 /usr/lib/gcc/arm-none-eabi/10.3.1/../../../arm-none-eabi/lib/thumb/v7e-m+fp/hard/libc_nano.a(lib_a-nano-vfprintf.o)
                0x000000000800a668                . = ALIGN (0x4)
 *fill*         0x000000000800a652        0x2 

.ARM.extab      0x000000000800a654       0xe4
                0x000000000800a654                . = ALIGN (0x4)
 *(.ARM.extab* .gnu.linkonce.armextab.*)
 .ARM.extab.text.main
                0x000000000800a654        0xc build/main.o
 .ARM.extab.text.HAL_UART_RxCpltCallback
                0x000000000800a660        0xc build/WioE5.o
 .ARM.extab.text._ZNSt7__cxx1112basic_stringIcSt11char_traitsIcESaIcEE12_M_constructIPKcEEvT_S8_St20forward_iterator_tag
                0x000000000800a66c        0x0 build/WioE5.o
 .ARM.extab.text._ZNSt12_Vector_baseIcSaIcEED2Ev
                0x000000000800a66c        0x0 build/WioE5.o
 .ARM.extab.text._Z13serial_printfIJEEvRKNSt7__cxx1112basic_stringIcSt11char_traitsIcESaIcEEEDpT_
                0x000000000800a66c       0x19 build/WioE5.o
 *fill*         0x000000000800a685        0x3 
 .ARM.extab.text._ZN5WioE55setupEv
                0x000000000800a688       0x18 build/WioE5.o
 .ARM.extab.text._ZNSt11_Deque_baseINSt7__cxx1112basic_stringIcSt11char_traitsIcESaIcEEESaIS5_EE16_M_destroy_nodesEPPS5_S9_
                0x000000000800a6a0        0x0 build/WioE5.o
 .ARM.extab.text._ZNSt11_Deque_baseINSt7__cxx1112basic_stringIcSt11char_traitsIcESaIcEEESaIS5_EED2Ev
                0x000000000800a6a0        0x0 build/WioE5.o
 .ARM.extab.text._ZNSt5dequeINSt7__cxx1112basic_stringIcSt11char_traitsIcESaIcEEESaIS5_EE16_M_pop_front_auxEv
                0x000000000800a6a0        0x0 build/WioE5.o
 .ARM.extab.text._ZNSt11_Deque_baseINSt7__cxx1112basic_stringIcSt11char_traitsIcESaIcEEESaIS5_EE15_M_create_nodesEPPS5_S9_
                0x000000000800a6a0       0x20 build/WioE5.o
 .ARM.extab.text._ZNSt11_Deque_baseINSt7__cxx1112basic_stringIcSt11char_traitsIcESaIcEEESaIS5_EE17_M_initialize_mapEj
                0x000000000800a6c0       0x2c build/WioE5.o
 .ARM.extab.text._ZNSt5dequeINSt7__cxx1112basic_stringIcSt11char_traitsIcESaIcEEESaIS5_EE19_M_destroy_data_auxESt15_Deque_iteratorIS5_RS5_PS5_ESB_
                0x000000000800a6ec        0x0 build/WioE5.o
 .ARM.extab.text._ZNSt5queueINSt7__cxx1112basic_stringIcSt11char_traitsIcESaIcEEESt5dequeIS5_SaIS5_EEED2Ev
                0x000000000800a6ec        0x0 build/WioE5.o
 .ARM.extab.text._ZNSt7__cxx1112basic_stringIcSt11char_traitsIcESaIcEE12_M_constructIPcEEvT_S7_St20forward_iterator_tag
                0x000000000800a6ec        0x0 build/WioE5.o
 .ARM.extab.text._ZN5WioE54loopEv
                0x000000000800a6ec       0x1b build/WioE5.o
 .ARM.extab.text._ZNSt5dequeINSt7__cxx1112basic_stringIcSt11char_traitsIcESaIcEEESaIS5_EE17_M_reallocate_mapEjb
                0x000000000800a707        0x0 build/WioE5.o
 .ARM.extab.text._ZNSt5dequeINSt7__cxx1112basic_stringIcSt11char_traitsIcESaIcEEESaIS5_EE16_M_push_back_auxIJS5_EEEvDpOT_
                0x000000000800a707        0x0 build/WioE5.o
 .ARM.extab.text._ZNSt5dequeINSt7__cxx1112basic_stringIcSt11char_traitsIcESaIcEEESaIS5_EE12emplace_backIJS5_EEEvDpOT_
                0x000000000800a707        0x0 build/WioE5.o
 *fill*         0x000000000800a707        0x1 
 .ARM.extab.text._ZN5WioE56sendATEPKc
                0x000000000800a708       0x18 build/WioE5.o
 .ARM.extab     0x000000000800a720       0x18 /usr/lib/gcc/arm-none-eabi/10.3.1/thumb/v7e-m+fp/hard/libgcc.a(pr-support.o)
                0x000000000800a738                . = ALIGN (0x4)

.ARM            0x000000000800a738      0x150
                0x000000000800a738                . = ALIGN (0x4)
                0x000000000800a738                __exidx_start = .
 *(.ARM.exidx*)
 .ARM.exidx     0x000000000800a738       0x80 /usr/lib/gcc/arm-none-eabi/10.3.1/thumb/v7e-m+fp/hard/libgcc.a(unwind-arm.o)
                                         0xd8 (size before relaxing)
 .ARM.exidx     0x000000000800a7b8       0x38 /usr/lib/gcc/arm-none-eabi/10.3.1/thumb/v7e-m+fp/hard/libgcc.a(pr-support.o)
 .ARM.exidx.text.Error_Handler
                0x000000000800a7f0        0x0 build/main.o
                                          0x8 (size before relaxing)
 .ARM.exidx.text._Z18SystemClock_Configv
                0x000000000800a7f0        0x8 build/main.o
 .ARM.exidx.text.main
                0x000000000800a7f8        0x8 build/main.o
 .ARM.exidx.text.HAL_UART_RxCpltCallback
                0x000000000800a800        0x8 build/WioE5.o
 .ARM.exidx.text._ZNSt7__cxx1112basic_stringIcSt11char_traitsIcESaIcEE12_M_constructIPKcEEvT_S8_St20forward_iterator_tag
                0x000000000800a808        0x8 build/WioE5.o
 .ARM.exidx.text._ZNSt12_Vector_baseIcSaIcEED2Ev
                0x000000000800a810        0x8 build/WioE5.o
 .ARM.exidx.text._Z13serial_printfIJEEvRKNSt7__cxx1112basic_stringIcSt11char_traitsIcESaIcEEEDpT_
                0x000000000800a818        0x8 build/WioE5.o
 .ARM.exidx.text._ZN5WioE55setupEv
                0x000000000800a820        0x8 build/WioE5.o
 .ARM.exidx.text._ZNSt11_Deque_baseINSt7__cxx1112basic_stringIcSt11char_traitsIcESaIcEEESaIS5_EE16_M_destroy_nodesEPPS5_S9_
                0x000000000800a828        0x8 build/WioE5.o
 .ARM.exidx.text._ZNSt11_Deque_baseINSt7__cxx1112basic_stringIcSt11char_traitsIcESaIcEEESaIS5_EED2Ev
                0x000000000800a830        0x0 build/WioE5.o
                                          0x8 (size before relaxing)
 .ARM.exidx.text._ZNSt5dequeINSt7__cxx1112basic_stringIcSt11char_traitsIcESaIcEEESaIS5_EE16_M_pop_front_auxEv
                0x000000000800a830        0x0 build/WioE5.o
                                          0x8 (size before relaxing)
 .ARM.exidx.text._ZNSt11_Deque_baseINSt7__cxx1112basic_stringIcSt11char_traitsIcESaIcEEESaIS5_EE15_M_create_nodesEPPS5_S9_
                0x000000000800a830        0x8 build/WioE5.o
 .ARM.exidx.text._ZNSt11_Deque_baseINSt7__cxx1112basic_stringIcSt11char_traitsIcESaIcEEESaIS5_EE17_M_initialize_mapEj
                0x000000000800a838        0x8 build/WioE5.o
 .ARM.exidx.text._Z41__static_initialization_and_destruction_0ii
                0x000000000800a840        0x8 build/WioE5.o
 .ARM.exidx.text._ZNSt5dequeINSt7__cxx1112basic_stringIcSt11char_traitsIcESaIcEEESaIS5_EE19_M_destroy_data_auxESt15_Deque_iteratorIS5_RS5_PS5_ESB_
                0x000000000800a848        0x0 build/WioE5.o
                                          0x8 (size before relaxing)
 .ARM.exidx.text._ZNSt5queueINSt7__cxx1112basic_stringIcSt11char_traitsIcESaIcEEESt5dequeIS5_SaIS5_EEED2Ev
                0x000000000800a848        0x0 build/WioE5.o
                                          0x8 (size before relaxing)
 .ARM.exidx.text._ZNSt7__cxx1112basic_stringIcSt11char_traitsIcESaIcEE12_M_constructIPcEEvT_S7_St20forward_iterator_tag
                0x000000000800a848        0x8 build/WioE5.o
 .ARM.exidx.text._ZN5WioE54loopEv
                0x000000000800a850        0x8 build/WioE5.o
 .ARM.exidx.text._ZNSt5dequeINSt7__cxx1112basic_stringIcSt11char_traitsIcESaIcEEESaIS5_EE17_M_reallocate_mapEjb
                0x000000000800a858        0x8 build/WioE5.o
 .ARM.exidx.text._ZNSt5dequeINSt7__cxx1112basic_stringIcSt11char_traitsIcESaIcEEESaIS5_EE16_M_push_back_auxIJS5_EEEvDpOT_
                0x000000000800a860        0x8 build/WioE5.o
 .ARM.exidx.text._ZNSt5dequeINSt7__cxx1112basic_stringIcSt11char_traitsIcESaIcEEESaIS5_EE12emplace_backIJS5_EEEvDpOT_
                0x000000000800a868        0x0 build/WioE5.o
                                          0x8 (size before relaxing)
 .ARM.exidx.text._ZN5WioE56sendATEPKc
                0x000000000800a868        0x8 build/WioE5.o
 .ARM.exidx.text._GLOBAL__sub_I_rx_byte
                0x000000000800a870        0x8 build/WioE5.o
 .ARM.exidx.text._ZN3App5setupEv
                0x000000000800a878        0x8 build/app.o
 .ARM.exidx.text._ZN3App4loopEv
                0x000000000800a880        0x8 build/app.o
 .ARM.exidx.text.unlikely
                0x000000000800a888        0x0 /usr/lib/gcc/arm-none-eabi/10.3.1/thumb/v7e-m+fp/hard/libgcc.a(pr-support.o)
                                         0x10 (size before relaxing)
                0x000000000800a888                __exidx_end = .
                0x000000000800a888                . = ALIGN (0x4)

.preinit_array  0x000000000800a888        0x0
                0x000000000800a888                . = ALIGN (0x4)
                0x000000000800a888                PROVIDE (__preinit_array_start = .)
 *(.preinit_array*)
                0x000000000800a888                PROVIDE (__preinit_array_end = .)
                0x000000000800a888                . = ALIGN (0x4)

.init_array     0x000000000800a888        0xc
                0x000000000800a888                . = ALIGN (0x4)
                0x000000000800a888                PROVIDE (__init_array_start = .)
 *(SORT_BY_NAME(.init_array.*))
 *(.init_array*)
 .init_array    0x000000000800a888        0x4 /usr/lib/gcc/arm-none-eabi/10.3.1/thumb/v7e-m+fp/hard/crtbegin.o
 .init_array    0x000000000800a88c        0x4 build/WioE5.o
 .init_array    0x000000000800a890        0x4 /usr/lib/gcc/arm-none-eabi/10.3.1/../../../arm-none-eabi/lib/thumb/v7e-m+fp/hard/libstdc++_nano.a(eh_alloc.o)
                0x000000000800a894                PROVIDE (__init_array_end = .)
                0x000000000800a894                . = ALIGN (0x4)

.fini_array     0x000000000800a894        0x4
                0x000000000800a894                . = ALIGN (0x4)
                0x000000000800a894                PROVIDE (__fini_array_start = .)
 *(SORT_BY_NAME(.fini_array.*))
 *(.fini_array*)
 .fini_array    0x000000000800a894        0x4 /usr/lib/gcc/arm-none-eabi/10.3.1/thumb/v7e-m+fp/hard/crtbegin.o
                0x000000000800a898                PROVIDE (__fini_array_end = .)
                0x000000000800a898                . = ALIGN (0x4)
                0x000000000800a898                _sidata = LOADADDR (.data)

.rel.dyn        0x000000000800a898        0x0
 .rel.iplt      0x000000000800a898        0x0 /usr/lib/gcc/arm-none-eabi/10.3.1/thumb/v7e-m+fp/hard/crtbegin.o

.data           0x0000000020000000      0x1f4 load address 0x000000000800a898
                0x0000000020000000                . = ALIGN (0x4)
                0x0000000020000000                _sdata = .
 *(.data)
 .data          0x0000000020000000        0x4 /usr/lib/gcc/arm-none-eabi/10.3.1/thumb/v7e-m+fp/hard/crtbegin.o
                0x0000000020000000                __dso_handle
 .data          0x0000000020000004        0xc /usr/lib/gcc/arm-none-eabi/10.3.1/../../../arm-none-eabi/lib/thumb/v7e-m+fp/hard/librdimon_nano.a(rdimon-syscalls.o)
                0x0000000020000004                __heap_limit
 .data          0x0000000020000010       0x64 /usr/lib/gcc/arm-none-eabi/10.3.1/../../../arm-none-eabi/lib/thumb/v7e-m+fp/hard/libc_nano.a(lib_a-impure.o)
                0x0000000020000010                _impure_ptr
 .data          0x0000000020000074      0x16c /usr/lib/gcc/arm-none-eabi/10.3.1/../../../arm-none-eabi/lib/thumb/v7e-m+fp/hard/libc_nano.a(lib_a-locale.o)
                0x0000000020000074                __global_locale
 *(.data*)
 .data.uwTickFreq
                0x00000000200001e0        0x1 build/stm32f3xx_hal.o
                0x00000000200001e0                uwTickFreq
 *fill*         0x00000000200001e1        0x3 
 .data.uwTickPrio
                0x00000000200001e4        0x4 build/stm32f3xx_hal.o
                0x00000000200001e4                uwTickPrio
 .data.SystemCoreClock
                0x00000000200001e8        0x4 build/system_stm32f3xx.o
                0x00000000200001e8                SystemCoreClock
 .data._ZN10__cxxabiv120__unexpected_handlerE
                0x00000000200001ec        0x4 /usr/lib/gcc/arm-none-eabi/10.3.1/../../../arm-none-eabi/lib/thumb/v7e-m+fp/hard/libstdc++_nano.a(eh_unex_handler.o)
                0x00000000200001ec                __cxxabiv1::__unexpected_handler
 .data._ZN10__cxxabiv119__terminate_handlerE
                0x00000000200001f0        0x4 /usr/lib/gcc/arm-none-eabi/10.3.1/../../../arm-none-eabi/lib/thumb/v7e-m+fp/hard/libstdc++_nano.a(eh_term_handler.o)
                0x00000000200001f0                __cxxabiv1::__terminate_handler
 *(.RamFunc)
 *(.RamFunc*)
                0x00000000200001f4                . = ALIGN (0x4)
                0x00000000200001f4                _edata = .
                0x000000000800aa8c                _siccmram = LOADADDR (.ccmram)

.tm_clone_table
                0x00000000200001f4        0x0 load address 0x000000000800aa8c
 .tm_clone_table
                0x00000000200001f4        0x0 /usr/lib/gcc/arm-none-eabi/10.3.1/thumb/v7e-m+fp/hard/crtbegin.o
 .tm_clone_table
                0x00000000200001f4        0x0 /usr/lib/gcc/arm-none-eabi/10.3.1/thumb/v7e-m+fp/hard/crtend.o

.igot.plt       0x00000000200001f4        0x0 load address 0x000000000800aa8c
 .igot.plt      0x00000000200001f4        0x0 /usr/lib/gcc/arm-none-eabi/10.3.1/thumb/v7e-m+fp/hard/crtbegin.o

.ccmram         0x0000000010000000        0x0 load address 0x000000000800aa8c
                0x0000000010000000                . = ALIGN (0x4)
                0x0000000010000000                _sccmram = .
 *(.ccmram)
 *(.ccmram*)
                0x0000000010000000                . = ALIGN (0x4)
                0x0000000010000000                _eccmram = .
                0x0000000010000000                . = ALIGN (0x4)

.bss            0x00000000200001f4      0x7e8
                0x00000000200001f4                _sbss = .
                0x00000000200001f4                __bss_start__ = _sbss
 *(.bss)
 .bss           0x00000000200001f4       0x1c /usr/lib/gcc/arm-none-eabi/10.3.1/thumb/v7e-m+fp/hard/crtbegin.o
 .bss           0x0000000020000210       0xb0 /usr/lib/gcc/arm-none-eabi/10.3.1/../../../arm-none-eabi/lib/thumb/v7e-m+fp/hard/librdimon_nano.a(rdimon-syscalls.o)
 .bss           0x00000000200002c0        0x8 /usr/lib/gcc/arm-none-eabi/10.3.1/../../../arm-none-eabi/lib/thumb/v7e-m+fp/hard/libc_nano.a(lib_a-nano-mallocr.o)
                0x00000000200002c0                __malloc_free_list
                0x00000000200002c4                __malloc_sbrk_start
 .bss           0x00000000200002c8      0x108 /usr/lib/gcc/arm-none-eabi/10.3.1/../../../arm-none-eabi/lib/thumb/v7e-m+fp/hard/libc_nano.a(lib_a-on_exit_args.o)
 .bss           0x00000000200003d0       0x8c /usr/lib/gcc/arm-none-eabi/10.3.1/../../../arm-none-eabi/lib/thumb/v7e-m+fp/hard/libc_nano.a(lib_a-__atexit.o)
 .bss           0x000000002000045c        0x4 /usr/lib/gcc/arm-none-eabi/10.3.1/../../../arm-none-eabi/lib/thumb/v7e-m+fp/hard/libc_nano.a(lib_a-__call_atexit.o)
                0x000000002000045c                _global_atexit
 .bss           0x0000000020000460        0x4 /usr/lib/gcc/arm-none-eabi/10.3.1/../../../arm-none-eabi/lib/thumb/v7e-m+fp/hard/libc_nano.a(lib_a-reent.o)
                0x0000000020000460                errno
 *(.bss*)
 .bss.huart1    0x0000000020000464       0x88 build/usart.o
                0x0000000020000464                huart1
 .bss.huart2    0x00000000200004ec       0x88 build/usart.o
                0x00000000200004ec                huart2
 .bss.uwTick    0x0000000020000574        0x4 build/stm32f3xx_hal.o
                0x0000000020000574                uwTick
 .bss.__sbrk_heap_end
                0x0000000020000578        0x4 build/sysmem.o
 .bss.app       0x000000002000057c        0xc build/main.o
                0x000000002000057c                app
 .bss.wioE5     0x0000000020000588        0x1 build/main.o
                0x0000000020000588                wioE5
 *fill*         0x0000000020000589        0x3 
 .bss._Z10atCmdQueueB5cxx11
                0x000000002000058c       0x28 build/WioE5.o
                0x000000002000058c                atCmdQueue[abi:cxx11]
 .bss.atBusy    0x00000000200005b4        0x1 build/WioE5.o
                0x00000000200005b4                atBusy
 *fill*         0x00000000200005b5        0x3 
 .bss.rxBuffer  0x00000000200005b8      0x400 build/WioE5.o
                0x00000000200005b8                rxBuffer
 .bss.rxIndex   0x00000000200009b8        0x2 build/WioE5.o
                0x00000000200009b8                rxIndex
 .bss.rxReady   0x00000000200009ba        0x1 build/WioE5.o
                0x00000000200009ba                rxReady
 .bss.rx_byte   0x00000000200009bb        0x1 build/WioE5.o
                0x00000000200009bb                rx_byte
 .bss._ZL10eh_globals
                0x00000000200009bc        0xc /usr/lib/gcc/arm-none-eabi/10.3.1/../../../arm-none-eabi/lib/thumb/v7e-m+fp/hard/libstdc++_nano.a(eh_globals.o)
 .bss._ZN12_GLOBAL__N_114emergency_poolE
                0x00000000200009c8       0x10 /usr/lib/gcc/arm-none-eabi/10.3.1/../../../arm-none-eabi/lib/thumb/v7e-m+fp/hard/libstdc++_nano.a(eh_alloc.o)
 .bss._ZN12_GLOBAL__N_113__new_handlerE
                0x00000000200009d8        0x4 /usr/lib/gcc/arm-none-eabi/10.3.1/../../../arm-none-eabi/lib/thumb/v7e-m+fp/hard/libstdc++_nano.a(new_handler.o)
 *(COMMON)
                0x00000000200009dc                . = ALIGN (0x4)
                0x00000000200009dc                _ebss = .
                0x00000000200009dc                __bss_end__ = _ebss

._user_heap_stack
                0x00000000200009dc      0x604
                0x00000000200009e0                . = ALIGN (0x8)
 *fill*         0x00000000200009dc        0x4 
                0x00000000200009e0                PROVIDE (end = .)
                0x00000000200009e0                PROVIDE (_end = .)
                0x0000000020000be0                . = (. + _Min_Heap_Size)
 *fill*         0x00000000200009e0      0x200 
                0x0000000020000fe0                . = (. + _Min_Stack_Size)
 *fill*         0x0000000020000be0      0x400 
                0x0000000020000fe0                . = ALIGN (0x8)

/DISCARD/
 libc.a(*)
 libm.a(*)
 libgcc.a(*)
OUTPUT(build/RemoteSwitchBoard.elf elf32-littlearm)
LOAD linker stubs
LOAD /usr/lib/gcc/arm-none-eabi/10.3.1/../../../arm-none-eabi/lib/thumb/v7e-m+fp/hard/libc.a
LOAD /usr/lib/gcc/arm-none-eabi/10.3.1/../../../arm-none-eabi/lib/thumb/v7e-m+fp/hard/libm.a
LOAD /usr/lib/gcc/arm-none-eabi/10.3.1/thumb/v7e-m+fp/hard/libgcc.a

.ARM.attributes
                0x0000000000000000       0x30
 .ARM.attributes
                0x0000000000000000       0x1e /usr/lib/gcc/arm-none-eabi/10.3.1/thumb/v7e-m+fp/hard/crti.o
 .ARM.attributes
                0x000000000000001e       0x34 /usr/lib/gcc/arm-none-eabi/10.3.1/thumb/v7e-m+fp/hard/crtbegin.o
 .ARM.attributes
                0x0000000000000052       0x34 build/gpio.o
 .ARM.attributes
                0x0000000000000086       0x34 build/usart.o
 .ARM.attributes
                0x00000000000000ba       0x34 build/stm32f3xx_it.o
 .ARM.attributes
                0x00000000000000ee       0x34 build/stm32f3xx_hal_msp.o
 .ARM.attributes
                0x0000000000000122       0x34 build/stm32f3xx_hal.o
 .ARM.attributes
                0x0000000000000156       0x34 build/stm32f3xx_hal_rcc.o
 .ARM.attributes
                0x000000000000018a       0x34 build/stm32f3xx_hal_rcc_ex.o
 .ARM.attributes
                0x00000000000001be       0x34 build/stm32f3xx_hal_gpio.o
 .ARM.attributes
                0x00000000000001f2       0x34 build/stm32f3xx_hal_dma.o
 .ARM.attributes
                0x0000000000000226       0x34 build/stm32f3xx_hal_cortex.o
 .ARM.attributes
                0x000000000000025a       0x34 build/stm32f3xx_hal_uart.o
 .ARM.attributes
                0x000000000000028e       0x34 build/stm32f3xx_hal_uart_ex.o